Microchip MPLAB XC8 Compiler V1.36 ()

Linker command line:

--edf=/opt/microchip/xc8/v1.36/dat/en_msgs.txt -cs \
  -h+dist/Offset/production/LoRaMote.X.production.sym \
  --cmf=dist/Offset/production/LoRaMote.X.production.cmf -z -Q18LF25K50 \
  -o/tmp/xcX6gVjjc -Mdist/Offset/production/LoRaMote.X.production.map -E1 \
  -ver=XC8 --acfsm=1493 -ASTACK=0580h-07ffh -pstack=STACK \
  -ACODE=01000h-01005h,01008h-01015h,01018h-07FFFh \
  -ACONST=01000h-01005h,01008h-01015h,01018h-07FFFh \
  -ASMALLCONST=01000h-01005h,01008h-01015h,01018h-010FFh,01100h-011FFhx111 \
  -AMEDIUMCONST=01000h-01005h,01008h-01015h,01018h-07FFFh -ACOMRAM=01h-05Fh \
  -AABS1=00h-07FFh -ABIGRAM=01h-07FFh -ARAM=060h-0FFh,0100h-01FFhx7 \
  -ABANK0=060h-0FFh -ABANK1=0100h-01FFh -ABANK2=0200h-02FFh \
  -ABANK3=0300h-03FFh -ABANK4=0400h-04FFh -ABANK5=0500h-05FFh \
  -ABANK6=0600h-06FFh -ABANK7=0700h-07FFh -ASFR=0F53h-0F5Fh,0F60h-0FFFh \
  -preset_vec=01000h,intcode=01008h,intcodelo,powerup,init,end_init \
  -pramtop=0800h -psmallconst=SMALLCONST -pmediumconst=MEDIUMCONST \
  -pconst=CONST -AFARRAM=00h-00h -ACONFIG=0300000h-030000Dh -pconfig=CONFIG \
  -AIDLOC=0200000h-0200007h -pidloc=IDLOC -AEEDATA=0F00000h-0F000FFh \
  -peeprom_data=EEDATA \
  -prdata=COMRAM,nvrram=COMRAM,nvbit=COMRAM,rbss=COMRAM,rbit=COMRAM \
  -pfarbss=FARRAM,fardata=FARRAM,nvFARRAM=FARRAM \
  -pintsave_regs=BIGRAM,bigbss=BIGRAM,bigdata=BIGRAM -pbss=RAM \
  -pidata=CODE,irdata=CODE,ibigdata=CODE,ifardata=CODE -prparam=COMRAM \
  /tmp/xcXWcFm5N.obj dist/Offset/production/LoRaMote.X.production.obj 

Object code version is 3.11

Machine type is 18LF25K50

Call graph: (short form)




                Name                               Link     Load   Length Selector   Space Scale
/tmp/xcXWcFm5N.obj
                end_init                           10AA     10AA        4      804       0
                reset_vec                          1000     1000        4      800       0
                idloc                            200000   200000        8   200000       0
                config                           300000   300000        E   300000       0
dist/Offset/production/LoRaMote.X.production.obj
                intcode                            1008     1008       A2      804       0
                temp                                 5A       5A        1        1       1
                mediumconst                        777E     777E      882     3BBF       0
                text118                            3AFC     3AFC        4     1D7E       0
                text117                            3E5C     3E5C       2A     1F2E       0
                text116                            3DE4     3DE4       28     1EF2       0
                text115                            3B38     3B38        C     1D9C       0
                text114                            3B10     3B10        6     1D88       0
                text113                            4840     4840       76     2420       0
                text112                            3F06     3F06       2E     1F83       0
                text111                            43C2     43C2       54     21E1       0
                text110                            53D2     53D2       C2     29E9       0
                text109                            5494     5494       D0     2A4A       0
                text108                            5256     5256       BC     292B       0
                text107                            601A     601A      120     300D       0
                text106                            4370     4370       52     21B8       0
                text105                            4AB2     4AB2       8E     2559       0
                text104                            4BCE     4BCE       90     25E7       0
                text103                            402A     402A       36     2015       0
                text102                            4EDC     4EDC       AE     276E       0
                text101                            4416     4416       54     220B       0
                text100                            4096     4096       38     204B       0
                text99                             41F8     41F8       4A     20FC       0
                text98                             66B0     66B0      22A     3358       0
                text97                             5AC6     5AC6      102     2D63       0
                text96                             4A28     4A28       8A     2514       0
                text95                             3E86     3E86       2A     1F43       0
                text94                             503A     503A       B2     281D       0
                text93                             4D98     4D98       A2     26CC       0
                text92                             4B40     4B40       8E     25A0       0
                text91                             563C     563C       E4     2B1E       0
                text90                             456C     456C       5E     22B6       0
                text89                             50EC     50EC       B2     2876       0
                text88                             417C     417C       3E     20BE       0
                text87                             3C7C     3C7C       1E     1E3E       0
                text86                             3D74     3D74       24     1EBA       0
                text85                             5720     5720       E4     2B90       0
                text84                             5BC8     5BC8      108     2DE4       0
                text83                             3B16     3B16        6     1D8B       0
                text81                             3BCC     3BCC       14     1DE6       0
                text80                             3B24     3B24        A     1D92       0
                text79                             3C1C     3C1C       16     1E0E       0
                text78                             3B96     3B96       12     1DCB       0
                text77                             3C32     3C32       16     1E19       0
                text76                             4322     4322       4E     2191       0
                text75                             3B68     3B68        E     1DB4       0
                text74                             3B00     3B00        4     1D80       0
                text73                             3F90     3F90       32     1FC8       0
                text72                             3B04     3B04        4     1D82       0
                text71                             3B76     3B76       10     1DBB       0
                text70                             3C60     3C60       1C     1E30       0
                text69                             3EDA     3EDA       2C     1F6D       0
                text68                             3EB0     3EB0       2A     1F58       0
                text67                             5804     5804       E6     2C02       0
                text66                             4F8A     4F8A       B0     27C5       0
                text65                             5CD0     5CD0      112     2E68       0
                text64                             3FC2     3FC2       34     1FE1       0
                text63                             3FF6     3FF6       34     1FFB       0
                text62                             3AF8     3AF8        2     1D7C       0
                text61                             3B08     3B08        4     1D84       0
                text60                             4CFA     4CFA       9E     267D       0
                text59                             3C9A     3C9A       1E     1E4D       0
                text58                             519E     519E       B8     28CF       0
                text57                             3B86     3B86       10     1DC3       0
                text56                             3B44     3B44        C     1DA2       0
                text55                             3CB8     3CB8       1E     1E5C       0
                text54                             3BE0     3BE0       14     1DF0       0
                text53                             3B50     3B50        C     1DA8       0
                text52                             48B6     48B6       76     245B       0
                text51                             3CD6     3CD6       1E     1E6B       0
                text50                             3C48     3C48       18     1E24       0
                text49                             462E     462E       66     2317       0
                text48                             492C     492C       78     2496       0
                text47                             3B2E     3B2E        A     1D97       0
                text46                             3BF4     3BF4       14     1DFA       0
                text45                             3B0C     3B0C        4     1D86       0
                text44                             41BA     41BA       3E     20DD       0
                text43                             58EA     58EA       E8     2C75       0
                text42                             40CE     40CE       3A     2067       0
                text41                             4108     4108       3A     2084       0
                text40                             64C8     64C8      1E8     3264       0
                text39                             68DA     68DA      2A4     346D       0
                text38                             4C5E     4C5E       9C     262F       0
                text37                             5DE2     5DE2      11A     2EF1       0
                text36                             3E0C     3E0C       28     1F06       0
                text35                             4142     4142       3A     20A1       0
                text34                             5564     5564       D8     2AB2       0
                text33                             3C08     3C08       14     1E04       0
                text32                             3BA8     3BA8       12     1DD4       0
                text31                             3D30     3D30       22     1E98       0
                text30                             3B5C     3B5C        C     1DAE       0
                text29                             446A     446A       54     2235       0
                text28                             4242     4242       4A     2121       0
                text27                             3D98     3D98       26     1ECC       0
                text26                             3CF4     3CF4       1E     1E7A       0
                text25                             6B7E     6B7E      2E2     35BF       0
                text24                             49A4     49A4       84     24D2       0
                text23                             4694     4694       68     234A       0
                text22                             6E60     6E60      91E     3730       0
                text21                             3D52     3D52       22     1EA9       0
                text20                             3B1C     3B1C        8     1D8E       0
                text19                             3F34     3F34       2E     1F9A       0
                text18                             3F62     3F62       2E     1FB1       0
                text17                             428C     428C       4A     2146       0
                text16                             45CA     45CA       64     22E5       0
                text15                             3D12     3D12       1E     1E89       0
                text14                             3BBA     3BBA       12     1DDD       0
                text13                             46FC     46FC       6A     237E       0
                text12                             5EFC     5EFC      11E     2F7E       0
                text11                             4060     4060       36     2030       0
                text10                             3E34     3E34       28     1F1A       0
                text9                              4766     4766       6C     23B3       0
                text8                              42D6     42D6       4C     216B       0
                text7                              59D2     59D2       F4     2CE9       0
                text6                              4512     4512       5A     2289       0
                text5                              3DBE     3DBE       26     1EDF       0
                text4                              4E3A     4E3A       A2     271D       0
                text3                              613A     613A      1A8     309D       0
                text2                              44BE     44BE       54     225F       0
                text1                              62E2     62E2      1E6     3171       0
                text0                              5312     5312       C0     2989       0
                cstackCOMRAM                         2E       2E       2C        1       1
                cstackBANK0                          60       60       94       60       1
                cstackBANK2                         280      280        9      200       1
                bssBANK2                            200      200       80      200       1
                dataBANK1                           1FD      1FD        2      100       1
                bssBANK1                            100      100       FD      100       1
                dataBANK0                            F9       F9        2       60       1
                bssBANK0                             F4       F4        5       60       1
                bssCOMRAM                             1        1       2D        1       1
                cinit                              47D2     47D2       6E     23E9       0
                idataBANK1                         3AFA     3AFA        2     3AFA       0
                idataBANK0                         1004     1004        2      800       0

TOTAL           Name                               Link     Load   Length     Space
        CLASS   STACK          

        CLASS   CODE           
                end_init                           10AA     10AA        4         0
                intcode                            1008     1008       A2         0
                reset_vec                          1000     1000        4         0
                text118                            3AFC     3AFC        4         0
                text117                            3E5C     3E5C       2A         0
                text116                            3DE4     3DE4       28         0
                text115                            3B38     3B38        C         0
                text114                            3B10     3B10        6         0
                text113                            4840     4840       76         0
                text112                            3F06     3F06       2E         0
                text111                            43C2     43C2       54         0
                text110                            53D2     53D2       C2         0
                text109                            5494     5494       D0         0
                text108                            5256     5256       BC         0
                text107                            601A     601A      120         0
                text106                            4370     4370       52         0
                text105                            4AB2     4AB2       8E         0
                text104                            4BCE     4BCE       90         0
                text103                            402A     402A       36         0
                text102                            4EDC     4EDC       AE         0
                text101                            4416     4416       54         0
                text100                            4096     4096       38         0
                text99                             41F8     41F8       4A         0
                text98                             66B0     66B0      22A         0
                text97                             5AC6     5AC6      102         0
                text96                             4A28     4A28       8A         0
                text95                             3E86     3E86       2A         0
                text94                             503A     503A       B2         0
                text93                             4D98     4D98       A2         0
                text92                             4B40     4B40       8E         0
                text91                             563C     563C       E4         0
                text90                             456C     456C       5E         0
                text89                             50EC     50EC       B2         0
                text88                             417C     417C       3E         0
                text87                             3C7C     3C7C       1E         0
                text86                             3D74     3D74       24         0
                text85                             5720     5720       E4         0
                text84                             5BC8     5BC8      108         0
                text83                             3B16     3B16        6         0
                text81                             3BCC     3BCC       14         0
                text80                             3B24     3B24        A         0
                text79                             3C1C     3C1C       16         0
                text78                             3B96     3B96       12         0
                text77                             3C32     3C32       16         0
                text76                             4322     4322       4E         0
                text75                             3B68     3B68        E         0
                text74                             3B00     3B00        4         0
                text73                             3F90     3F90       32         0
                text72                             3B04     3B04        4         0
                text71                             3B76     3B76       10         0
                text70                             3C60     3C60       1C         0
                text69                             3EDA     3EDA       2C         0
                text68                             3EB0     3EB0       2A         0
                text67                             5804     5804       E6         0
                text66                             4F8A     4F8A       B0         0
                text65                             5CD0     5CD0      112         0
                text64                             3FC2     3FC2       34         0
                text63                             3FF6     3FF6       34         0
                text62                             3AF8     3AF8        2         0
                text61                             3B08     3B08        4         0
                text60                             4CFA     4CFA       9E         0
                text59                             3C9A     3C9A       1E         0
                text58                             519E     519E       B8         0
                text57                             3B86     3B86       10         0
                text56                             3B44     3B44        C         0
                text55                             3CB8     3CB8       1E         0
                text54                             3BE0     3BE0       14         0
                text53                             3B50     3B50        C         0
                text52                             48B6     48B6       76         0
                text51                             3CD6     3CD6       1E         0
                text50                             3C48     3C48       18         0
                text49                             462E     462E       66         0
                text48                             492C     492C       78         0
                text47                             3B2E     3B2E        A         0
                text46                             3BF4     3BF4       14         0
                text45                             3B0C     3B0C        4         0
                text44                             41BA     41BA       3E         0
                text43                             58EA     58EA       E8         0
                text42                             40CE     40CE       3A         0
                text41                             4108     4108       3A         0
                text40                             64C8     64C8      1E8         0
                text39                             68DA     68DA      2A4         0
                text38                             4C5E     4C5E       9C         0
                text37                             5DE2     5DE2      11A         0
                text36                             3E0C     3E0C       28         0
                text35                             4142     4142       3A         0
                text34                             5564     5564       D8         0
                text33                             3C08     3C08       14         0
                text32                             3BA8     3BA8       12         0
                text31                             3D30     3D30       22         0
                text30                             3B5C     3B5C        C         0
                text29                             446A     446A       54         0
                text28                             4242     4242       4A         0
                text27                             3D98     3D98       26         0
                text26                             3CF4     3CF4       1E         0
                text25                             6B7E     6B7E      2E2         0
                text24                             49A4     49A4       84         0
                text23                             4694     4694       68         0
                text22                             6E60     6E60      91E         0
                text21                             3D52     3D52       22         0
                text20                             3B1C     3B1C        8         0
                text19                             3F34     3F34       2E         0
                text18                             3F62     3F62       2E         0
                text17                             428C     428C       4A         0
                text16                             45CA     45CA       64         0
                text15                             3D12     3D12       1E         0
                text14                             3BBA     3BBA       12         0
                text13                             46FC     46FC       6A         0
                text12                             5EFC     5EFC      11E         0
                text11                             4060     4060       36         0
                text10                             3E34     3E34       28         0
                text9                              4766     4766       6C         0
                text8                              42D6     42D6       4C         0
                text7                              59D2     59D2       F4         0
                text6                              4512     4512       5A         0
                text5                              3DBE     3DBE       26         0
                text4                              4E3A     4E3A       A2         0
                text3                              613A     613A      1A8         0
                text2                              44BE     44BE       54         0
                text1                              62E2     62E2      1E6         0
                text0                              5312     5312       C0         0
                cinit                              47D2     47D2       6E         0
                idataBANK1                         3AFA     3AFA        2         0
                idataBANK0                         1004     1004        2         0

        CLASS   CONST          

        CLASS   SMALLCONST     

        CLASS   MEDIUMCONST    
                mediumconst                        777E     777E      882         0

        CLASS   COMRAM         
                temp                                 5A       5A        1         1
                cstackCOMRAM                         2E       2E       2C         1
                bssCOMRAM                             1        1       2D         1

        CLASS   ABS1           
                abs_s1                              400      400       40         1
                abs_s1                              500      500       80         1

        CLASS   BIGRAM         

        CLASS   RAM            

        CLASS   BANK0          
                cstackBANK0                          60       60       94         1
                dataBANK0                            F9       F9        2         1
                bssBANK0                             F4       F4        5         1

        CLASS   BANK1          
                dataBANK1                           1FD      1FD        2         1
                bssBANK1                            100      100       FD         1

        CLASS   BANK2          
                cstackBANK2                         280      280        9         1
                bssBANK2                            200      200       80         1

        CLASS   BANK3          

        CLASS   BANK4          

        CLASS   BANK5          

        CLASS   BANK6          

        CLASS   BANK7          

        CLASS   SFR            

        CLASS   FARRAM         

        CLASS   CONFIG         
                config                           300000   300000        E         0

        CLASS   IDLOC          
                idloc                            200000   200000        8         0

        CLASS   EEDATA         



SEGMENTS        Name                           Load    Length   Top    Selector   Space  Class

                bssCOMRAM                      000001  00005A  00005B         1       1  COMRAM  
                cstackBANK0                    000060  00009B  0000FB        60       1  BANK0   
                bssBANK1                       000100  0000FF  0001FF       100       1  BANK1   
                bssBANK2                       000200  000089  000289       200       1  BANK2   
                reset_vec                      001000  000006  001006       800       0  CODE    
                intcode                        001008  0000A6  0010AE       804       0  CODE    
                text62                         003AF8  000002  003AFA      1D7C       0  CODE    
                idataBANK1                     003AFA  000002  003AFC      3AFA       0  CODE    
                text118                        003AFC  000004  003B00      1D7E       0  CODE    
                text74                         003B00  000004  003B04      1D80       0  CODE    
                text72                         003B04  000004  003B08      1D82       0  CODE    
                text61                         003B08  000004  003B0C      1D84       0  CODE    
                text45                         003B0C  000004  003B10      1D86       0  CODE    
                text114                        003B10  000006  003B16      1D88       0  CODE    
                text83                         003B16  000006  003B1C      1D8B       0  CODE    
                text20                         003B1C  000008  003B24      1D8E       0  CODE    
                text80                         003B24  00000A  003B2E      1D92       0  CODE    
                text47                         003B2E  00000A  003B38      1D97       0  CODE    
                text115                        003B38  00000C  003B44      1D9C       0  CODE    
                text56                         003B44  00000C  003B50      1DA2       0  CODE    
                text53                         003B50  00000C  003B5C      1DA8       0  CODE    
                text30                         003B5C  00000C  003B68      1DAE       0  CODE    
                text75                         003B68  00000E  003B76      1DB4       0  CODE    
                text71                         003B76  000010  003B86      1DBB       0  CODE    
                text57                         003B86  000010  003B96      1DC3       0  CODE    
                text78                         003B96  000012  003BA8      1DCB       0  CODE    
                text32                         003BA8  000012  003BBA      1DD4       0  CODE    
                text14                         003BBA  000012  003BCC      1DDD       0  CODE    
                text81                         003BCC  000014  003BE0      1DE6       0  CODE    
                text54                         003BE0  000014  003BF4      1DF0       0  CODE    
                text46                         003BF4  000014  003C08      1DFA       0  CODE    
                text33                         003C08  000014  003C1C      1E04       0  CODE    
                text79                         003C1C  000016  003C32      1E0E       0  CODE    
                text77                         003C32  000016  003C48      1E19       0  CODE    
                text50                         003C48  000018  003C60      1E24       0  CODE    
                text70                         003C60  00001C  003C7C      1E30       0  CODE    
                text87                         003C7C  00001E  003C9A      1E3E       0  CODE    
                text59                         003C9A  00001E  003CB8      1E4D       0  CODE    
                text55                         003CB8  00001E  003CD6      1E5C       0  CODE    
                text51                         003CD6  00001E  003CF4      1E6B       0  CODE    
                text26                         003CF4  00001E  003D12      1E7A       0  CODE    
                text15                         003D12  00001E  003D30      1E89       0  CODE    
                text31                         003D30  000022  003D52      1E98       0  CODE    
                text21                         003D52  000022  003D74      1EA9       0  CODE    
                text86                         003D74  000024  003D98      1EBA       0  CODE    
                text27                         003D98  000026  003DBE      1ECC       0  CODE    
                text5                          003DBE  000026  003DE4      1EDF       0  CODE    
                text116                        003DE4  000028  003E0C      1EF2       0  CODE    
                text36                         003E0C  000028  003E34      1F06       0  CODE    
                text10                         003E34  000028  003E5C      1F1A       0  CODE    
                text117                        003E5C  00002A  003E86      1F2E       0  CODE    
                text95                         003E86  00002A  003EB0      1F43       0  CODE    
                text68                         003EB0  00002A  003EDA      1F58       0  CODE    
                text69                         003EDA  00002C  003F06      1F6D       0  CODE    
                text112                        003F06  00002E  003F34      1F83       0  CODE    
                text19                         003F34  00002E  003F62      1F9A       0  CODE    
                text18                         003F62  00002E  003F90      1FB1       0  CODE    
                text73                         003F90  000032  003FC2      1FC8       0  CODE    
                text64                         003FC2  000034  003FF6      1FE1       0  CODE    
                text63                         003FF6  000034  00402A      1FFB       0  CODE    
                text103                        00402A  000036  004060      2015       0  CODE    
                text11                         004060  000036  004096      2030       0  CODE    
                text100                        004096  000038  0040CE      204B       0  CODE    
                text42                         0040CE  00003A  004108      2067       0  CODE    
                text41                         004108  00003A  004142      2084       0  CODE    
                text35                         004142  00003A  00417C      20A1       0  CODE    
                text88                         00417C  00003E  0041BA      20BE       0  CODE    
                text44                         0041BA  00003E  0041F8      20DD       0  CODE    
                text99                         0041F8  00004A  004242      20FC       0  CODE    
                text28                         004242  00004A  00428C      2121       0  CODE    
                text17                         00428C  00004A  0042D6      2146       0  CODE    
                text8                          0042D6  00004C  004322      216B       0  CODE    
                text76                         004322  00004E  004370      2191       0  CODE    
                text106                        004370  000052  0043C2      21B8       0  CODE    
                text111                        0043C2  000054  004416      21E1       0  CODE    
                text101                        004416  000054  00446A      220B       0  CODE    
                text29                         00446A  000054  0044BE      2235       0  CODE    
                text2                          0044BE  000054  004512      225F       0  CODE    
                text6                          004512  00005A  00456C      2289       0  CODE    
                text90                         00456C  00005E  0045CA      22B6       0  CODE    
                text16                         0045CA  000064  00462E      22E5       0  CODE    
                text49                         00462E  000066  004694      2317       0  CODE    
                text23                         004694  000068  0046FC      234A       0  CODE    
                text13                         0046FC  00006A  004766      237E       0  CODE    
                text9                          004766  00006C  0047D2      23B3       0  CODE    
                cinit                          0047D2  00006E  004840      23E9       0  CODE    
                text113                        004840  000076  0048B6      2420       0  CODE    
                text52                         0048B6  000076  00492C      245B       0  CODE    
                text48                         00492C  000078  0049A4      2496       0  CODE    
                text24                         0049A4  000084  004A28      24D2       0  CODE    
                text96                         004A28  00008A  004AB2      2514       0  CODE    
                text105                        004AB2  00008E  004B40      2559       0  CODE    
                text92                         004B40  00008E  004BCE      25A0       0  CODE    
                text104                        004BCE  000090  004C5E      25E7       0  CODE    
                text38                         004C5E  00009C  004CFA      262F       0  CODE    
                text60                         004CFA  00009E  004D98      267D       0  CODE    
                text93                         004D98  0000A2  004E3A      26CC       0  CODE    
                text4                          004E3A  0000A2  004EDC      271D       0  CODE    
                text102                        004EDC  0000AE  004F8A      276E       0  CODE    
                text66                         004F8A  0000B0  00503A      27C5       0  CODE    
                text94                         00503A  0000B2  0050EC      281D       0  CODE    
                text89                         0050EC  0000B2  00519E      2876       0  CODE    
                text58                         00519E  0000B8  005256      28CF       0  CODE    
                text108                        005256  0000BC  005312      292B       0  CODE    
                text0                          005312  0000C0  0053D2      2989       0  CODE    
                text110                        0053D2  0000C2  005494      29E9       0  CODE    
                text109                        005494  0000D0  005564      2A4A       0  CODE    
                text34                         005564  0000D8  00563C      2AB2       0  CODE    
                text91                         00563C  0000E4  005720      2B1E       0  CODE    
                text85                         005720  0000E4  005804      2B90       0  CODE    
                text67                         005804  0000E6  0058EA      2C02       0  CODE    
                text43                         0058EA  0000E8  0059D2      2C75       0  CODE    
                text7                          0059D2  0000F4  005AC6      2CE9       0  CODE    
                text97                         005AC6  000102  005BC8      2D63       0  CODE    
                text84                         005BC8  000108  005CD0      2DE4       0  CODE    
                text65                         005CD0  000112  005DE2      2E68       0  CODE    
                text37                         005DE2  00011A  005EFC      2EF1       0  CODE    
                text12                         005EFC  00011E  00601A      2F7E       0  CODE    
                text107                        00601A  000120  00613A      300D       0  CODE    
                text3                          00613A  0001A8  0062E2      309D       0  CODE    
                text1                          0062E2  0001E6  0064C8      3171       0  CODE    
                text40                         0064C8  0001E8  0066B0      3264       0  CODE    
                text98                         0066B0  00022A  0068DA      3358       0  CODE    
                text39                         0068DA  0002A4  006B7E      346D       0  CODE    
                text25                         006B7E  0002E2  006E60      35BF       0  CODE    
                text22                         006E60  00091E  00777E      3730       0  CODE    
                mediumconst                    00777E  000882  008000      3BBF       0  MEDIUMCO
                idloc                          200000  000008  200008    200000       0  IDLOC   
                config                         300000  00000E  30000E    300000       0  CONFIG  


UNUSED ADDRESS RANGES

        Name                Unused          Largest block    Delta
        BANK0            0000FB-0000FF                5
        BANK1            0001FF-0001FF                1
        BANK2            000289-0002FF               77
        BANK3            000300-0003FF              100
        BANK4            000440-0004FF               C0
        BANK5            000580-0005FF               80
        BANK6            000600-0006FF              100
        BANK7            000700-0007FF              100
        BIGRAM           00005B-00005F                5
                         0000FB-0000FF                5
                         0001FF-0001FF                1
                         000289-0003FF              177
                         000440-0004FF               C0
                         000580-0007FF              280
        CODE             0010AE-003AF7             2A4A
        COMRAM           00005B-00005F                5
        CONST            0010AE-003AF7             2A4A
        EEDATA           F00000-F000FF              100
        FARRAM           000000-000000                1
        MEDIUMCONST      0010AE-003AF7             2A4A
        RAM              0000FB-0000FF                5
                         0001FF-0001FF                1
                         000289-0003FF               77
                         000440-0004FF               C0
                         000580-0007FF              100
        SFR              000F53-000FFF                D
        SMALLCONST       0010AE-003AF7              100
        STACK            000580-0007FF              280

                                  Symbol Table

?_ADC_GetConversion                         cstackBANK0  000060
?_USBTransferOnePacket                      cstackBANK0  000060
?___fldiv                                   cstackBANK0  000087
?___flmul                                   cstackBANK0  00006E
?___fltol                                   cstackBANK0  0000A0
?___lldiv                                   cstackCOMRAM 00002E
?___lwdiv                                   cstackBANK0  000060
?___lwmod                                   cstackBANK0  000067
?___wmul                                    cstackBANK0  000060
?___xxtofl                                  cstackBANK0  000060
?_sprintf                                   cstackBANK0  00006C
?_strcmp                                    cstackBANK0  000060
?_strncmp                                   cstackBANK0  000060
?i2_USBTransferOnePacket                    cstackCOMRAM 00002E
ADC_GetConversion@channel                   cstackBANK0  000064
ADC_TempConversion@temp                     cstackBANK0  000068
ADC_TempConversion@tempRaw                  cstackBANK0  000067
CDCTxService@byte_to_send                   cstackBANK0  00006A
CDCTxService@i                              cstackBANK0  000069
DATAEE_ReadByte@bAdd                        cstackBANK0  000060
DATAEE_WriteByte@GIEBitValue                cstackBANK0  000062
DATAEE_WriteByte@bAdd                       cstackBANK0  000061
DATAEE_WriteByte@bData                      cstackBANK0  000060
EUSART_FlushBuffer@index                    cstackBANK0  000060
EUSART_Read@readValue                       cstackBANK0  000060
EUSART_Write@txData                         cstackBANK0  000060
MOTEapp_TimerBasedTask@timerTask            cstackBANK0  000060
MOTEapp_getModemResponse@bufferByte         cstackBANK0  000062
MOTEapp_getModemResponse@terminatorReceived cstackBANK0  000061
MOTEapp_handlerState@state                  cstackBANK0  000060
SPI_Exchange8bit@data                       cstackBANK0  000060
Set_Column_Address@address                  cstackBANK0  000062
Set_Page_Address@address                    cstackBANK0  000062
TMR2_ReadTimer@readVal                      cstackBANK0  000060
USART_mySetLineCodingHandler@dwBaud         cstackCOMRAM 00003B
USBConfigureEndpoint@EPNum                  cstackCOMRAM 000033
USBConfigureEndpoint@direction              cstackCOMRAM 00002E
USBConfigureEndpoint@handle                 cstackCOMRAM 000034
USBCtrlEPService@setup_cnt                  cstackCOMRAM 00004C
USBCtrlTrfInHandler@lastDTS                 cstackCOMRAM 00003F
USBCtrlTrfRxService@byteToRead              cstackCOMRAM 000040
USBCtrlTrfRxService@i                       cstackCOMRAM 00003F
USBCtrlTrfTxService@byteToSend              cstackCOMRAM 00002E
USBDeviceInit@i                             cstackBANK0  000068
USBDeviceTasks@i                            cstackCOMRAM 00004D
USBEnableEndpoint@ep                        cstackCOMRAM 000039
USBEnableEndpoint@options                   cstackCOMRAM 000036
USBEnableEndpoint@p                         cstackCOMRAM 000037
USBStdFeatureReqHandler@current_ep_data     cstackCOMRAM 000047
USBStdFeatureReqHandler@p                   cstackCOMRAM 000048
USBStdFeatureReqHandler@pUEP                cstackCOMRAM 000045
USBStdGetStatusHandler@p                    cstackCOMRAM 00002E
USBStdSetCfgHandler@i                       cstackCOMRAM 000043
USBTransferOnePacket@data                   cstackBANK0  000061
USBTransferOnePacket@dir                    cstackBANK0  000060
USBTransferOnePacket@ep                     cstackBANK0  000064
USBTransferOnePacket@handle                 cstackBANK0  000065
USBTransferOnePacket@len                    cstackBANK0  000063
USBapp_CdcEmulatorInitialize@i              cstackCOMRAM 00003A
USBapp_handlerState@state                   cstackBANK0  000060
USER_USB_CALLBACK_EVENT_HANDLER@event       cstackCOMRAM 00003B
USER_USB_CALLBACK_EVENT_HANDLER@pdata       cstackCOMRAM 00003D
USER_USB_CALLBACK_EVENT_HANDLER@size        cstackCOMRAM 00003F
_ACTCON                                     (abs)        000FB5
_ADCON0                                     (abs)        000FC2
_ADCON0bits                                 (abs)        000FC2
_ADCON1                                     (abs)        000FC1
_ADCON2                                     (abs)        000FC0
_ADC_GetConversion                          text42       0040CE
_ADC_Initialize                             text79       003C1C
_ADC_TempConversion                         text21       003D52
_ADRESH                                     (abs)        000FC4
_ADRESL                                     (abs)        000FC3
_ANSELAbits                                 (abs)        000F5B
_ANSELCbits                                 (abs)        000F5D
_BAUDCON                                    (abs)        000FB8
_BDT                                        (abs)        000400
_BothEP0OutUOWNsSet                         bssBANK1     000145
_CDCDataInHandle                            bssBANK1     000131
_CDCDataOutHandle                           bssBANK1     000133
_CDCInitEP                                  text101      004416
_CDCTxService                               text65       005CD0
_CDCTxService$5711                          cstackBANK0  000067
_CKE                                        (abs)        007E3E
_CKP                                        (abs)        007E34
_CM1CON0                                    (abs)        000F98
_CM2CON1bits                                (abs)        000F9A
_CMP1_ISR                                   text118      003AFC
_CMP1_Initialize                            text78       003B96
_CtrlTrfData                                (abs)        000438
_DATAEE_ReadByte                            text81       003BCC
_DATAEE_WriteByte                           text41       004108
_EEADR                                      (abs)        000FA9
_EECON1bits                                 (abs)        000FA6
_EECON2                                     (abs)        000FA7
_EEDATA                                     (abs)        000FA8
_EUSART_FlushBuffer                         text19       003F34
_EUSART_Initialize                          text18       003F62
_EUSART_Read                                text64       003FC2
_EUSART_Receive_ISR                         text117      003E5C
_EUSART_Transmit_ISR                        text116      003DE4
_EUSART_Write                               text63       003FF6
_EndLine                                    text30       003B5C
_GIE                                        (abs)        007F97
_INTCONbits                                 (abs)        000FF2
_INTERRUPT_InterruptManager                 intcode      001008
_IOCCbits                                   (abs)        000F87
_IPR3bits                                   (abs)        000FA5
_LATAbits                                   (abs)        000F89
_LATBbits                                   (abs)        000F8A
_LATCbits                                   (abs)        000F8B
_LastRS232Out                               bssCOMRAM    000019
_MOTEapp_TimerBasedTask                     text46       003BF4
_MOTEapp_getModemResponse                   text17       00428C
_MOTEapp_handlerState                       text80       003B24
_MOTEapp_setResponseReady                   text62       003AF8
_NextUSBOut                                 bssCOMRAM    00001A
_OSCCON                                     (abs)        000FD3
_OSCCON2                                    (abs)        000FD2
_OSCCON2bits                                (abs)        000FD2
_OSCILLATOR_Initialize                      text77       003C32
_OSCTUNE                                    (abs)        000F9B
_OledFont0                                  mediumconst  007799
_PEIE                                       (abs)        007F96
_PIE1bits                                   (abs)        000F9D
_PIE2bits                                   (abs)        000FA0
_PIE3bits                                   (abs)        000FA3
_PIN_MANAGER_Initialize                     text76       004322
_PIR1bits                                   (abs)        000F9E
_PIR2bits                                   (abs)        000FA1
_PIR3bits                                   (abs)        000FA4
_PORTAbits                                  (abs)        000F80
_PORTBbits                                  (abs)        000F81
_PORTCbits                                  (abs)        000F82
_PR2                                        (abs)        000FBB
_RCONbits                                   (abs)        000FD0
_RCREG                                      (abs)        000FAE
_RCSTA                                      (abs)        000FAB
_RCSTAbits                                  (abs)        000FAB
_RS232_Out_Data_Rdy                         bssCOMRAM    00001B
_RS232cp                                    bssCOMRAM    00001C
_RemoteWakeup                               bssBANK1     000146
_SPBRG                                      (abs)        000FAF
_SPBRGH                                     (abs)        000FB0
_SPI_Exchange8bit                           text57       003B86
_SPI_Initialize                             text75       003B68
_SSP1ADD                                    (abs)        000FC8
_SSP1CON1                                   (abs)        000FC6
_SSP1CON1bits                               (abs)        000FC6
_SSP1STAT                                   (abs)        000FC7
_SSP1STATbits                               (abs)        000FC7
_SSPBUF                                     (abs)        000FC9
_SYSTEM_Initialize                          text70       003C60
_Set_Column_Address                         text55       003CB8
_Set_Page_Address                           text54       003BE0
_SetupPkt                                   (abs)        000430
_T1CON                                      (abs)        000FCD
_T1CONbits                                  (abs)        000FCD
_T1GCON                                     (abs)        000FCC
_T2CON                                      (abs)        000FBA
_T2CONbits                                  (abs)        000FBA
_TMR1H                                      (abs)        000FCF
_TMR1L                                      (abs)        000FCE
_TMR1_ISR                                   text115      003B38
_TMR1_Initialize                            text73       003F90
_TMR1_StartTimer                            text74       003B00
_TMR2                                       (abs)        000FBC
_TMR2_Initialize                            text71       003B76
_TMR2_ReadTimer                             text20       003B1C
_TMR2_StartTimer                            text72       003B04
_TMRapp_ClearBitFlags                       text45       003B0C
_TMRapp_Handler                             text43       0058EA
_TMRapp_Tick                                text114      003B10
_TRISAbits                                  (abs)        000F92
_TRISBbits                                  (abs)        000F93
_TRISCbits                                  (abs)        000F94
_TXREG                                      (abs)        000FAD
_TXSTA                                      (abs)        000FAC
_TXSTAbits                                  (abs)        000FAC
_UADDR                                      (abs)        000F63
_UCFG                                       (abs)        000F62
_UCON                                       (abs)        000F60
_UCONbits                                   (abs)        000F60
_UEIE                                       (abs)        000F66
_UEIR                                       (abs)        000F67
_UEP0                                       (abs)        000F6A
_UEP0bits                                   (abs)        000F6A
_UEP1                                       (abs)        000F6B
_UIE                                        (abs)        000F64
_UIEbits                                    (abs)        000F64
_UIR                                        (abs)        000F65
_UIRbits                                    (abs)        000F65
_USART_mySetLineCodingHandler               text111      0043C2
_USBActiveConfiguration                     bssCOMRAM    00002C
_USBAlternateInterface                      bssBANK1     0001FB
_USBBusIsSuspended                          bssBANK1     000147
_USBCheckCDCRequest                         text105      004AB2
_USBCheckStdRequest                         text93       004D98
_USBConfigureEndpoint                       text104      004BCE
_USBCtrlEPAllowDataStage                    text92       004B40
_USBCtrlEPAllowStatusStage                  text108      005256
_USBCtrlEPService                           text89       0050EC
_USBCtrlEPServiceComplete                   text91       00563C
_USBCtrlTrfInHandler                        text109      005494
_USBCtrlTrfOutHandler                       text106      004370
_USBCtrlTrfRxService                        text107      00601A
_USBCtrlTrfSetupHandler                     text90       00456C
_USBCtrlTrfTxService                        text110      0053D2
_USBDeferINDataStagePackets                 bssBANK1     000148
_USBDeferOUTDataStagePackets                bssBANK1     000149
_USBDeferStatusStagePacket                  bssCOMRAM    00001D
_USBDeviceAttach                            text69       003EDA
_USBDeviceInit                              text67       005804
_USBDeviceState                             bssBANK0     0000F4
_USBDeviceTasks                             text84       005BC8
_USBEnableEndpoint                          text103      00402A
_USBStallHandler                            text88       00417C
_USBStatusStageEnabledFlag1                 bssBANK1     00014A
_USBStatusStageEnabledFlag2                 bssBANK1     00014B
_USBStatusStageTimeoutCounter               bssCOMRAM    00001E
_USBStdFeatureReqHandler                    text98       0066B0
_USBStdGetDscHandler                        text97       005AC6
_USBStdGetStatusHandler                     text96       004A28
_USBStdSetCfgHandler                        text94       00503A
_USBSuspend                                 text87       003C7C
_USBTransferOnePacket                       text66       004F8A
_USBWakeFromSuspend                         text86       003D74
_USB_Buffer                                 bssBANK1     000156
_USB_CD_Ptr                                 mediumconst  007797
_USB_SD_Ptr                                 mediumconst  007791
_USBapp_CdcEmulatorInitialize               text100      004096
_USBapp_DeviceCdcEmulatorHandler            text58       00519E
_USBapp_Handler                             text48       00492C
_USBapp_getrxByteFlag                       text61       003B08
_USBapp_handlerState                        text47       003B2E
_USBapp_setrxByteFlag                       text83       003B16
_USER_USB_CALLBACK_EVENT_HANDLER            text99       0041F8
_USTAT                                      (abs)        000F61
_USTATcopy                                  bssCOMRAM    00002D
_VREFCON0                                   (abs)        000F7D
_WDTCONbits                                 (abs)        000FD1
__CFG_BOREN$SBORDIS                         (abs)        000000
__CFG_BORV$190                              (abs)        000000
__CFG_CCP2MX$RC1                            (abs)        000000
__CFG_CFGPLLEN$OFF                          (abs)        000000
__CFG_CP0$OFF                               (abs)        000000
__CFG_CP1$OFF                               (abs)        000000
__CFG_CP2$OFF                               (abs)        000000
__CFG_CP3$OFF                               (abs)        000000
__CFG_CPB$OFF                               (abs)        000000
__CFG_CPD$OFF                               (abs)        000000
__CFG_CPUDIV$NOCLKDIV                       (abs)        000000
__CFG_EBTR0$OFF                             (abs)        000000
__CFG_EBTR1$OFF                             (abs)        000000
__CFG_EBTR2$OFF                             (abs)        000000
__CFG_EBTR3$OFF                             (abs)        000000
__CFG_EBTRB$OFF                             (abs)        000000
__CFG_FCMEN$OFF                             (abs)        000000
__CFG_FOSC$INTOSCIO                         (abs)        000000
__CFG_ICPRT$OFF                             (abs)        000000
__CFG_IESO$OFF                              (abs)        000000
__CFG_LS48MHZ$SYS48X8                       (abs)        000000
__CFG_LVP$OFF                               (abs)        000000
__CFG_MCLRE$ON                              (abs)        000000
__CFG_PBADEN$OFF                            (abs)        000000
__CFG_PCLKEN$OFF                            (abs)        000000
__CFG_PLLSEL$PLL3X                          (abs)        000000
__CFG_SDOMX$RB3                             (abs)        000000
__CFG_STVREN$ON                             (abs)        000000
__CFG_T3CMX$RC0                             (abs)        000000
__CFG_WDTEN$SWON                            (abs)        000000
__CFG_WDTPS$32768                           (abs)        000000
__CFG_WRT0$OFF                              (abs)        000000
__CFG_WRT1$OFF                              (abs)        000000
__CFG_WRT2$OFF                              (abs)        000000
__CFG_WRT3$OFF                              (abs)        000000
__CFG_WRTB$OFF                              (abs)        000000
__CFG_WRTC$OFF                              (abs)        000000
__CFG_WRTD$OFF                              (abs)        000000
__CFG_XINST$OFF                             (abs)        000000
__CFG_nLPBOR$ON                             (abs)        000000
__CFG_nPWRTEN$OFF                           (abs)        000000
__HRAM                                      (abs)        000000
__Habs1                                     abs1         000000
__Hbank0                                    bank0        000000
__Hbank1                                    bank1        000000
__Hbank2                                    bank2        000000
__Hbank3                                    bank3        000000
__Hbank4                                    bank4        000000
__Hbank5                                    bank5        000000
__Hbank6                                    bank6        000000
__Hbank7                                    bank7        000000
__Hbigbss                                   bigbss       000000
__Hbigdata                                  bigdata      000000
__Hbigram                                   bigram       000000
__Hbss                                      bss          000000
__HbssBANK0                                 bssBANK0     000000
__HbssBANK1                                 bssBANK1     000000
__HbssBANK2                                 bssBANK2     000000
__HbssCOMRAM                                bssCOMRAM    000000
__Hcinit                                    cinit        000000
__Hclrtext                                  clrtext      000000
__Hcomram                                   comram       000000
__Hconfig                                   config       30000E
__Hconst                                    const        000000
__HcstackBANK0                              cstackBANK0  000000
__HcstackBANK2                              cstackBANK2  000000
__HcstackCOMRAM                             cstackCOMRAM 000000
__Hdata                                     data         000000
__HdataBANK0                                dataBANK0    000000
__HdataBANK1                                dataBANK1    000000
__Heeprom_data                              eeprom_data  000000
__Hend_init                                 end_init     0010AE
__Hfarbss                                   farbss       000000
__Hfardata                                  fardata      000000
__Hibigdata                                 ibigdata     000000
__Hidata                                    idata        000000
__HidataBANK0                               idataBANK0   000000
__HidataBANK1                               idataBANK1   000000
__Hidloc                                    idloc        200008
__Hifardata                                 ifardata     000000
__Hinit                                     init         0010AA
__Hintcode                                  intcode      0010AA
__Hintcode_body                             intcode_body 000000
__Hintcodelo                                intcodelo    0010AA
__Hintentry                                 intentry     000000
__Hintret                                   intret       000000
__Hintsave_regs                             intsave_regs 000000
__Hirdata                                   irdata       000000
__Hmediumconst                              mediumconst  008000
__HnvFARRAM                                 nvFARRAM     000000
__Hnvbit                                    nvbit        000000
__Hnvrram                                   nvrram       000000
__Hparam                                    rparam       000000
__Hpowerup                                  powerup      0010AA
__Hram                                      ram          000000
__Hramtop                                   ramtop       000800
__Hrbit                                     rbit         000000
__Hrbss                                     rbss         000000
__Hrdata                                    rdata        000000
__Hreset_vec                                reset_vec    001004
__Hrparam                                   rparam       000000
__Hsfr                                      sfr          000000
__Hsmallconst                               smallconst   000000
__Hspace_0                                  (abs)        30000E
__Hspace_1                                  (abs)        000289
__Hspace_2                                  (abs)        000000
__Hstack                                    stack        000000
__Hstruct                                   struct       000000
__Htemp                                     temp         00005B
__Htext                                     text         000000
__Htext0                                    text0        000000
__Htext1                                    text1        000000
__Htext10                                   text10       000000
__Htext100                                  text100      000000
__Htext101                                  text101      000000
__Htext102                                  text102      000000
__Htext103                                  text103      000000
__Htext104                                  text104      000000
__Htext105                                  text105      000000
__Htext106                                  text106      000000
__Htext107                                  text107      000000
__Htext108                                  text108      000000
__Htext109                                  text109      000000
__Htext11                                   text11       000000
__Htext110                                  text110      000000
__Htext111                                  text111      000000
__Htext112                                  text112      000000
__Htext113                                  text113      000000
__Htext114                                  text114      000000
__Htext115                                  text115      000000
__Htext116                                  text116      000000
__Htext117                                  text117      000000
__Htext118                                  text118      000000
__Htext119                                  text119      000000
__Htext12                                   text12       000000
__Htext13                                   text13       000000
__Htext14                                   text14       000000
__Htext15                                   text15       000000
__Htext16                                   text16       000000
__Htext17                                   text17       000000
__Htext18                                   text18       000000
__Htext19                                   text19       000000
__Htext2                                    text2        000000
__Htext20                                   text20       000000
__Htext21                                   text21       000000
__Htext22                                   text22       000000
__Htext23                                   text23       000000
__Htext24                                   text24       000000
__Htext25                                   text25       000000
__Htext26                                   text26       000000
__Htext27                                   text27       000000
__Htext28                                   text28       000000
__Htext29                                   text29       000000
__Htext3                                    text3        000000
__Htext30                                   text30       000000
__Htext31                                   text31       000000
__Htext32                                   text32       000000
__Htext33                                   text33       000000
__Htext34                                   text34       000000
__Htext35                                   text35       000000
__Htext36                                   text36       000000
__Htext37                                   text37       000000
__Htext38                                   text38       000000
__Htext39                                   text39       000000
__Htext4                                    text4        000000
__Htext40                                   text40       000000
__Htext41                                   text41       000000
__Htext42                                   text42       000000
__Htext43                                   text43       000000
__Htext44                                   text44       000000
__Htext45                                   text45       000000
__Htext46                                   text46       000000
__Htext47                                   text47       000000
__Htext48                                   text48       000000
__Htext49                                   text49       000000
__Htext5                                    text5        000000
__Htext50                                   text50       000000
__Htext51                                   text51       000000
__Htext52                                   text52       000000
__Htext53                                   text53       000000
__Htext54                                   text54       000000
__Htext55                                   text55       000000
__Htext56                                   text56       000000
__Htext57                                   text57       000000
__Htext58                                   text58       000000
__Htext59                                   text59       000000
__Htext6                                    text6        000000
__Htext60                                   text60       000000
__Htext61                                   text61       000000
__Htext62                                   text62       000000
__Htext63                                   text63       000000
__Htext64                                   text64       000000
__Htext65                                   text65       000000
__Htext66                                   text66       000000
__Htext67                                   text67       000000
__Htext68                                   text68       000000
__Htext69                                   text69       000000
__Htext7                                    text7        000000
__Htext70                                   text70       000000
__Htext71                                   text71       000000
__Htext72                                   text72       000000
__Htext73                                   text73       000000
__Htext74                                   text74       000000
__Htext75                                   text75       000000
__Htext76                                   text76       000000
__Htext77                                   text77       000000
__Htext78                                   text78       000000
__Htext79                                   text79       000000
__Htext8                                    text8        000000
__Htext80                                   text80       000000
__Htext81                                   text81       000000
__Htext83                                   text83       000000
__Htext84                                   text84       000000
__Htext85                                   text85       000000
__Htext86                                   text86       000000
__Htext87                                   text87       000000
__Htext88                                   text88       000000
__Htext89                                   text89       000000
__Htext9                                    text9        000000
__Htext90                                   text90       000000
__Htext91                                   text91       000000
__Htext92                                   text92       000000
__Htext93                                   text93       000000
__Htext94                                   text94       000000
__Htext95                                   text95       000000
__Htext96                                   text96       000000
__Htext97                                   text97       000000
__Htext98                                   text98       000000
__Htext99                                   text99       000000
__LRAM                                      (abs)        000001
__Labs1                                     abs1         000000
__Lbank0                                    bank0        000000
__Lbank1                                    bank1        000000
__Lbank2                                    bank2        000000
__Lbank3                                    bank3        000000
__Lbank4                                    bank4        000000
__Lbank5                                    bank5        000000
__Lbank6                                    bank6        000000
__Lbank7                                    bank7        000000
__Lbigbss                                   bigbss       000000
__Lbigdata                                  bigdata      000000
__Lbigram                                   bigram       000000
__Lbss                                      bss          000000
__LbssBANK0                                 bssBANK0     000000
__LbssBANK1                                 bssBANK1     000000
__LbssBANK2                                 bssBANK2     000000
__LbssCOMRAM                                bssCOMRAM    000000
__Lcinit                                    cinit        000000
__Lclrtext                                  clrtext      000000
__Lcomram                                   comram       000000
__Lconfig                                   config       300000
__Lconst                                    const        000000
__LcstackBANK0                              cstackBANK0  000000
__LcstackBANK2                              cstackBANK2  000000
__LcstackCOMRAM                             cstackCOMRAM 000000
__Ldata                                     data         000000
__LdataBANK0                                dataBANK0    000000
__LdataBANK1                                dataBANK1    000000
__Leeprom_data                              eeprom_data  000000
__Lend_init                                 end_init     0010AA
__Lfarbss                                   farbss       000000
__Lfardata                                  fardata      000000
__Libigdata                                 ibigdata     000000
__Lidata                                    idata        000000
__LidataBANK0                               idataBANK0   000000
__LidataBANK1                               idataBANK1   000000
__Lidloc                                    idloc        200000
__Lifardata                                 ifardata     000000
__Linit                                     init         0010AA
__Lintcode                                  intcode      001008
__Lintcode_body                             intcode_body 000000
__Lintcodelo                                intcodelo    0010AA
__Lintentry                                 intentry     000000
__Lintret                                   intret       000000
__Lintsave_regs                             intsave_regs 000000
__Lirdata                                   irdata       000000
__Lmediumconst                              mediumconst  00777E
__LnvFARRAM                                 nvFARRAM     000000
__Lnvbit                                    nvbit        000000
__Lnvrram                                   nvrram       000000
__Lparam                                    rparam       000000
__Lpowerup                                  powerup      0010AA
__Lram                                      ram          000000
__Lramtop                                   ramtop       000800
__Lrbit                                     rbit         000000
__Lrbss                                     rbss         000000
__Lrdata                                    rdata        000000
__Lreset_vec                                reset_vec    001000
__Lrparam                                   rparam       000000
__Lsfr                                      sfr          000000
__Lsmallconst                               smallconst   000000
__Lspace_0                                  (abs)        000000
__Lspace_1                                  (abs)        000000
__Lspace_2                                  (abs)        000000
__Lstack                                    stack        000000
__Lstruct                                   struct       000000
__Ltemp                                     temp         00005A
__Ltext                                     text         000000
__Ltext0                                    text0        000000
__Ltext1                                    text1        000000
__Ltext10                                   text10       000000
__Ltext100                                  text100      000000
__Ltext101                                  text101      000000
__Ltext102                                  text102      000000
__Ltext103                                  text103      000000
__Ltext104                                  text104      000000
__Ltext105                                  text105      000000
__Ltext106                                  text106      000000
__Ltext107                                  text107      000000
__Ltext108                                  text108      000000
__Ltext109                                  text109      000000
__Ltext11                                   text11       000000
__Ltext110                                  text110      000000
__Ltext111                                  text111      000000
__Ltext112                                  text112      000000
__Ltext113                                  text113      000000
__Ltext114                                  text114      000000
__Ltext115                                  text115      000000
__Ltext116                                  text116      000000
__Ltext117                                  text117      000000
__Ltext118                                  text118      000000
__Ltext119                                  text119      000000
__Ltext12                                   text12       000000
__Ltext13                                   text13       000000
__Ltext14                                   text14       000000
__Ltext15                                   text15       000000
__Ltext16                                   text16       000000
__Ltext17                                   text17       000000
__Ltext18                                   text18       000000
__Ltext19                                   text19       000000
__Ltext2                                    text2        000000
__Ltext20                                   text20       000000
__Ltext21                                   text21       000000
__Ltext22                                   text22       000000
__Ltext23                                   text23       000000
__Ltext24                                   text24       000000
__Ltext25                                   text25       000000
__Ltext26                                   text26       000000
__Ltext27                                   text27       000000
__Ltext28                                   text28       000000
__Ltext29                                   text29       000000
__Ltext3                                    text3        000000
__Ltext30                                   text30       000000
__Ltext31                                   text31       000000
__Ltext32                                   text32       000000
__Ltext33                                   text33       000000
__Ltext34                                   text34       000000
__Ltext35                                   text35       000000
__Ltext36                                   text36       000000
__Ltext37                                   text37       000000
__Ltext38                                   text38       000000
__Ltext39                                   text39       000000
__Ltext4                                    text4        000000
__Ltext40                                   text40       000000
__Ltext41                                   text41       000000
__Ltext42                                   text42       000000
__Ltext43                                   text43       000000
__Ltext44                                   text44       000000
__Ltext45                                   text45       000000
__Ltext46                                   text46       000000
__Ltext47                                   text47       000000
__Ltext48                                   text48       000000
__Ltext49                                   text49       000000
__Ltext5                                    text5        000000
__Ltext50                                   text50       000000
[...]


 *************** function _USBCtrlTrfTxService *****************
 Defined at:
		line 1437 in file "../Includes/Usb/framework/usb_device.c"
 Parameters:    Size  Location     Type
		None
 Auto vars:     Size  Location     Type
  byteToSend      1    0[COMRAM] unsigned char 
 Return value:  Size  Location     Type
                  1    wreg      void 
 Registers used:
		wreg, fsr1l, fsr1h, fsr2l, fsr2h, status,2, status,0, tblptrl, tblptrh, tblptru
 Tracked objects:
		On entry : 
		On exit  : 
		Unchanged: 
 Data sizes:     COMRAM   BANK0   BANK1   BANK2   BANK3   BANK4   BANK5   BANK6   BANK7
      Params:         0       0       0       0       0       0       0       0       0
      Locals:         1       0       0       0       0       0       0       0       0
      Temps:          0       0       0       0       0       0       0       0       0
      Totals:         1       0       0       0       0       0       0       0       0
Total ram usage:        1 bytes
 Hardware stack levels used:    1
 This function calls:
		Nothing
 This function is called by:
		_USBCtrlEPAllowDataStage
		_USBCtrlTrfInHandler
 This function uses a non-reentrant model


 *************** function _USART_mySetLineCodingHandler *****************
 Defined at:
		line 236 in file "../Includes/Board/USBapp.c"
 Parameters:    Size  Location     Type
		None
 Auto vars:     Size  Location     Type
  dwBaud          4   13[COMRAM] unsigned long 
 Return value:  Size  Location     Type
                  1    wreg      void 
 Registers used:
		wreg, status,2, status,0, cstack
 Tracked objects:
		On entry : 
		On exit  : 
		Unchanged: 
 Data sizes:     COMRAM   BANK0   BANK1   BANK2   BANK3   BANK4   BANK5   BANK6   BANK7
      Params:         0       0       0       0       0       0       0       0       0
      Locals:         4       0       0       0       0       0       0       0       0
      Temps:          0       0       0       0       0       0       0       0       0
      Totals:         4       0       0       0       0       0       0       0       0
Total ram usage:        4 bytes
 Hardware stack levels used:    1
 Hardware stack levels required when called:    1
 This function calls:
		___lldiv
		i2_EUSART_Initialize
 This function is called by:
		_USBCheckCDCRequest
		_USBCtrlTrfRxService
		_USBCtrlTrfInHandler
 This function uses a non-reentrant model


 *************** function i2_EUSART_Initialize *****************
 Defined at:
		line 77 in file "../Includes/MccGenerated/eusart.c"
 Parameters:    Size  Location     Type
		None
 Auto vars:     Size  Location     Type
		None
 Return value:  Size  Location     Type
                  1    wreg      void 
 Registers used:
		wreg, status,2
 Tracked objects:
		On entry : 
		On exit  : 
		Unchanged: 
 Data sizes:     COMRAM   BANK0   BANK1   BANK2   BANK3   BANK4   BANK5   BANK6   BANK7
      Params:         0       0       0       0       0       0       0       0       0
      Locals:         0       0       0       0       0       0       0       0       0
      Temps:          0       0       0       0       0       0       0       0       0
      Totals:         0       0       0       0       0       0       0       0       0
Total ram usage:        0 bytes
 Hardware stack levels used:    1
 This function calls:
		Nothing
 This function is called by:
		_USBapp_CdcEmulatorInitialize
		_USART_mySetLineCodingHandler
 This function uses a non-reentrant model


 *************** function ___lldiv *****************
 Defined at:
		line 8 in file "/opt/microchip/xc8/v1.36/sources/common/lldiv.c"
 Parameters:    Size  Location     Type
  dividend        4    0[COMRAM] unsigned long 
  divisor         4    4[COMRAM] unsigned long 
 Auto vars:     Size  Location     Type
  quotient        4    8[COMRAM] unsigned long 
  counter         1   12[COMRAM] unsigned char 
 Return value:  Size  Location     Type
                  4    0[COMRAM] unsigned long 
 Registers used:
		wreg, status,2, status,0
 Tracked objects:
		On entry : 
		On exit  : 
		Unchanged: 
 Data sizes:     COMRAM   BANK0   BANK1   BANK2   BANK3   BANK4   BANK5   BANK6   BANK7
      Params:         8       0       0       0       0       0       0       0       0
      Locals:         5       0       0       0       0       0       0       0       0
      Temps:          0       0       0       0       0       0       0       0       0
      Totals:        13       0       0       0       0       0       0       0       0
Total ram usage:       13 bytes
 Hardware stack levels used:    1
 This function calls:
		Nothing
 This function is called by:
		_USART_mySetLineCodingHandler
 This function uses a non-reentrant model


 *************** function _TMRapp_Tick *****************
 Defined at:
		line 10 in file "../Includes/Drivers/TMRapp.c"
 Parameters:    Size  Location     Type
		None
 Auto vars:     Size  Location     Type
		None
 Return value:  Size  Location     Type
                  1    wreg      void 
 Registers used:
		None
 Tracked objects:
		On entry : 
		On exit  : 
		Unchanged: 
 Data sizes:     COMRAM   BANK0   BANK1   BANK2   BANK3   BANK4   BANK5   BANK6   BANK7
      Params:         0       0       0       0       0       0       0       0       0
      Locals:         0       0       0       0       0       0       0       0       0
      Temps:          0       0       0       0       0       0       0       0       0
      Totals:         0       0       0       0       0       0       0       0       0
Total ram usage:        0 bytes
 Hardware stack levels used:    1
 This function calls:
		Nothing
 This function is called by:
		_INTERRUPT_InterruptManager
 This function uses a non-reentrant model


 *************** function _TMR1_ISR *****************
 Defined at:
		line 152 in file "../Includes/MccGenerated/tmr1.c"
 Parameters:    Size  Location     Type
		None
 Auto vars:     Size  Location     Type
		None
 Return value:  Size  Location     Type
                  1    wreg      void 
 Registers used:
		None
 Tracked objects:
		On entry : 
		On exit  : 
		Unchanged: 
 Data sizes:     COMRAM   BANK0   BANK1   BANK2   BANK3   BANK4   BANK5   BANK6   BANK7
      Params:         0       0       0       0       0       0       0       0       0
      Locals:         0       0       0       0       0       0       0       0       0
      Temps:          0       0       0       0       0       0       0       0       0
      Totals:         0       0       0       0       0       0       0       0       0
Total ram usage:        0 bytes
 Hardware stack levels used:    1
 This function calls:
		Nothing
 This function is called by:
		_INTERRUPT_InterruptManager
 This function uses a non-reentrant model


 *************** function _EUSART_Transmit_ISR *****************
 Defined at:
		line 162 in file "../Includes/MccGenerated/eusart.c"
 Parameters:    Size  Location     Type
		None
 Auto vars:     Size  Location     Type
		None
 Return value:  Size  Location     Type
                  1    wreg      void 
 Registers used:
		wreg, fsr2l, fsr2h, status,2, status,0
 Tracked objects:
		On entry : 
		On exit  : 
		Unchanged: 
 Data sizes:     COMRAM   BANK0   BANK1   BANK2   BANK3   BANK4   BANK5   BANK6   BANK7
      Params:         0       0       0       0       0       0       0       0       0
      Locals:         0       0       0       0       0       0       0       0       0
      Temps:          0       0       0       0       0       0       0       0       0
      Totals:         0       0       0       0       0       0       0       0       0
Total ram usage:        0 bytes
 Hardware stack levels used:    1
 This function calls:
		Nothing
 This function is called by:
		_INTERRUPT_InterruptManager
 This function uses a non-reentrant model


 *************** function _EUSART_Receive_ISR *****************
 Defined at:
		line 181 in file "../Includes/MccGenerated/eusart.c"
 Parameters:    Size  Location     Type
		None
 Auto vars:     Size  Location     Type
		None
 Return value:  Size  Location     Type
                  1    wreg      void 
 Registers used:
		wreg, fsr2l, fsr2h, status,2, status,0
 Tracked objects:
		On entry : 
		On exit  : 
		Unchanged: 
 Data sizes:     COMRAM   BANK0   BANK1   BANK2   BANK3   BANK4   BANK5   BANK6   BANK7
      Params:         0       0       0       0       0       0       0       0       0
      Locals:         0       0       0       0       0       0       0       0       0
      Temps:          0       0       0       0       0       0       0       0       0
      Totals:         0       0       0       0       0       0       0       0       0
Total ram usage:        0 bytes
 Hardware stack levels used:    1
 This function calls:
		Nothing
 This function is called by:
		_INTERRUPT_InterruptManager
 This function uses a non-reentrant model


 *************** function _CMP1_ISR *****************
 Defined at:
		line 95 in file "../Includes/MccGenerated/cmp1.c"
 Parameters:    Size  Location     Type
		None
 Auto vars:     Size  Location     Type
		None
 Return value:  Size  Location     Type
                  1    wreg      void 
 Registers used:
		None
 Tracked objects:
		On entry : 
		On exit  : 
		Unchanged: 
 Data sizes:     COMRAM   BANK0   BANK1   BANK2   BANK3   BANK4   BANK5   BANK6   BANK7
      Params:         0       0       0       0       0       0       0       0       0
      Locals:         0       0       0       0       0       0       0       0       0
      Temps:          0       0       0       0       0       0       0       0       0
      Totals:         0       0       0       0       0       0       0       0       0
Total ram usage:        0 bytes
 Hardware stack levels used:    1
 This function calls:
		Nothing
 This function is called by:
		_INTERRUPT_InterruptManager
 This function uses a non-reentrant model



MODULE INFORMATION

Module		Function		Class		Link	Load	Size
/opt/microchip/xc8/v1.36/sources/common/isdigit.c
		_isdigit       		CODE           	3CF4	0000	31

/opt/microchip/xc8/v1.36/sources/common/isdigit.c estimated size: 31

/opt/microchip/xc8/v1.36/sources/common/fltol.c
		___fltol       		CODE           	4C5E	0000	157

/opt/microchip/xc8/v1.36/sources/common/fltol.c estimated size: 157

../Includes/MccGenerated/cmp1.c
		_CMP1_ISR      		CODE           	3AFC	0000	5
		_CMP1_Initialize		CODE           	3B96	0000	19

../Includes/MccGenerated/cmp1.c estimated size: 24

../Includes/MccGenerated/pin_manager.c
		_PIN_MANAGER_Initialize		CODE           	4322	0000	79

../Includes/MccGenerated/pin_manager.c estimated size: 79

/opt/microchip/xc8/v1.36/sources/common/Umul16.c
		___wmul        		CODE           	3D98	0000	39

/opt/microchip/xc8/v1.36/sources/common/Umul16.c estimated size: 39

/opt/microchip/xc8/v1.36/sources/common/lbmod.c
		___lbmod       		CODE           	3E34	0000	41

/opt/microchip/xc8/v1.36/sources/common/lbmod.c estimated size: 41

../Includes/Drivers/buttons.c
		_service_pushbutton		CODE           	44BE	0000	85

../Includes/Drivers/buttons.c estimated size: 85

/opt/microchip/xc8/v1.36/sources/common/lldiv.c
		___lldiv       		CODE           	4840	0000	119

/opt/microchip/xc8/v1.36/sources/common/lldiv.c estimated size: 119

../Includes/MccGenerated/interrupt_manager.c
		_INTERRUPT_InterruptManager		CODE           	1008	0000	163

../Includes/MccGenerated/interrupt_manager.c estimated size: 163

../Includes/Board/USBapp.c
		_USBapp_DeviceCdcEmulatorHandler		CODE           	519E	0000	185
		_USBapp_handlerState		CODE           	3B2E	0000	11
		_USART_mySetLineCodingHandler		CODE           	43C2	0000	85
		_USER_USB_CALLBACK_EVENT_HANDLER		CODE           	41F8	0000	75
		_USBapp_getrxByteFlag		CODE           	3B08	0000	5
		_USBapp_setrxByteFlag		CODE           	3B16	0000	7
		_USBapp_Handler		CODE           	492C	0000	121
		_USBapp_CdcEmulatorInitialize		CODE           	4096	0000	57

../Includes/Board/USBapp.c estimated size: 546

../Includes/MccGenerated/memory.c
		_DATAEE_WriteByte		CODE           	4108	0000	59
		_DATAEE_ReadByte		CODE           	3BCC	0000	21

../Includes/MccGenerated/memory.c estimated size: 80

../Includes/Drivers/SSD1306oLED.c
		_oled_displayOff		CODE           	3BBA	0000	19
		_oled_putUint16		CODE           	59D2	0000	245
		_Set_Column_Address		CODE           	3CB8	0000	31
		_oled_putString		CODE           	462E	0000	103
		_oled_clear    		CODE           	3C48	0000	25
		_oled_clearRow 		CODE           	3CD6	0000	31
		_oled_writeCommand		CODE           	3B44	0000	13
		_Set_Page_Address		CODE           	3BE0	0000	21
		_oled_writeData		CODE           	3B50	0000	13
		_oled_setDisplay		CODE           	3C08	0000	21
		_oled_init     		CODE           	3D30	0000	35
		_oled_devInit  		CODE           	5564	0000	217
		_oled_putChar  		CODE           	48B6	0000	119
		_oled_setFont  		CODE           	3BA8	0000	19
		_oled_putUint8 		CODE           	4512	0000	91

../Includes/Drivers/SSD1306oLED.c estimated size: 1003

../Includes/Board/MOTEapp.c
		_moteApp_add16bToDataBuffer		CODE           	5EFC	0000	287
		_modemResync   		CODE           	45CA	0000	101
		_moteRunningProcess		CODE           	613A	0000	425
		_MOTEapp_setResponseReady		CODE           	3AF8	0000	3
		_hexToStr      		CODE           	3DBE	0000	39
		_MOTEapp_getModemResponse		CODE           	428C	0000	75
		_moteApp_clearBuffers		CODE           	42D6	0000	77
		_sendDataCommand		CODE           	4E3A	0000	163
		_modemSleep    		CODE           	3D12	0000	31
		_moteJoiningProcess		CODE           	6E60	0000	2335
		_MOTEapp_TimerBasedTask		CODE           	3BF4	0000	21
		_moteApp_GoToSleep		CODE           	46FC	0000	107
		_EndLine       		CODE           	3B5C	0000	13
		_MOTEapp_handlerState		CODE           	3B24	0000	11
		_sendCommand   		CODE           	446A	0000	85
		_moteApp_delayms		CODE           	3E0C	0000	41
		_moteApp_add8bToDataBuffer		CODE           	4766	0000	109
		_moteHandler   		CODE           	62E2	0000	487
		_nibble2int    		CODE           	4142	0000	59

../Includes/Board/MOTEapp.c estimated size: 4469

../Includes/MccGenerated/tmr1.c
		_TMR1_Initialize		CODE           	3F90	0000	51
		_TMR1_StartTimer		CODE           	3B00	0000	5
		_TMR1_ISR      		CODE           	3B38	0000	13

../Includes/MccGenerated/tmr1.c estimated size: 69

../Includes/MccGenerated/adc.c
		_ADC_TempConversion		CODE           	3D52	0000	35
		_ADC_Initialize		CODE           	3C1C	0000	23
		_ADC_GetConversion		CODE           	40CE	0000	59

../Includes/MccGenerated/adc.c estimated size: 117

/opt/microchip/xc8/v1.36/sources/common/lbdiv.c
		___lbdiv       		CODE           	4060	0000	55

/opt/microchip/xc8/v1.36/sources/common/lbdiv.c estimated size: 55

/opt/microchip/xc8/v1.36/sources/common/xxtofl.c
		___xxtofl      		CODE           	5DE2	0000	283

/opt/microchip/xc8/v1.36/sources/common/xxtofl.c estimated size: 283

/opt/microchip/xc8/v1.36/sources/common/lwmod.c
		___lwmod       		CODE           	41BA	0000	63

/opt/microchip/xc8/v1.36/sources/common/lwmod.c estimated size: 63

/opt/microchip/xc8/v1.36/sources/common/sprcmul.c
		___flmul       		CODE           	68DA	0000	677

/opt/microchip/xc8/v1.36/sources/common/sprcmul.c estimated size: 677

shared
		_configDescriptor1		MEDIUMCONST    	7A99	0000	68
		_USB_CD_Ptr    		MEDIUMCONST    	7797	0000	3
		_sd001         		MEDIUMCONST    	7ADC	0000	53
		_OledFont0     		MEDIUMCONST    	7799	0000	769
		_sd002         		MEDIUMCONST    	7B10	0000	53
		i2_EUSART_Initialize		CODE           	3F06	0000	47
		_dpowers       		MEDIUMCONST    	777F	0000	11
		i2_USBDeviceInit		CODE           	5720	0000	229
		__initialization		CODE           	47D2	0000	97
		_device_dsc    		MEDIUMCONST    	7B44	0000	19
		_hexpowers     		MEDIUMCONST    	7789	0000	9
		_USB_SD_Ptr    		MEDIUMCONST    	7791	0000	7
		i2_memset      		CODE           	3E86	0000	43
		_sd000         		MEDIUMCONST    	7B56	0000	5
		i2_USBTransferOnePacket		CODE           	4EDC	0000	175

shared estimated size: 1588

/opt/microchip/xc8/v1.36/sources/common/sprcdiv.c
		___fldiv       		CODE           	64C8	0000	489

/opt/microchip/xc8/v1.36/sources/common/sprcdiv.c estimated size: 489

../Includes/MccGenerated/eusart.c
		_EUSART_Read   		CODE           	3FC2	0000	53
		_EUSART_Write  		CODE           	3FF6	0000	53
		_EUSART_Transmit_ISR		CODE           	3DE4	0000	41
		_EUSART_Initialize		CODE           	3F62	0000	47
		_EUSART_Receive_ISR		CODE           	3E5C	0000	43
		_EUSART_FlushBuffer		CODE           	3F34	0000	47

../Includes/MccGenerated/eusart.c estimated size: 284

../Includes/MccGenerated/spi.c
		_SPI_Exchange8bit		CODE           	3B86	0000	17
		_SPI_Initialize		CODE           	3B68	0000	15

../Includes/MccGenerated/spi.c estimated size: 32

/opt/microchip/xc8/v1.36/sources/common/strcmp.c
		_strcmp        		CODE           	49A4	0000	133

/opt/microchip/xc8/v1.36/sources/common/strcmp.c estimated size: 133

../Includes/Usb/framework/usb_device.c
		_USBCtrlTrfInHandler		CODE           	5494	0000	209
		_USBTransferOnePacket		CODE           	4F8A	0000	177
		_USBDeviceAttach		CODE           	3EDA	0000	45
		_USBStdGetDscHandler		CODE           	5AC6	0000	259
		_USBCtrlEPAllowDataStage		CODE           	4B40	0000	143
		_USBStdFeatureReqHandler		CODE           	66B0	0000	555
		_USBCtrlEPAllowStatusStage		CODE           	5256	0000	189
		_USBCtrlTrfSetupHandler		CODE           	456C	0000	95
		_USBCtrlTrfOutHandler		CODE           	4370	0000	83
		_USBCtrlEPServiceComplete		CODE           	563C	0000	229
		_USBSuspend    		CODE           	3C7C	0000	31
		_USBStdSetCfgHandler		CODE           	503A	0000	179
		_USBStdGetStatusHandler		CODE           	4A28	0000	139
		_USBWakeFromSuspend		CODE           	3D74	0000	37
		_USBCtrlTrfRxService		CODE           	601A	0000	289
		_USBCtrlTrfTxService		CODE           	53D2	0000	195
		_USBEnableEndpoint		CODE           	402A	0000	55
		_USBConfigureEndpoint		CODE           	4BCE	0000	145
		_USBDeviceInit 		CODE           	5804	0000	231
		_USBCtrlEPService		CODE           	50EC	0000	179
		_USBStallHandler		CODE           	417C	0000	63
		_USBDeviceTasks		CODE           	5BC8	0000	265
		_USBCheckStdRequest		CODE           	4D98	0000	163

../Includes/Usb/framework/usb_device.c estimated size: 3955

../Includes/Usb/framework/usb_device_cdc.c
		_CDCTxService  		CODE           	5CD0	0000	275
		_CDCInitEP     		CODE           	4416	0000	85
		_putUSBUSART   		CODE           	3C9A	0000	31
		_getsUSBUSART  		CODE           	4CFA	0000	159
		_USBCheckCDCRequest		CODE           	4AB2	0000	143

../Includes/Usb/framework/usb_device_cdc.c estimated size: 693

/opt/microchip/xc8/v1.36/sources/common/memset.c
		_memset        		CODE           	3EB0	0000	43

/opt/microchip/xc8/v1.36/sources/common/memset.c estimated size: 43

../Includes/Drivers/TMRapp.c
		_TMRapp_ClearBitFlags		CODE           	3B0C	0000	5
		_TMRapp_Tick   		CODE           	3B10	0000	7
		_TMRapp_Handler		CODE           	58EA	0000	233

../Includes/Drivers/TMRapp.c estimated size: 245

../Includes/MccGenerated/mcc.c
		_OSCILLATOR_Initialize		CODE           	3C32	0000	23
		_SYSTEM_Initialize		CODE           	3C60	0000	29

../Includes/MccGenerated/mcc.c estimated size: 52

/opt/microchip/xc8/v1.36/sources/common/strncmp.c
		_strncmp       		CODE           	4694	0000	105

/opt/microchip/xc8/v1.36/sources/common/strncmp.c estimated size: 105

main.c
		_main          		CODE           	5312	0000	193

main.c estimated size: 193

/opt/microchip/xc8/v1.36/sources/common/doprnt.c
		_sprintf       		CODE           	6B7E	0000	739

/opt/microchip/xc8/v1.36/sources/common/doprnt.c estimated size: 739

/opt/microchip/xc8/v1.36/sources/common/lwdiv.c
		___lwdiv       		CODE           	4242	0000	75

/opt/microchip/xc8/v1.36/sources/common/lwdiv.c estimated size: 75

../Includes/MccGenerated/tmr2.c
		_TMR2_Initialize		CODE           	3B76	0000	17
		_TMR2_StartTimer		CODE           	3B04	0000	5
		_TMR2_ReadTimer		CODE           	3B1C	0000	9

../Includes/MccGenerated/tmr2.c estimated size: 31

