Microchip MPLAB XC8 Compiler V1.36 ()

Linker command line:

--edf=/opt/microchip/xc8/v1.36/dat/en_msgs.txt -cs \
  -h+dist/Offset/production/LoRaMote_SigMap.X.production.sym \
  --cmf=dist/Offset/production/LoRaMote_SigMap.X.production.cmf -z \
  -Q18LF25K50 -o/tmp/xcXSQmanb \
  -Mdist/Offset/production/LoRaMote_SigMap.X.production.map -E1 -ver=XC8 \
  --acfsm=1493 -ASTACK=0580h-07ffh -pstack=STACK \
  -ACODE=01000h-01005h,01008h-01015h,01018h-07FFFh \
  -ACONST=01000h-01005h,01008h-01015h,01018h-07FFFh \
  -ASMALLCONST=01000h-01005h,01008h-01015h,01018h-010FFh,01100h-011FFhx111 \
  -AMEDIUMCONST=01000h-01005h,01008h-01015h,01018h-07FFFh -ACOMRAM=01h-05Fh \
  -AABS1=00h-07FFh -ABIGRAM=01h-07FFh -ARAM=060h-0FFh,0100h-01FFhx7 \
  -ABANK0=060h-0FFh -ABANK1=0100h-01FFh -ABANK2=0200h-02FFh \
  -ABANK3=0300h-03FFh -ABANK4=0400h-04FFh -ABANK5=0500h-05FFh \
  -ABANK6=0600h-06FFh -ABANK7=0700h-07FFh -ASFR=0F53h-0F5Fh,0F60h-0FFFh \
  -preset_vec=01000h,intcode=01008h,intcodelo,powerup,init,end_init \
  -pramtop=0800h -psmallconst=SMALLCONST -pmediumconst=MEDIUMCONST \
  -pconst=CONST -AFARRAM=00h-00h -ACONFIG=0300000h-030000Dh -pconfig=CONFIG \
  -AIDLOC=0200000h-0200007h -pidloc=IDLOC -AEEDATA=0F00000h-0F000FFh \
  -peeprom_data=EEDATA \
  -prdata=COMRAM,nvrram=COMRAM,nvbit=COMRAM,rbss=COMRAM,rbit=COMRAM \
  -pfarbss=FARRAM,fardata=FARRAM,nvFARRAM=FARRAM \
  -pintsave_regs=BIGRAM,bigbss=BIGRAM,bigdata=BIGRAM -pbss=RAM \
  -pidata=CODE,irdata=CODE,ibigdata=CODE,ifardata=CODE -prparam=COMRAM \
  /tmp/xcX3QFUVy.obj \
  dist/Offset/production/LoRaMote_SigMap.X.production.obj 

Object code version is 3.11

Machine type is 18LF25K50

Call graph: (short form)




                Name                               Link     Load   Length Selector   Space Scale
/tmp/xcX3QFUVy.obj
                end_init                           10AA     10AA        4      804       0
                reset_vec                          1000     1000        4      800       0
                idloc                            200000   200000        8   200000       0
                config                           300000   300000        E   300000       0
dist/Offset/production/LoRaMote_SigMap.X.production.obj
                intcode                            1008     1008       A2      804       0
                temp                                 5B       5B        1        1       1
                mediumconst                        777A     777A      886     3BBD       0
                text113                            4250     4250        4     2128       0
                text112                            4534     4534       28     229A       0
                text111                            455C     455C       28     22AE       0
                text110                            4290     4290        C     2148       0
                text109                            4264     4264        6     2132       0
                text108                            4F1A     4F1A       76     278D       0
                text107                            4628     4628       2C     2314       0
                text106                            4B5E     4B5E       54     25AF       0
                text105                            59A6     59A6       C2     2CD3       0
                text104                            5A68     5A68       CE     2D34       0
                text103                            58EA     58EA       BC     2C75       0
                text102                            647C     647C      120     323E       0
                text101                            4ABA     4ABA       52     255D       0
                text100                            5206     5206       8C     2903       0
                text99                             517E     517E       88     28BF       0
                text98                             4766     4766       36     23B3       0
                text97                             5444     5444       9E     2A22       0
                text96                             4B0C     4B0C       52     2586       0
                text95                             47D2     47D2       38     23E9       0
                text94                             4942     4942       4A     24A1       0
                text93                             6908     6908      1F4     3484       0
                text92                             6270     6270      102     3138       0
                text91                             507C     507C       7E     283E       0
                text90                             45D4     45D4       2A     22EA       0
                text89                             5620     5620       A8     2B10       0
                text88                             54E2     54E2       9E     2A71       0
                text87                             5292     5292       8E     2949       0
                text86                             5E9A     5E9A       E4     2F4D       0
                text85                             4C60     4C60       5E     2630       0
                text84                             56C8     56C8       B2     2B64       0
                text83                             487E     487E       3E     243F       0
                text82                             43EA     43EA       1E     21F5       0
                text81                             4482     4482       22     2241       0
                text80                             5C0C     5C0C       D8     2E06       0
                text79                             6072     6072       FE     3039       0
                text78                             426A     426A        6     2135       0
                text76                             4332     4332       14     2199       0
                text75                             4278     4278        8     213C       0
                text74                             436E     436E       16     21B7       0
                text73                             42FC     42FC       12     217E       0
                text72                             4654     4654       2C     232A       0
                text71                             4384     4384       16     21C2       0
                text70                             4A6C     4A6C       4E     2536       0
                text69                             42C0     42C0        E     2160       0
                text68                             4254     4254        4     212A       0
                text67                             4680     4680       2C     2340       0
                text66                             4258     4258        4     212C       0
                text65                             42DC     42DC       10     216E       0
                text64                             4462     4462       20     2231       0
                text63                             46AC     46AC       2C     2356       0
                text62                             45FE     45FE       2A     22FF       0
                text61                             5B36     5B36       D6     2D9B       0
                text60                             5580     5580       A0     2AC0       0
                text59                             6170     6170      100     30B8       0
                text58                             4704     4704       2E     2382       0
                text57                             4732     4732       34     2399       0
                text56                             1004     1004        2      800       0
                text55                             425C     425C        4     212E       0
                text54                             5320     5320       90     2990       0
                text53                             43B2     43B2       1C     21D9       0
                text52                             577A     577A       B6     2BBD       0
                text51                             42EC     42EC       10     2176       0
                text50                             429C     429C        C     214E       0
                text49                             4408     4408       1E     2204       0
                text48                             4346     4346       14     21A3       0
                text47                             42A8     42A8        C     2154       0
                text46                             4F90     4F90       76     27C8       0
                text45                             4426     4426       1E     2213       0
                text44                             439A     439A       18     21CD       0
                text43                             4DE0     4DE0       66     26F0       0
                text42                             5006     5006       76     2803       0
                text41                             4280     4280        8     2140       0
                text40                             42CE     42CE        E     2167       0
                text39                             4260     4260        4     2130       0
                text38                             48BC     48BC       3E     245E       0
                text37                             5DBC     5DBC       DE     2EDE       0
                text36                             480A     480A       3A     2405       0
                text35                             498C     498C       4A     24C6       0
                text34                             44A4     44A4       22     2252       0
                text33                             4844     4844       3A     2422       0
                text32                             49D6     49D6       4A     24EB       0
                text31                             4584     4584       28     22C2       0
                text30                             5F7E     5F7E       F4     2FBF       0
                text29                             42B4     42B4        C     215A       0
                text28                             4BB2     4BB2       54     25D9       0
                text27                             44E8     44E8       26     2274       0
                text26                             4444     4444       1E     2222       0
                text25                             6AFC     6AFC      3AC     357E       0
                text24                             50FA     50FA       84     287D       0
                text23                             4E46     4E46       68     2723       0
                text22                             6EA8     6EA8      8D2     3754       0
                text21                             4288     4288        8     2144       0
                text20                             46D8     46D8       2C     236C       0
                text19                             4D7C     4D7C       64     26BE       0
                text18                             43CE     43CE       1C     21E7       0
                text17                             430E     430E       12     2187       0
                text16                             5CE4     5CE4       D8     2E72       0
                text15                             435A     435A       14     21AD       0
                text14                             4320     4320       12     2190       0
                text13                             44C6     44C6       22     2263       0
                text12                             4EAE     4EAE       6C     2757       0
                text11                             6372     6372      10A     31B9       0
                text10                             479C     479C       36     23CE       0
                text9                              45AC     45AC       28     22D6       0
                text8                              4D1C     4D1C       60     268E       0
                text7                              48FA     48FA       48     247D       0
                text6                              4C06     4C06       5A     2603       0
                text5                              450E     450E       26     2287       0
                text4                              53B0     53B0       94     29D8       0
                text3                              659C     659C      18C     32CE       0
                text2                              4A20     4A20       4C     2510       0
                text1                              6728     6728      1E0     3394       0
                text0                              5830     5830       BA     2C18       0
                cstackCOMRAM                         2E       2E       2D        1       1
                cstackBANK0                          B9       B9       38       60       1
                cstackBANK1                         1EA      1EA        9      100       1
                bssBANK2                            200      200       80      200       1
                bssBANK1                            100      100       EA      100       1
                dataBANK0                            F1       F1        7       60       1
                bssBANK0                             60       60       59       60       1
                bssCOMRAM                             1        1       2D        1       1
                cinit                              4CBE     4CBE       5E     265F       0
                idataBANK0                         4271     4271        7     4271       0

TOTAL           Name                               Link     Load   Length     Space
        CLASS   STACK          

        CLASS   CODE           
                end_init                           10AA     10AA        4         0
                intcode                            1008     1008       A2         0
                reset_vec                          1000     1000        4         0
                text113                            4250     4250        4         0
                text112                            4534     4534       28         0
                text111                            455C     455C       28         0
                text110                            4290     4290        C         0
                text109                            4264     4264        6         0
                text108                            4F1A     4F1A       76         0
                text107                            4628     4628       2C         0
                text106                            4B5E     4B5E       54         0
                text105                            59A6     59A6       C2         0
                text104                            5A68     5A68       CE         0
                text103                            58EA     58EA       BC         0
                text102                            647C     647C      120         0
                text101                            4ABA     4ABA       52         0
                text100                            5206     5206       8C         0
                text99                             517E     517E       88         0
                text98                             4766     4766       36         0
                text97                             5444     5444       9E         0
                text96                             4B0C     4B0C       52         0
                text95                             47D2     47D2       38         0
                text94                             4942     4942       4A         0
                text93                             6908     6908      1F4         0
                text92                             6270     6270      102         0
                text91                             507C     507C       7E         0
                text90                             45D4     45D4       2A         0
                text89                             5620     5620       A8         0
                text88                             54E2     54E2       9E         0
                text87                             5292     5292       8E         0
                text86                             5E9A     5E9A       E4         0
                text85                             4C60     4C60       5E         0
                text84                             56C8     56C8       B2         0
                text83                             487E     487E       3E         0
                text82                             43EA     43EA       1E         0
                text81                             4482     4482       22         0
                text80                             5C0C     5C0C       D8         0
                text79                             6072     6072       FE         0
                text78                             426A     426A        6         0
                text76                             4332     4332       14         0
                text75                             4278     4278        8         0
                text74                             436E     436E       16         0
                text73                             42FC     42FC       12         0
                text72                             4654     4654       2C         0
                text71                             4384     4384       16         0
                text70                             4A6C     4A6C       4E         0
                text69                             42C0     42C0        E         0
                text68                             4254     4254        4         0
                text67                             4680     4680       2C         0
                text66                             4258     4258        4         0
                text65                             42DC     42DC       10         0
                text64                             4462     4462       20         0
                text63                             46AC     46AC       2C         0
                text62                             45FE     45FE       2A         0
                text61                             5B36     5B36       D6         0
                text60                             5580     5580       A0         0
                text59                             6170     6170      100         0
                text58                             4704     4704       2E         0
                text57                             4732     4732       34         0
                text56                             1004     1004        2         0
                text55                             425C     425C        4         0
                text54                             5320     5320       90         0
                text53                             43B2     43B2       1C         0
                text52                             577A     577A       B6         0
                text51                             42EC     42EC       10         0
                text50                             429C     429C        C         0
                text49                             4408     4408       1E         0
                text48                             4346     4346       14         0
                text47                             42A8     42A8        C         0
                text46                             4F90     4F90       76         0
                text45                             4426     4426       1E         0
                text44                             439A     439A       18         0
                text43                             4DE0     4DE0       66         0
                text42                             5006     5006       76         0
                text41                             4280     4280        8         0
                text40                             42CE     42CE        E         0
                text39                             4260     4260        4         0
                text38                             48BC     48BC       3E         0
                text37                             5DBC     5DBC       DE         0
                text36                             480A     480A       3A         0
                text35                             498C     498C       4A         0
                text34                             44A4     44A4       22         0
                text33                             4844     4844       3A         0
                text32                             49D6     49D6       4A         0
                text31                             4584     4584       28         0
                text30                             5F7E     5F7E       F4         0
                text29                             42B4     42B4        C         0
                text28                             4BB2     4BB2       54         0
                text27                             44E8     44E8       26         0
                text26                             4444     4444       1E         0
                text25                             6AFC     6AFC      3AC         0
                text24                             50FA     50FA       84         0
                text23                             4E46     4E46       68         0
                text22                             6EA8     6EA8      8D2         0
                text21                             4288     4288        8         0
                text20                             46D8     46D8       2C         0
                text19                             4D7C     4D7C       64         0
                text18                             43CE     43CE       1C         0
                text17                             430E     430E       12         0
                text16                             5CE4     5CE4       D8         0
                text15                             435A     435A       14         0
                text14                             4320     4320       12         0
                text13                             44C6     44C6       22         0
                text12                             4EAE     4EAE       6C         0
                text11                             6372     6372      10A         0
                text10                             479C     479C       36         0
                text9                              45AC     45AC       28         0
                text8                              4D1C     4D1C       60         0
                text7                              48FA     48FA       48         0
                text6                              4C06     4C06       5A         0
                text5                              450E     450E       26         0
                text4                              53B0     53B0       94         0
                text3                              659C     659C      18C         0
                text2                              4A20     4A20       4C         0
                text1                              6728     6728      1E0         0
                text0                              5830     5830       BA         0
                cinit                              4CBE     4CBE       5E         0
                idataBANK0                         4271     4271        7         0

        CLASS   CONST          

        CLASS   SMALLCONST     

        CLASS   MEDIUMCONST    
                mediumconst                        777A     777A      886         0

        CLASS   COMRAM         
                temp                                 5B       5B        1         1
                cstackCOMRAM                         2E       2E       2D         1
                bssCOMRAM                             1        1       2D         1

        CLASS   ABS1           
                abs_s1                              400      400       40         1
                abs_s1                              500      500       80         1

        CLASS   BIGRAM         

        CLASS   RAM            

        CLASS   BANK0          
                cstackBANK0                          B9       B9       38         1
                dataBANK0                            F1       F1        7         1
                bssBANK0                             60       60       59         1

        CLASS   BANK1          
                cstackBANK1                         1EA      1EA        9         1
                bssBANK1                            100      100       EA         1

        CLASS   BANK2          
                bssBANK2                            200      200       80         1

        CLASS   BANK3          

        CLASS   BANK4          

        CLASS   BANK5          

        CLASS   BANK6          

        CLASS   BANK7          

        CLASS   SFR            

        CLASS   FARRAM         

        CLASS   CONFIG         
                config                           300000   300000        E         0

        CLASS   IDLOC          
                idloc                            200000   200000        8         0

        CLASS   EEDATA         



SEGMENTS        Name                           Load    Length   Top    Selector   Space  Class

                bssCOMRAM                      000001  00005B  00005C         1       1  COMRAM  
                bssBANK0                       000060  000098  0000F8        60       1  BANK0   
                bssBANK1                       000100  0000F3  0001F3       100       1  BANK1   
                bssBANK2                       000200  000080  000280       200       1  BANK2   
                reset_vec                      001000  000006  001006       800       0  CODE    
                intcode                        001008  0000A6  0010AE       804       0  CODE    
                text113                        004250  000004  004254      2128       0  CODE    
                text68                         004254  000004  004258      212A       0  CODE    
                text66                         004258  000004  00425C      212C       0  CODE    
                text55                         00425C  000004  004260      212E       0  CODE    
                text39                         004260  000004  004264      2130       0  CODE    
                text109                        004264  000006  00426A      2132       0  CODE    
                text78                         00426A  000006  004270      2135       0  CODE    
                idataBANK0                     004271  000007  004278      4271       0  CODE    
                text75                         004278  000008  004280      213C       0  CODE    
                text41                         004280  000008  004288      2140       0  CODE    
                text21                         004288  000008  004290      2144       0  CODE    
                text110                        004290  00000C  00429C      2148       0  CODE    
                text50                         00429C  00000C  0042A8      214E       0  CODE    
                text47                         0042A8  00000C  0042B4      2154       0  CODE    
                text29                         0042B4  00000C  0042C0      215A       0  CODE    
                text69                         0042C0  00000E  0042CE      2160       0  CODE    
                text40                         0042CE  00000E  0042DC      2167       0  CODE    
                text65                         0042DC  000010  0042EC      216E       0  CODE    
                text51                         0042EC  000010  0042FC      2176       0  CODE    
                text73                         0042FC  000012  00430E      217E       0  CODE    
                text17                         00430E  000012  004320      2187       0  CODE    
                text14                         004320  000012  004332      2190       0  CODE    
                text76                         004332  000014  004346      2199       0  CODE    
                text48                         004346  000014  00435A      21A3       0  CODE    
                text15                         00435A  000014  00436E      21AD       0  CODE    
                text74                         00436E  000016  004384      21B7       0  CODE    
                text71                         004384  000016  00439A      21C2       0  CODE    
                text44                         00439A  000018  0043B2      21CD       0  CODE    
                text53                         0043B2  00001C  0043CE      21D9       0  CODE    
                text18                         0043CE  00001C  0043EA      21E7       0  CODE    
                text82                         0043EA  00001E  004408      21F5       0  CODE    
                text49                         004408  00001E  004426      2204       0  CODE    
                text45                         004426  00001E  004444      2213       0  CODE    
                text26                         004444  00001E  004462      2222       0  CODE    
                text64                         004462  000020  004482      2231       0  CODE    
                text81                         004482  000022  0044A4      2241       0  CODE    
                text34                         0044A4  000022  0044C6      2252       0  CODE    
                text13                         0044C6  000022  0044E8      2263       0  CODE    
                text27                         0044E8  000026  00450E      2274       0  CODE    
                text5                          00450E  000026  004534      2287       0  CODE    
                text112                        004534  000028  00455C      229A       0  CODE    
                text111                        00455C  000028  004584      22AE       0  CODE    
                text31                         004584  000028  0045AC      22C2       0  CODE    
                text9                          0045AC  000028  0045D4      22D6       0  CODE    
                text90                         0045D4  00002A  0045FE      22EA       0  CODE    
                text62                         0045FE  00002A  004628      22FF       0  CODE    
                text107                        004628  00002C  004654      2314       0  CODE    
                text72                         004654  00002C  004680      232A       0  CODE    
                text67                         004680  00002C  0046AC      2340       0  CODE    
                text63                         0046AC  00002C  0046D8      2356       0  CODE    
                text20                         0046D8  00002C  004704      236C       0  CODE    
                text58                         004704  00002E  004732      2382       0  CODE    
                text57                         004732  000034  004766      2399       0  CODE    
                text98                         004766  000036  00479C      23B3       0  CODE    
                text10                         00479C  000036  0047D2      23CE       0  CODE    
                text95                         0047D2  000038  00480A      23E9       0  CODE    
                text36                         00480A  00003A  004844      2405       0  CODE    
                text33                         004844  00003A  00487E      2422       0  CODE    
                text83                         00487E  00003E  0048BC      243F       0  CODE    
                text38                         0048BC  00003E  0048FA      245E       0  CODE    
                text7                          0048FA  000048  004942      247D       0  CODE    
                text94                         004942  00004A  00498C      24A1       0  CODE    
                text35                         00498C  00004A  0049D6      24C6       0  CODE    
                text32                         0049D6  00004A  004A20      24EB       0  CODE    
                text2                          004A20  00004C  004A6C      2510       0  CODE    
                text70                         004A6C  00004E  004ABA      2536       0  CODE    
                text101                        004ABA  000052  004B0C      255D       0  CODE    
                text96                         004B0C  000052  004B5E      2586       0  CODE    
                text106                        004B5E  000054  004BB2      25AF       0  CODE    
                text28                         004BB2  000054  004C06      25D9       0  CODE    
                text6                          004C06  00005A  004C60      2603       0  CODE    
                text85                         004C60  00005E  004CBE      2630       0  CODE    
                cinit                          004CBE  00005E  004D1C      265F       0  CODE    
                text8                          004D1C  000060  004D7C      268E       0  CODE    
                text19                         004D7C  000064  004DE0      26BE       0  CODE    
                text43                         004DE0  000066  004E46      26F0       0  CODE    
                text23                         004E46  000068  004EAE      2723       0  CODE    
                text12                         004EAE  00006C  004F1A      2757       0  CODE    
                text108                        004F1A  000076  004F90      278D       0  CODE    
                text46                         004F90  000076  005006      27C8       0  CODE    
                text42                         005006  000076  00507C      2803       0  CODE    
                text91                         00507C  00007E  0050FA      283E       0  CODE    
                text24                         0050FA  000084  00517E      287D       0  CODE    
                text99                         00517E  000088  005206      28BF       0  CODE    
                text100                        005206  00008C  005292      2903       0  CODE    
                text87                         005292  00008E  005320      2949       0  CODE    
                text54                         005320  000090  0053B0      2990       0  CODE    
                text4                          0053B0  000094  005444      29D8       0  CODE    
                text97                         005444  00009E  0054E2      2A22       0  CODE    
                text88                         0054E2  00009E  005580      2A71       0  CODE    
                text60                         005580  0000A0  005620      2AC0       0  CODE    
                text89                         005620  0000A8  0056C8      2B10       0  CODE    
                text84                         0056C8  0000B2  00577A      2B64       0  CODE    
                text52                         00577A  0000B6  005830      2BBD       0  CODE    
                text0                          005830  0000BA  0058EA      2C18       0  CODE    
                text103                        0058EA  0000BC  0059A6      2C75       0  CODE    
                text105                        0059A6  0000C2  005A68      2CD3       0  CODE    
                text104                        005A68  0000CE  005B36      2D34       0  CODE    
                text61                         005B36  0000D6  005C0C      2D9B       0  CODE    
                text80                         005C0C  0000D8  005CE4      2E06       0  CODE    
                text16                         005CE4  0000D8  005DBC      2E72       0  CODE    
                text37                         005DBC  0000DE  005E9A      2EDE       0  CODE    
                text86                         005E9A  0000E4  005F7E      2F4D       0  CODE    
                text30                         005F7E  0000F4  006072      2FBF       0  CODE    
                text79                         006072  0000FE  006170      3039       0  CODE    
                text59                         006170  000100  006270      30B8       0  CODE    
                text92                         006270  000102  006372      3138       0  CODE    
                text11                         006372  00010A  00647C      31B9       0  CODE    
                text102                        00647C  000120  00659C      323E       0  CODE    
                text3                          00659C  00018C  006728      32CE       0  CODE    
                text1                          006728  0001E0  006908      3394       0  CODE    
                text93                         006908  0001F4  006AFC      3484       0  CODE    
                text25                         006AFC  0003AC  006EA8      357E       0  CODE    
                text22                         006EA8  0008D2  00777A      3754       0  CODE    
                mediumconst                    00777A  000886  008000      3BBD       0  MEDIUMCO
                idloc                          200000  000008  200008    200000       0  IDLOC   
                config                         300000  00000E  30000E    300000       0  CONFIG  


UNUSED ADDRESS RANGES

        Name                Unused          Largest block    Delta
        BANK0            0000F8-0000FF                8
        BANK1            0001F3-0001FF                D
        BANK2            000280-0002FF               80
        BANK3            000300-0003FF              100
        BANK4            000440-0004FF               C0
        BANK5            000580-0005FF               80
        BANK6            000600-0006FF              100
        BANK7            000700-0007FF              100
        BIGRAM           00005C-00005F                4
                         0000F8-0000FF                8
                         0001F3-0001FF                D
                         000280-0003FF              180
                         000440-0004FF               C0
                         000580-0007FF              280
        CODE             0010AE-00424F             31A2
                         004270-004270                1
        COMRAM           00005C-00005F                4
        CONST            0010AE-00424F             31A2
                         004270-004270                1
        EEDATA           F00000-F000FF              100
        FARRAM           000000-000000                1
        MEDIUMCONST      0010AE-00424F             31A2
                         004270-004270                1
        RAM              0000F8-0000FF                8
                         0001F3-0001FF                D
                         000280-0003FF               80
                         000440-0004FF               C0
                         000580-0007FF              100
        SFR              000F53-000FFF                D
        SMALLCONST       0010AE-00424F              100
                         004270-004270                1
        STACK            000580-0007FF              280

                                  Symbol Table

?_ADC_GetConversion                         cstackBANK0  0000B9
?_USBTransferOnePacket                      cstackBANK0  0000B9
?___lldiv                                   cstackCOMRAM 00002E
?___lwdiv                                   cstackBANK0  0000B9
?___lwmod                                   cstackBANK0  0000C0
?___wmul                                    cstackBANK0  0000B9
?_sprintf                                   cstackBANK0  0000C5
?_strcmp                                    cstackBANK0  0000B9
?_strncmp                                   cstackBANK0  0000B9
?i2_USBTransferOnePacket                    cstackCOMRAM 00002E
ADC_GetConversion@channel                   cstackBANK0  0000BD
ADC_TempConversion@temp                     cstackBANK0  0000C1
ADC_TempConversion@tempRaw                  cstackBANK0  0000C0
CDCTxService@byte_to_send                   cstackBANK0  0000C3
CDCTxService@i                              cstackBANK0  0000C2
DATAEE_ReadByte@bAdd                        cstackBANK0  0000B9
DATAEE_WriteByte@GIEBitValue                cstackBANK0  0000BB
DATAEE_WriteByte@bAdd                       cstackBANK0  0000BA
DATAEE_WriteByte@bData                      cstackBANK0  0000B9
EUSART_FlushBuffer@index                    cstackBANK0  0000B9
EUSART_Read@readValue                       cstackBANK0  0000B9
EUSART_Write@txData                         cstackBANK0  0000B9
MOTEapp_TimerBasedTask@timerTask            cstackBANK0  0000B9
MOTEapp_getModemResponse@bufferByte         cstackBANK0  0000BB
MOTEapp_getModemResponse@terminatorReceived cstackBANK0  0000BA
MOTEapp_handlerState@state                  cstackBANK0  0000B9
SPI_Exchange8bit@data                       cstackBANK0  0000B9
Set_Column_Address@address                  cstackBANK0  0000BB
Set_Page_Address@address                    cstackBANK0  0000BB
TMR2_ReadTimer@readVal                      cstackBANK0  0000B9
USART_mySetLineCodingHandler@dwBaud         cstackCOMRAM 00003B
USBConfigureEndpoint@EPNum                  cstackCOMRAM 000033
USBConfigureEndpoint@direction              cstackCOMRAM 00002E
USBConfigureEndpoint@handle                 cstackCOMRAM 000034
USBCtrlEPService@setup_cnt                  cstackCOMRAM 00004D
USBCtrlTrfInHandler@lastDTS                 cstackCOMRAM 00003F
USBCtrlTrfRxService@byteToRead              cstackCOMRAM 000040
USBCtrlTrfRxService@i                       cstackCOMRAM 00003F
USBCtrlTrfTxService@byteToSend              cstackCOMRAM 00002E
USBDeviceInit@i                             cstackBANK0  0000C1
USBDeviceTasks@i                            cstackCOMRAM 00004E
USBEnableEndpoint@ep                        cstackCOMRAM 000039
USBEnableEndpoint@options                   cstackCOMRAM 000036
USBEnableEndpoint@p                         cstackCOMRAM 000037
USBStdFeatureReqHandler@current_ep_data     cstackCOMRAM 000047
USBStdFeatureReqHandler@p                   cstackCOMRAM 000048
USBStdFeatureReqHandler@pUEP                cstackCOMRAM 000045
USBStdGetStatusHandler@p                    cstackCOMRAM 00002E
USBStdSetCfgHandler@i                       cstackCOMRAM 000043
USBTransferOnePacket@data                   cstackBANK0  0000BA
USBTransferOnePacket@dir                    cstackBANK0  0000B9
USBTransferOnePacket@ep                     cstackBANK0  0000BD
USBTransferOnePacket@handle                 cstackBANK0  0000BE
USBTransferOnePacket@len                    cstackBANK0  0000BC
USBapp_CdcEmulatorInitialize@i              cstackCOMRAM 00003A
USBapp_handlerState@state                   cstackBANK0  0000B9
USER_USB_CALLBACK_EVENT_HANDLER@event       cstackCOMRAM 00003B
USER_USB_CALLBACK_EVENT_HANDLER@pdata       cstackCOMRAM 00003D
USER_USB_CALLBACK_EVENT_HANDLER@size        cstackCOMRAM 00003F
_ACTCON                                     (abs)        000FB5
_ADCON0                                     (abs)        000FC2
_ADCON0bits                                 (abs)        000FC2
_ADCON1                                     (abs)        000FC1
_ADCON2                                     (abs)        000FC0
_ADC_GetConversion                          text36       00480A
_ADC_Initialize                             text74       00436E
_ADC_TempConversion                         text34       0044A4
_ADRESH                                     (abs)        000FC4
_ADRESL                                     (abs)        000FC3
_ANSELAbits                                 (abs)        000F5B
_ANSELCbits                                 (abs)        000F5D
_BAUDCON                                    (abs)        000FB8
_BDT                                        (abs)        000400
_BothEP0OutUOWNsSet                         bssBANK0     00008D
_CDCDataInHandle                            bssBANK0     000079
_CDCDataOutHandle                           bssBANK0     00007B
_CDCInitEP                                  text96       004B0C
_CDCTxService                               text59       006170
_CDCTxService$5580                          cstackBANK0  0000C0
_CKE                                        (abs)        007E3E
_CKP                                        (abs)        007E34
_CM1CON0                                    (abs)        000F98
_CM2CON1bits                                (abs)        000F9A
_CMP1_ISR                                   text113      004250
_CMP1_Initialize                            text73       0042FC
_CtrlTrfData                                (abs)        000438
_DATAEE_ReadByte                            text76       004332
_DATAEE_WriteByte                           text33       004844
_EEADR                                      (abs)        000FA9
_EECON1bits                                 (abs)        000FA6
_EECON2                                     (abs)        000FA7
_EEDATA                                     (abs)        000FA8
_EUSART_FlushBuffer                         text20       0046D8
_EUSART_Initialize                          text72       004654
_EUSART_Read                                text58       004704
_EUSART_Receive_ISR                         text112      004534
_EUSART_Transmit_ISR                        text111      00455C
_EUSART_Write                               text57       004732
_EndLine                                    text29       0042B4
_GIE                                        (abs)        007F97
_INTCONbits                                 (abs)        000FF2
_INTERRUPT_InterruptManager                 intcode      001008
_IOCCbits                                   (abs)        000F87
_IPR3bits                                   (abs)        000FA5
_LATAbits                                   (abs)        000F89
_LATBbits                                   (abs)        000F8A
_LATCbits                                   (abs)        000F8B
_LastRS232Out                               bssCOMRAM    000019
_MOTEapp_TimerBasedTask                     text40       0042CE
_MOTEapp_getModemResponse                   text32       0049D6
_MOTEapp_handlerState                       text75       004278
_MOTEapp_setResponseReady                   text56       001004
_NextUSBOut                                 bssCOMRAM    00001A
_OSCCON                                     (abs)        000FD3
_OSCCON2                                    (abs)        000FD2
_OSCCON2bits                                (abs)        000FD2
_OSCILLATOR_Initialize                      text71       004384
_OSCTUNE                                    (abs)        000F9B
_OledFont0                                  mediumconst  007795
_PEIE                                       (abs)        007F96
_PIE1bits                                   (abs)        000F9D
_PIE2bits                                   (abs)        000FA0
_PIE3bits                                   (abs)        000FA3
_PIN_MANAGER_Initialize                     text70       004A6C
_PIR1bits                                   (abs)        000F9E
_PIR2bits                                   (abs)        000FA1
_PIR3bits                                   (abs)        000FA4
_PORTAbits                                  (abs)        000F80
_PORTCbits                                  (abs)        000F82
_PR2                                        (abs)        000FBB
_RCONbits                                   (abs)        000FD0
_RCREG                                      (abs)        000FAE
_RCSTA                                      (abs)        000FAB
_RCSTAbits                                  (abs)        000FAB
_RS232_Out_Data_Rdy                         bssCOMRAM    00001B
_RS232cp                                    bssCOMRAM    00001C
_RemoteWakeup                               bssCOMRAM    00001D
_S1                                         dataBANK0    0000F3
_S2                                         dataBANK0    0000F4
_SPBRG                                      (abs)        000FAF
_SPBRGH                                     (abs)        000FB0
_SPI_Exchange8bit                           text51       0042EC
_SPI_Initialize                             text69       0042C0
_SSP1ADD                                    (abs)        000FC8
_SSP1CON1                                   (abs)        000FC6
_SSP1CON1bits                               (abs)        000FC6
_SSP1STAT                                   (abs)        000FC7
_SSP1STATbits                               (abs)        000FC7
_SSPBUF                                     (abs)        000FC9
_SYSTEM_Initialize                          text64       004462
_Set_Column_Address                         text49       004408
_Set_Page_Address                           text48       004346
_SetupPkt                                   (abs)        000430
_T1CON                                      (abs)        000FCD
_T1CONbits                                  (abs)        000FCD
_T1GCON                                     (abs)        000FCC
_T2CON                                      (abs)        000FBA
_T2CONbits                                  (abs)        000FBA
_TMR1H                                      (abs)        000FCF
_TMR1L                                      (abs)        000FCE
_TMR1_ISR                                   text110      004290
_TMR1_Initialize                            text67       004680
_TMR1_StartTimer                            text68       004254
_TMR2                                       (abs)        000FBC
_TMR2_Initialize                            text65       0042DC
_TMR2_ReadTimer                             text21       004288
_TMR2_StartTimer                            text66       004258
_TMRapp_ClearBitFlags                       text39       004260
_TMRapp_Handler                             text37       005DBC
_TMRapp_Tick                                text109      004264
_TRISAbits                                  (abs)        000F92
_TRISBbits                                  (abs)        000F93
_TRISCbits                                  (abs)        000F94
_TXREG                                      (abs)        000FAD
_TXSTA                                      (abs)        000FAC
_TXSTAbits                                  (abs)        000FAC
_UADDR                                      (abs)        000F63
_UCFG                                       (abs)        000F62
_UCON                                       (abs)        000F60
_UCONbits                                   (abs)        000F60
_UEIE                                       (abs)        000F66
_UEIR                                       (abs)        000F67
_UEP0                                       (abs)        000F6A
_UEP0bits                                   (abs)        000F6A
_UEP1                                       (abs)        000F6B
_UIE                                        (abs)        000F64
_UIEbits                                    (abs)        000F64
_UIR                                        (abs)        000F65
_UIRbits                                    (abs)        000F65
_USART_mySetLineCodingHandler               text106      004B5E
_USBActiveConfiguration                     bssCOMRAM    00002C
_USBAlternateInterface                      bssBANK0     0000B7
_USBBusIsSuspended                          bssBANK0     00008E
_USBCheckCDCRequest                         text100      005206
_USBCheckStdRequest                         text88       0054E2
_USBConfigureEndpoint                       text99       00517E
_USBCtrlEPAllowDataStage                    text87       005292
_USBCtrlEPAllowStatusStage                  text103      0058EA
_USBCtrlEPService                           text84       0056C8
_USBCtrlEPServiceComplete                   text86       005E9A
_USBCtrlTrfInHandler                        text104      005A68
_USBCtrlTrfOutHandler                       text101      004ABA
_USBCtrlTrfRxService                        text102      00647C
_USBCtrlTrfSetupHandler                     text85       004C60
_USBCtrlTrfTxService                        text105      0059A6
_USBDeferINDataStagePackets                 bssBANK0     00008F
_USBDeferOUTDataStagePackets                bssBANK0     000090
_USBDeferStatusStagePacket                  bssCOMRAM    00001E
_USBDeviceAttach                            text63       0046AC
_USBDeviceInit                              text61       005B36
_USBDeviceState                             bssBANK0     000091
_USBDeviceTasks                             text79       006072
_USBEnableEndpoint                          text98       004766
_USBStallHandler                            text83       00487E
_USBStatusStageEnabledFlag1                 bssBANK0     000092
_USBStatusStageEnabledFlag2                 bssBANK0     000093
_USBStatusStageTimeoutCounter               bssCOMRAM    00001F
_USBStdFeatureReqHandler                    text93       006908
_USBStdGetDscHandler                        text92       006270
_USBStdGetStatusHandler                     text91       00507C
_USBStdSetCfgHandler                        text89       005620
_USBSuspend                                 text82       0043EA
_USBTransferOnePacket                       text60       005580
_USBWakeFromSuspend                         text81       004482
_USB_Buffer                                 bssBANK1     000118
_USB_CD_Ptr                                 mediumconst  007793
_USB_SD_Ptr                                 mediumconst  00778D
_USBapp_CdcEmulatorInitialize               text95       0047D2
_USBapp_DeviceCdcEmulatorHandler            text52       00577A
_USBapp_Handler                             text42       005006
_USBapp_getrxByteFlag                       text55       00425C
_USBapp_handlerState                        text41       004280
_USBapp_setrxByteFlag                       text78       00426A
_USER_USB_CALLBACK_EVENT_HANDLER            text94       004942
_USTAT                                      (abs)        000F61
_USTATcopy                                  bssCOMRAM    00002D
_VREFCON0                                   (abs)        000F7D
__CFG_BOREN$SBORDIS                         (abs)        000000
__CFG_BORV$190                              (abs)        000000
__CFG_CCP2MX$RC1                            (abs)        000000
__CFG_CFGPLLEN$OFF                          (abs)        000000
__CFG_CP0$OFF                               (abs)        000000
__CFG_CP1$OFF                               (abs)        000000
__CFG_CP2$OFF                               (abs)        000000
__CFG_CP3$OFF                               (abs)        000000
__CFG_CPB$OFF                               (abs)        000000
__CFG_CPD$OFF                               (abs)        000000
__CFG_CPUDIV$NOCLKDIV                       (abs)        000000
__CFG_EBTR0$OFF                             (abs)        000000
__CFG_EBTR1$OFF                             (abs)        000000
__CFG_EBTR2$OFF                             (abs)        000000
__CFG_EBTR3$OFF                             (abs)        000000
__CFG_EBTRB$OFF                             (abs)        000000
__CFG_FCMEN$OFF                             (abs)        000000
__CFG_FOSC$INTOSCIO                         (abs)        000000
__CFG_ICPRT$OFF                             (abs)        000000
__CFG_IESO$OFF                              (abs)        000000
__CFG_LS48MHZ$SYS48X8                       (abs)        000000
__CFG_LVP$OFF                               (abs)        000000
__CFG_MCLRE$ON                              (abs)        000000
__CFG_PBADEN$OFF                            (abs)        000000
__CFG_PCLKEN$OFF                            (abs)        000000
__CFG_PLLSEL$PLL3X                          (abs)        000000
__CFG_SDOMX$RB3                             (abs)        000000
__CFG_STVREN$ON                             (abs)        000000
__CFG_T3CMX$RC0                             (abs)        000000
__CFG_WDTEN$SWON                            (abs)        000000
__CFG_WDTPS$32768                           (abs)        000000
__CFG_WRT0$OFF                              (abs)        000000
__CFG_WRT1$OFF                              (abs)        000000
__CFG_WRT2$OFF                              (abs)        000000
__CFG_WRT3$OFF                              (abs)        000000
__CFG_WRTB$OFF                              (abs)        000000
__CFG_WRTC$OFF                              (abs)        000000
__CFG_WRTD$OFF                              (abs)        000000
__CFG_XINST$OFF                             (abs)        000000
__CFG_nLPBOR$ON                             (abs)        000000
__CFG_nPWRTEN$OFF                           (abs)        000000
__HRAM                                      (abs)        000000
__Habs1                                     abs1         000000
__Hbank0                                    bank0        000000
__Hbank1                                    bank1        000000
__Hbank2                                    bank2        000000
__Hbank3                                    bank3        000000
__Hbank4                                    bank4        000000
__Hbank5                                    bank5        000000
__Hbank6                                    bank6        000000
__Hbank7                                    bank7        000000
__Hbigbss                                   bigbss       000000
__Hbigdata                                  bigdata      000000
__Hbigram                                   bigram       000000
__Hbss                                      bss          000000
__HbssBANK0                                 bssBANK0     000000
__HbssBANK1                                 bssBANK1     000000
__HbssBANK2                                 bssBANK2     000000
__HbssCOMRAM                                bssCOMRAM    000000
__Hcinit                                    cinit        000000
__Hclrtext                                  clrtext      000000
__Hcomram                                   comram       000000
__Hconfig                                   config       30000E
__Hconst                                    const        000000
__HcstackBANK0                              cstackBANK0  000000
__HcstackBANK1                              cstackBANK1  000000
__HcstackCOMRAM                             cstackCOMRAM 000000
__Hdata                                     data         000000
__HdataBANK0                                dataBANK0    000000
__Heeprom_data                              eeprom_data  000000
__Hend_init                                 end_init     0010AE
__Hfarbss                                   farbss       000000
__Hfardata                                  fardata      000000
__Hibigdata                                 ibigdata     000000
__Hidata                                    idata        000000
__HidataBANK0                               idataBANK0   000000
__Hidloc                                    idloc        200008
__Hifardata                                 ifardata     000000
__Hinit                                     init         0010AA
__Hintcode                                  intcode      0010AA
__Hintcode_body                             intcode_body 000000
__Hintcodelo                                intcodelo    0010AA
__Hintentry                                 intentry     000000
__Hintret                                   intret       000000
__Hintsave_regs                             intsave_regs 000000
__Hirdata                                   irdata       000000
__Hmediumconst                              mediumconst  008000
__HnvFARRAM                                 nvFARRAM     000000
__Hnvbit                                    nvbit        000000
__Hnvrram                                   nvrram       000000
__Hparam                                    rparam       000000
__Hpowerup                                  powerup      0010AA
__Hram                                      ram          000000
__Hramtop                                   ramtop       000800
__Hrbit                                     rbit         000000
__Hrbss                                     rbss         000000
__Hrdata                                    rdata        000000
__Hreset_vec                                reset_vec    001004
__Hrparam                                   rparam       000000
__Hsfr                                      sfr          000000
__Hsmallconst                               smallconst   000000
__Hspace_0                                  (abs)        30000E
__Hspace_1                                  (abs)        000280
__Hspace_2                                  (abs)        000000
__Hstack                                    stack        000000
__Hstruct                                   struct       000000
__Htemp                                     temp         00005C
__Htext                                     text         000000
__Htext0                                    text0        000000
__Htext1                                    text1        000000
__Htext10                                   text10       000000
__Htext100                                  text100      000000
__Htext101                                  text101      000000
__Htext102                                  text102      000000
__Htext103                                  text103      000000
__Htext104                                  text104      000000
__Htext105                                  text105      000000
__Htext106                                  text106      000000
__Htext107                                  text107      000000
__Htext108                                  text108      000000
__Htext109                                  text109      000000
__Htext11                                   text11       000000
__Htext110                                  text110      000000
__Htext111                                  text111      000000
__Htext112                                  text112      000000
__Htext113                                  text113      000000
__Htext114                                  text114      000000
__Htext12                                   text12       000000
__Htext13                                   text13       000000
__Htext14                                   text14       000000
__Htext15                                   text15       000000
__Htext16                                   text16       000000
__Htext17                                   text17       000000
__Htext18                                   text18       000000
__Htext19                                   text19       000000
__Htext2                                    text2        000000
__Htext20                                   text20       000000
__Htext21                                   text21       000000
__Htext22                                   text22       000000
__Htext23                                   text23       000000
__Htext24                                   text24       000000
__Htext25                                   text25       000000
__Htext26                                   text26       000000
__Htext27                                   text27       000000
__Htext28                                   text28       000000
__Htext29                                   text29       000000
__Htext3                                    text3        000000
__Htext30                                   text30       000000
__Htext31                                   text31       000000
__Htext32                                   text32       000000
__Htext33                                   text33       000000
__Htext34                                   text34       000000
__Htext35                                   text35       000000
__Htext36                                   text36       000000
__Htext37                                   text37       000000
__Htext38                                   text38       000000
__Htext39                                   text39       000000
__Htext4                                    text4        000000
__Htext40                                   text40       000000
__Htext41                                   text41       000000
__Htext42                                   text42       000000
__Htext43                                   text43       000000
__Htext44                                   text44       000000
__Htext45                                   text45       000000
__Htext46                                   text46       000000
__Htext47                                   text47       000000
__Htext48                                   text48       000000
__Htext49                                   text49       000000
__Htext5                                    text5        000000
__Htext50                                   text50       000000
__Htext51                                   text51       000000
__Htext52                                   text52       000000
__Htext53                                   text53       000000
__Htext54                                   text54       000000
__Htext55                                   text55       000000
__Htext56                                   text56       000000
__Htext57                                   text57       000000
__Htext58                                   text58       000000
__Htext59                                   text59       000000
__Htext6                                    text6        000000
__Htext60                                   text60       000000
__Htext61                                   text61       000000
__Htext62                                   text62       000000
__Htext63                                   text63       000000
__Htext64                                   text64       000000
__Htext65                                   text65       000000
__Htext66                                   text66       000000
__Htext67                                   text67       000000
__Htext68                                   text68       000000
__Htext69                                   text69       000000
__Htext7                                    text7        000000
__Htext70                                   text70       000000
__Htext71                                   text71       000000
__Htext72                                   text72       000000
__Htext73                                   text73       000000
__Htext74                                   text74       000000
__Htext75                                   text75       000000
__Htext76                                   text76       000000
__Htext78                                   text78       000000
__Htext79                                   text79       000000
__Htext8                                    text8        000000
__Htext80                                   text80       000000
__Htext81                                   text81       000000
__Htext82                                   text82       000000
__Htext83                                   text83       000000
__Htext84                                   text84       000000
__Htext85                                   text85       000000
__Htext86                                   text86       000000
__Htext87                                   text87       000000
__Htext88                                   text88       000000
__Htext89                                   text89       000000
__Htext9                                    text9        000000
__Htext90                                   text90       000000
__Htext91                                   text91       000000
__Htext92                                   text92       000000
__Htext93                                   text93       000000
__Htext94                                   text94       000000
__Htext95                                   text95       000000
__Htext96                                   text96       000000
__Htext97                                   text97       000000
__Htext98                                   text98       000000
__Htext99                                   text99       000000
__LRAM                                      (abs)        000001
__Labs1                                     abs1         000000
__Lbank0                                    bank0        000000
__Lbank1                                    bank1        000000
__Lbank2                                    bank2        000000
__Lbank3                                    bank3        000000
__Lbank4                                    bank4        000000
__Lbank5                                    bank5        000000
__Lbank6                                    bank6        000000
__Lbank7                                    bank7        000000
__Lbigbss                                   bigbss       000000
__Lbigdata                                  bigdata      000000
__Lbigram                                   bigram       000000
__Lbss                                      bss          000000
__LbssBANK0                                 bssBANK0     000000
__LbssBANK1                                 bssBANK1     000000
__LbssBANK2                                 bssBANK2     000000
__LbssCOMRAM                                bssCOMRAM    000000
__Lcinit                                    cinit        000000
__Lclrtext                                  clrtext      000000
__Lcomram                                   comram       000000
__Lconfig                                   config       300000
__Lconst                                    const        000000
__LcstackBANK0                              cstackBANK0  000000
__LcstackBANK1                              cstackBANK1  000000
__LcstackCOMRAM                             cstackCOMRAM 000000
__Ldata                                     data         000000
__LdataBANK0                                dataBANK0    000000
__Leeprom_data                              eeprom_data  000000
__Lend_init                                 end_init     0010AA
__Lfarbss                                   farbss       000000
__Lfardata                                  fardata      000000
__Libigdata                                 ibigdata     000000
__Lidata                                    idata        000000
__LidataBANK0                               idataBANK0   000000
__Lidloc                                    idloc        200000
__Lifardata                                 ifardata     000000
__Linit                                     init         0010AA
__Lintcode                                  intcode      001008
__Lintcode_body                             intcode_body 000000
__Lintcodelo                                intcodelo    0010AA
__Lintentry                                 intentry     000000
__Lintret                                   intret       000000
__Lintsave_regs                             intsave_regs 000000
__Lirdata                                   irdata       000000
__Lmediumconst                              mediumconst  00777A
__LnvFARRAM                                 nvFARRAM     000000
__Lnvbit                                    nvbit        000000
__Lnvrram                                   nvrram       000000
__Lparam                                    rparam       000000
__Lpowerup                                  powerup      0010AA
__Lram                                      ram          000000
__Lramtop                                   ramtop       000800
__Lrbit                                     rbit         000000
__Lrbss                                     rbss         000000
__Lrdata                                    rdata        000000
__Lreset_vec                                reset_vec    001000
__Lrparam                                   rparam       000000
__Lsfr                                      sfr          000000
__Lsmallconst                               smallconst   000000
__Lspace_0                                  (abs)        000000
__Lspace_1                                  (abs)        000000
__Lspace_2                                  (abs)        000000
__Lstack                                    stack        000000
__Lstruct                                   struct       000000
__Ltemp                                     temp         00005B
__Ltext                                     text         000000
__Ltext0                                    text0        000000
__Ltext1                                    text1        000000
__Ltext10                                   text10       000000
__Ltext100                                  text100      000000
__Ltext101                                  text101      000000
__Ltext102                                  text102      000000
__Ltext103                                  text103      000000
__Ltext104                                  text104      000000
__Ltext105                                  text105      000000
__Ltext106                                  text106      000000
__Ltext107                                  text107      000000
__Ltext108                                  text108      000000
__Ltext109                                  text109      000000
__Ltext11                                   text11       000000
__Ltext110                                  text110      000000
__Ltext111                                  text111      000000
__Ltext112                                  text112      000000
__Ltext113                                  text113      000000
__Ltext114                                  text114      000000
__Ltext12                                   text12       000000
__Ltext13                                   text13       000000
__Ltext14                                   text14       000000
__Ltext15                                   text15       000000
__Ltext16                                   text16       000000
__Ltext17                                   text17       000000
__Ltext18                                   text18       000000
__Ltext19                                   text19       000000
__Ltext2                                    text2        000000
__Ltext20                                   text20       000000
__Ltext21                                   text21       000000
__Ltext22                                   text22       000000
__Ltext23                                   text23       000000
__Ltext24                                   text24       000000
__Ltext25                                   text25       000000
__Ltext26                                   text26       000000
__Ltext27                                   text27       000000
__Ltext28                                   text28       000000
__Ltext29                                   text29       000000
__Ltext3                                    text3        000000
__Ltext30                                   text30       000000
__Ltext31                                   text31       000000
__Ltext32                                   text32       000000
__Ltext33                                   text33       000000
__Ltext34                                   text34       000000
__Ltext35                                   text35       000000
__Ltext36                                   text36       000000
__Ltext37                                   text37       000000
__Ltext38                                   text38       000000
__Ltext39                                   text39       000000
__Ltext4                                    text4        000000
__Ltext40                                   text40       000000
__Ltext41                                   text41       000000
__Ltext42                                   text42       000000
__Ltext43                                   text43       000000
__Ltext44                                   text44       000000
__Ltext45                                   text45       000000
__Ltext46                                   text46       000000
__Ltext47                                   text47       000000
__Ltext48                                   text48       000000
__Ltext49                                   text49       000000
__Ltext5                                    text5        000000
__Ltext50                                   text50       000000
__Ltext51                                   text51       000000
__Ltext52                                   text52       000000
__Ltext53                                   text53       000000
__Ltext54                                   text54       000000
__Ltext55                                   text55       000000
__Ltext56                                   text56       000000
__Ltext57                                   text57       000000
__Ltext58                                   text58       000000
__Ltext59                                   text59       000000
__Ltext6                                    text6        000000
__Ltext60                                   text60       000000
__Ltext61                                   text61       000000
__Ltext62                                   text62       000000
__Ltext63                                   text63       000000
__Ltext64                                   text64       000000
__Ltext65                                   text65       000000
__Ltext66                                   text66       000000
__Ltext67                                   text67       000000
__Ltext68                                   text68       000000
__Ltext69                                   text69       000000
__Ltext7                                    text7        000000
__Ltext70                                   text70       000000
__Ltext71                                   text71       000000
__Ltext72                                   text72       000000
__Ltext73                                   text73       000000
__Ltext74                                   text74       000000
__Ltext75                                   text75       000000
__Ltext76                                   text76       000000
__Ltext78                                   text78       000000
__Ltext79                                   text79       000000
__Ltext8                                    text8        000000
__Ltext80                                   text80       000000
__Ltext81                                   text81       000000
__Ltext82                                   text82       000000
__Ltext83                                   text83       000000
__Ltext84                                   text84       000000
__Ltext85                                   text85       000000
__Ltext86                                   text86       000000
__Ltext87                                   text87       000000
__Ltext88                                   text88       000000
__Ltext89                                   text89       000000
__Ltext9                                    text9        000000
[...]
		On exit  : 
		Unchanged: 
 Data sizes:     COMRAM   BANK0   BANK1   BANK2   BANK3   BANK4   BANK5   BANK6   BANK7
      Params:         0       0       0       0       0       0       0       0       0
      Locals:         1       0       0       0       0       0       0       0       0
      Temps:          0       0       0       0       0       0       0       0       0
      Totals:         1       0       0       0       0       0       0       0       0
Total ram usage:        1 bytes
 Hardware stack levels used:    1
 Hardware stack levels required when called:    2
 This function calls:
		_USART_mySetLineCodingHandler
		_USBCtrlTrfTxService
 This function is called by:
		_USBCtrlEPService
 This function uses a non-reentrant model


 *************** function _USBCtrlTrfTxService *****************
 Defined at:
		line 1437 in file "../Includes/Usb/framework/usb_device.c"
 Parameters:    Size  Location     Type
		None
 Auto vars:     Size  Location     Type
  byteToSend      1    0[COMRAM] unsigned char 
 Return value:  Size  Location     Type
                  1    wreg      void 
 Registers used:
		wreg, fsr1l, fsr1h, fsr2l, fsr2h, status,2, status,0, tblptrl, tblptrh, tblptru
 Tracked objects:
		On entry : 
		On exit  : 
		Unchanged: 
 Data sizes:     COMRAM   BANK0   BANK1   BANK2   BANK3   BANK4   BANK5   BANK6   BANK7
      Params:         0       0       0       0       0       0       0       0       0
      Locals:         1       0       0       0       0       0       0       0       0
      Temps:          0       0       0       0       0       0       0       0       0
      Totals:         1       0       0       0       0       0       0       0       0
Total ram usage:        1 bytes
 Hardware stack levels used:    1
 This function calls:
		Nothing
 This function is called by:
		_USBCtrlEPAllowDataStage
		_USBCtrlTrfInHandler
 This function uses a non-reentrant model


 *************** function _USART_mySetLineCodingHandler *****************
 Defined at:
		line 236 in file "../Includes/Board/USBapp.c"
 Parameters:    Size  Location     Type
		None
 Auto vars:     Size  Location     Type
  dwBaud          4   13[COMRAM] unsigned long 
 Return value:  Size  Location     Type
                  1    wreg      void 
 Registers used:
		wreg, status,2, status,0, cstack
 Tracked objects:
		On entry : 
		On exit  : 
		Unchanged: 
 Data sizes:     COMRAM   BANK0   BANK1   BANK2   BANK3   BANK4   BANK5   BANK6   BANK7
      Params:         0       0       0       0       0       0       0       0       0
      Locals:         4       0       0       0       0       0       0       0       0
      Temps:          0       0       0       0       0       0       0       0       0
      Totals:         4       0       0       0       0       0       0       0       0
Total ram usage:        4 bytes
 Hardware stack levels used:    1
 Hardware stack levels required when called:    1
 This function calls:
		___lldiv
		i2_EUSART_Initialize
 This function is called by:
		_USBCheckCDCRequest
		_USBCtrlTrfRxService
		_USBCtrlTrfInHandler
 This function uses a non-reentrant model


 *************** function i2_EUSART_Initialize *****************
 Defined at:
		line 77 in file "../Includes/MccGenerated/eusart.c"
 Parameters:    Size  Location     Type
		None
 Auto vars:     Size  Location     Type
		None
 Return value:  Size  Location     Type
                  1    wreg      void 
 Registers used:
		wreg, status,2
 Tracked objects:
		On entry : 
		On exit  : 
		Unchanged: 
 Data sizes:     COMRAM   BANK0   BANK1   BANK2   BANK3   BANK4   BANK5   BANK6   BANK7
      Params:         0       0       0       0       0       0       0       0       0
      Locals:         0       0       0       0       0       0       0       0       0
      Temps:          0       0       0       0       0       0       0       0       0
      Totals:         0       0       0       0       0       0       0       0       0
Total ram usage:        0 bytes
 Hardware stack levels used:    1
 This function calls:
		Nothing
 This function is called by:
		_USBapp_CdcEmulatorInitialize
		_USART_mySetLineCodingHandler
 This function uses a non-reentrant model


 *************** function ___lldiv *****************
 Defined at:
		line 8 in file "/opt/microchip/xc8/v1.36/sources/common/lldiv.c"
 Parameters:    Size  Location     Type
  dividend        4    0[COMRAM] unsigned long 
  divisor         4    4[COMRAM] unsigned long 
 Auto vars:     Size  Location     Type
  quotient        4    8[COMRAM] unsigned long 
  counter         1   12[COMRAM] unsigned char 
 Return value:  Size  Location     Type
                  4    0[COMRAM] unsigned long 
 Registers used:
		wreg, status,2, status,0
 Tracked objects:
		On entry : 
		On exit  : 
		Unchanged: 
 Data sizes:     COMRAM   BANK0   BANK1   BANK2   BANK3   BANK4   BANK5   BANK6   BANK7
      Params:         8       0       0       0       0       0       0       0       0
      Locals:         5       0       0       0       0       0       0       0       0
      Temps:          0       0       0       0       0       0       0       0       0
      Totals:        13       0       0       0       0       0       0       0       0
Total ram usage:       13 bytes
 Hardware stack levels used:    1
 This function calls:
		Nothing
 This function is called by:
		_USART_mySetLineCodingHandler
 This function uses a non-reentrant model


 *************** function _TMRapp_Tick *****************
 Defined at:
		line 10 in file "../Includes/Drivers/TMRapp.c"
 Parameters:    Size  Location     Type
		None
 Auto vars:     Size  Location     Type
		None
 Return value:  Size  Location     Type
                  1    wreg      void 
 Registers used:
		None
 Tracked objects:
		On entry : 
		On exit  : 
		Unchanged: 
 Data sizes:     COMRAM   BANK0   BANK1   BANK2   BANK3   BANK4   BANK5   BANK6   BANK7
      Params:         0       0       0       0       0       0       0       0       0
      Locals:         0       0       0       0       0       0       0       0       0
      Temps:          0       0       0       0       0       0       0       0       0
      Totals:         0       0       0       0       0       0       0       0       0
Total ram usage:        0 bytes
 Hardware stack levels used:    1
 This function calls:
		Nothing
 This function is called by:
		_INTERRUPT_InterruptManager
 This function uses a non-reentrant model


 *************** function _TMR1_ISR *****************
 Defined at:
		line 152 in file "../Includes/MccGenerated/tmr1.c"
 Parameters:    Size  Location     Type
		None
 Auto vars:     Size  Location     Type
		None
 Return value:  Size  Location     Type
                  1    wreg      void 
 Registers used:
		None
 Tracked objects:
		On entry : 
		On exit  : 
		Unchanged: 
 Data sizes:     COMRAM   BANK0   BANK1   BANK2   BANK3   BANK4   BANK5   BANK6   BANK7
      Params:         0       0       0       0       0       0       0       0       0
      Locals:         0       0       0       0       0       0       0       0       0
      Temps:          0       0       0       0       0       0       0       0       0
      Totals:         0       0       0       0       0       0       0       0       0
Total ram usage:        0 bytes
 Hardware stack levels used:    1
 This function calls:
		Nothing
 This function is called by:
		_INTERRUPT_InterruptManager
 This function uses a non-reentrant model


 *************** function _EUSART_Transmit_ISR *****************
 Defined at:
		line 162 in file "../Includes/MccGenerated/eusart.c"
 Parameters:    Size  Location     Type
		None
 Auto vars:     Size  Location     Type
		None
 Return value:  Size  Location     Type
                  1    wreg      void 
 Registers used:
		wreg, fsr2l, fsr2h, status,2, status,0
 Tracked objects:
		On entry : 
		On exit  : 
		Unchanged: 
 Data sizes:     COMRAM   BANK0   BANK1   BANK2   BANK3   BANK4   BANK5   BANK6   BANK7
      Params:         0       0       0       0       0       0       0       0       0
      Locals:         0       0       0       0       0       0       0       0       0
      Temps:          0       0       0       0       0       0       0       0       0
      Totals:         0       0       0       0       0       0       0       0       0
Total ram usage:        0 bytes
 Hardware stack levels used:    1
 This function calls:
		Nothing
 This function is called by:
		_INTERRUPT_InterruptManager
 This function uses a non-reentrant model


 *************** function _EUSART_Receive_ISR *****************
 Defined at:
		line 181 in file "../Includes/MccGenerated/eusart.c"
 Parameters:    Size  Location     Type
		None
 Auto vars:     Size  Location     Type
		None
 Return value:  Size  Location     Type
                  1    wreg      void 
 Registers used:
		wreg, fsr2l, fsr2h, status,2, status,0
 Tracked objects:
		On entry : 
		On exit  : 
		Unchanged: 
 Data sizes:     COMRAM   BANK0   BANK1   BANK2   BANK3   BANK4   BANK5   BANK6   BANK7
      Params:         0       0       0       0       0       0       0       0       0
      Locals:         0       0       0       0       0       0       0       0       0
      Temps:          0       0       0       0       0       0       0       0       0
      Totals:         0       0       0       0       0       0       0       0       0
Total ram usage:        0 bytes
 Hardware stack levels used:    1
 This function calls:
		Nothing
 This function is called by:
		_INTERRUPT_InterruptManager
 This function uses a non-reentrant model


 *************** function _CMP1_ISR *****************
 Defined at:
		line 95 in file "../Includes/MccGenerated/cmp1.c"
 Parameters:    Size  Location     Type
		None
 Auto vars:     Size  Location     Type
		None
 Return value:  Size  Location     Type
                  1    wreg      void 
 Registers used:
		None
 Tracked objects:
		On entry : 
		On exit  : 
		Unchanged: 
 Data sizes:     COMRAM   BANK0   BANK1   BANK2   BANK3   BANK4   BANK5   BANK6   BANK7
      Params:         0       0       0       0       0       0       0       0       0
      Locals:         0       0       0       0       0       0       0       0       0
      Temps:          0       0       0       0       0       0       0       0       0
      Totals:         0       0       0       0       0       0       0       0       0
Total ram usage:        0 bytes
 Hardware stack levels used:    1
 This function calls:
		Nothing
 This function is called by:
		_INTERRUPT_InterruptManager
 This function uses a non-reentrant model



MODULE INFORMATION

Module		Function		Class		Link	Load	Size
/opt/microchip/xc8/v1.36/sources/common/isdigit.c
		_isdigit       		CODE           	4444	0000	31

/opt/microchip/xc8/v1.36/sources/common/isdigit.c estimated size: 31

../Includes/MccGenerated/cmp1.c
		_CMP1_ISR      		CODE           	4250	0000	5
		_CMP1_Initialize		CODE           	42FC	0000	19

../Includes/MccGenerated/cmp1.c estimated size: 24

../Includes/MccGenerated/pin_manager.c
		_PIN_MANAGER_Initialize		CODE           	4A6C	0000	79

../Includes/MccGenerated/pin_manager.c estimated size: 79

/opt/microchip/xc8/v1.36/sources/common/Umul16.c
		___wmul        		CODE           	44E8	0000	39

/opt/microchip/xc8/v1.36/sources/common/Umul16.c estimated size: 39

/opt/microchip/xc8/v1.36/sources/common/lbmod.c
		___lbmod       		CODE           	45AC	0000	41

/opt/microchip/xc8/v1.36/sources/common/lbmod.c estimated size: 41

../Includes/Drivers/buttons.c
		_service_pushbutton		CODE           	4A20	0000	77

../Includes/Drivers/buttons.c estimated size: 77

/opt/microchip/xc8/v1.36/sources/common/lldiv.c
		___lldiv       		CODE           	4F1A	0000	119

/opt/microchip/xc8/v1.36/sources/common/lldiv.c estimated size: 119

../Includes/MccGenerated/interrupt_manager.c
		_INTERRUPT_InterruptManager		CODE           	1008	0000	163

../Includes/MccGenerated/interrupt_manager.c estimated size: 163

../Includes/Board/USBapp.c
		_USBapp_DeviceCdcEmulatorHandler		CODE           	577A	0000	183
		_USBapp_handlerState		CODE           	4280	0000	9
		_USART_mySetLineCodingHandler		CODE           	4B5E	0000	85
		_USER_USB_CALLBACK_EVENT_HANDLER		CODE           	4942	0000	75
		_USBapp_getrxByteFlag		CODE           	425C	0000	5
		_USBapp_setrxByteFlag		CODE           	426A	0000	7
		_USBapp_Handler		CODE           	5006	0000	119
		_USBapp_CdcEmulatorInitialize		CODE           	47D2	0000	57

../Includes/Board/USBapp.c estimated size: 540

../Includes/MccGenerated/memory.c
		_DATAEE_WriteByte		CODE           	4844	0000	59
		_DATAEE_ReadByte		CODE           	4332	0000	21

../Includes/MccGenerated/memory.c estimated size: 80

../Includes/Drivers/SSD1306oLED.c
		_oled_displayOff		CODE           	430E	0000	19
		_oled_putUint16		CODE           	5F7E	0000	245
		_Set_Column_Address		CODE           	4408	0000	31
		_oled_putString		CODE           	4DE0	0000	103
		_oled_clear    		CODE           	439A	0000	25
		_oled_clearRow 		CODE           	4426	0000	31
		_oled_writeCommand		CODE           	429C	0000	13
		_Set_Page_Address		CODE           	4346	0000	21
		_oled_writeData		CODE           	42A8	0000	13
		_oled_setDisplay		CODE           	435A	0000	21
		_oled_init     		CODE           	44C6	0000	35
		_oled_devInit  		CODE           	5CE4	0000	217
		_oled_putChar  		CODE           	4F90	0000	119
		_oled_setFont  		CODE           	4320	0000	19
		_oled_putUint8 		CODE           	4C06	0000	91

../Includes/Drivers/SSD1306oLED.c estimated size: 1003

../Includes/Board/MOTEapp.c
		_moteApp_add16bToDataBuffer		CODE           	6372	0000	267
		_modemResync   		CODE           	4D7C	0000	101
		_moteRunningProcess		CODE           	659C	0000	397
		_MOTEapp_setResponseReady		CODE           	1004	0000	3
		_hexToStr      		CODE           	450E	0000	39
		_MOTEapp_getModemResponse		CODE           	49D6	0000	75
		_moteApp_clearBuffers		CODE           	48FA	0000	73
		_sendDataCommand		CODE           	53B0	0000	149
		_modemSleep    		CODE           	43CE	0000	29
		_moteJoiningProcess		CODE           	6EA8	0000	2259
		_MOTEapp_TimerBasedTask		CODE           	42CE	0000	15
		_moteApp_GoToSleep		CODE           	4EAE	0000	109
		_EndLine       		CODE           	42B4	0000	13
		_MOTEapp_handlerState		CODE           	4278	0000	9
		_sendCommand   		CODE           	4BB2	0000	85
		_moteApp_delayms		CODE           	4584	0000	41
		_moteApp_add8bToDataBuffer		CODE           	4D1C	0000	97
		_moteHandler   		CODE           	6728	0000	481

../Includes/Board/MOTEapp.c estimated size: 4242

../Includes/MccGenerated/tmr1.c
		_TMR1_Initialize		CODE           	4680	0000	45
		_TMR1_StartTimer		CODE           	4254	0000	5
		_TMR1_ISR      		CODE           	4290	0000	13

../Includes/MccGenerated/tmr1.c estimated size: 63

../Includes/MccGenerated/adc.c
		_ADC_TempConversion		CODE           	44A4	0000	35
		_ADC_Initialize		CODE           	436E	0000	23
		_ADC_GetConversion		CODE           	480A	0000	59

../Includes/MccGenerated/adc.c estimated size: 117

/opt/microchip/xc8/v1.36/sources/common/lbdiv.c
		___lbdiv       		CODE           	479C	0000	55

/opt/microchip/xc8/v1.36/sources/common/lbdiv.c estimated size: 55

/opt/microchip/xc8/v1.36/sources/common/lwmod.c
		___lwmod       		CODE           	48BC	0000	63

/opt/microchip/xc8/v1.36/sources/common/lwmod.c estimated size: 63

shared
		_configDescriptor1		MEDIUMCONST    	7A95	0000	68
		_USB_CD_Ptr    		MEDIUMCONST    	7793	0000	3
		_sd001         		MEDIUMCONST    	7AD8	0000	53
		_OledFont0     		MEDIUMCONST    	7795	0000	769
		_sd002         		MEDIUMCONST    	7B0C	0000	53
		i2_EUSART_Initialize		CODE           	4628	0000	45
		_dpowers       		MEDIUMCONST    	777B	0000	11
		i2_USBDeviceInit		CODE           	5C0C	0000	217
		__initialization		CODE           	4CBE	0000	81
		_device_dsc    		MEDIUMCONST    	7B40	0000	19
		_hexpowers     		MEDIUMCONST    	7785	0000	9
		_USB_SD_Ptr    		MEDIUMCONST    	778D	0000	7
		i2_memset      		CODE           	45D4	0000	43
		_sd000         		MEDIUMCONST    	7B52	0000	5
		i2_USBTransferOnePacket		CODE           	5444	0000	159

shared estimated size: 1542

../Includes/MccGenerated/eusart.c
		_EUSART_Read   		CODE           	4704	0000	47
		_EUSART_Write  		CODE           	4732	0000	53
		_EUSART_Transmit_ISR		CODE           	455C	0000	41
		_EUSART_Initialize		CODE           	4654	0000	45
		_EUSART_Receive_ISR		CODE           	4534	0000	41
		_EUSART_FlushBuffer		CODE           	46D8	0000	45

../Includes/MccGenerated/eusart.c estimated size: 272

../Includes/MccGenerated/spi.c
		_SPI_Exchange8bit		CODE           	42EC	0000	17
		_SPI_Initialize		CODE           	42C0	0000	15

../Includes/MccGenerated/spi.c estimated size: 32

/opt/microchip/xc8/v1.36/sources/common/strcmp.c
		_strcmp        		CODE           	50FA	0000	133

/opt/microchip/xc8/v1.36/sources/common/strcmp.c estimated size: 133

../Includes/Usb/framework/usb_device.c
		_USBCtrlTrfInHandler		CODE           	5A68	0000	207
		_USBTransferOnePacket		CODE           	5580	0000	161
		_USBDeviceAttach		CODE           	46AC	0000	45
		_USBStdGetDscHandler		CODE           	6270	0000	259
		_USBCtrlEPAllowDataStage		CODE           	5292	0000	143
		_USBStdFeatureReqHandler		CODE           	6908	0000	501
		_USBCtrlEPAllowStatusStage		CODE           	58EA	0000	189
		_USBCtrlTrfSetupHandler		CODE           	4C60	0000	95
		_USBCtrlTrfOutHandler		CODE           	4ABA	0000	83
		_USBCtrlEPServiceComplete		CODE           	5E9A	0000	229
		_USBSuspend    		CODE           	43EA	0000	31
		_USBStdSetCfgHandler		CODE           	5620	0000	169
		_USBStdGetStatusHandler		CODE           	507C	0000	127
		_USBWakeFromSuspend		CODE           	4482	0000	35
		_USBCtrlTrfRxService		CODE           	647C	0000	289
		_USBCtrlTrfTxService		CODE           	59A6	0000	195
		_USBEnableEndpoint		CODE           	4766	0000	55
		_USBConfigureEndpoint		CODE           	517E	0000	137
		_USBDeviceInit 		CODE           	5B36	0000	215
		_USBCtrlEPService		CODE           	56C8	0000	179
		_USBStallHandler		CODE           	487E	0000	63
		_USBDeviceTasks		CODE           	6072	0000	255
		_USBCheckStdRequest		CODE           	54E2	0000	159

../Includes/Usb/framework/usb_device.c estimated size: 3821

../Includes/Usb/framework/usb_device_cdc.c
		_CDCTxService  		CODE           	6170	0000	257
		_CDCInitEP     		CODE           	4B0C	0000	83
		_putUSBUSART   		CODE           	43B2	0000	29
		_getsUSBUSART  		CODE           	5320	0000	145
		_USBCheckCDCRequest		CODE           	5206	0000	141

../Includes/Usb/framework/usb_device_cdc.c estimated size: 655

/opt/microchip/xc8/v1.36/sources/common/memset.c
		_memset        		CODE           	45FE	0000	43

/opt/microchip/xc8/v1.36/sources/common/memset.c estimated size: 43

../Includes/Drivers/TMRapp.c
		_TMRapp_ClearBitFlags		CODE           	4260	0000	5
		_TMRapp_Tick   		CODE           	4264	0000	7
		_TMRapp_Handler		CODE           	5DBC	0000	223

../Includes/Drivers/TMRapp.c estimated size: 235

../Includes/MccGenerated/mcc.c
		_OSCILLATOR_Initialize		CODE           	4384	0000	23
		_SYSTEM_Initialize		CODE           	4462	0000	33

../Includes/MccGenerated/mcc.c estimated size: 56

/opt/microchip/xc8/v1.36/sources/common/strncmp.c
		_strncmp       		CODE           	4E46	0000	105

/opt/microchip/xc8/v1.36/sources/common/strncmp.c estimated size: 105

main.c
		_main          		CODE           	5830	0000	187

main.c estimated size: 187

/opt/microchip/xc8/v1.36/sources/common/doprnt.c
		_sprintf       		CODE           	6AFC	0000	941

/opt/microchip/xc8/v1.36/sources/common/doprnt.c estimated size: 941

/opt/microchip/xc8/v1.36/sources/common/lwdiv.c
		___lwdiv       		CODE           	498C	0000	75

/opt/microchip/xc8/v1.36/sources/common/lwdiv.c estimated size: 75

../Includes/MccGenerated/tmr2.c
		_TMR2_Initialize		CODE           	42DC	0000	17
		_TMR2_StartTimer		CODE           	4258	0000	5
		_TMR2_ReadTimer		CODE           	4288	0000	9

../Includes/MccGenerated/tmr2.c estimated size: 31

