Microchip MPLAB XC8 Compiler V1.33 ()

Linker command line:

--edf=C:\Program Files (x86)\Microchip\xc8\v1.33\dat\en_msgs.txt -cs \
  -h+dist/Offset/production\LoRaMote.X.production.sym \
  --cmf=dist/Offset/production\LoRaMote.X.production.cmf -z -Q18LF25K50 \
  -oC:\Users\C14312\AppData\Local\Temp\s9oc.6 \
  -Mdist/Offset/production/LoRaMote.X.production.map -E1 -ver=XC8 \
  -ASTACK=0580h-07ffh -pstack=STACK \
  -ACODE=01000h-01005h,01008h-01015h,01018h-07FFFh \
  -ACONST=01000h-01005h,01008h-01015h,01018h-07FFFh \
  -ASMALLCONST=01000h-01005h,01008h-01015h,01018h-010FFh,01100h-011FFhx111 \
  -AMEDIUMCONST=01000h-01005h,01008h-01015h,01018h-07FFFh -ACOMRAM=01h-05Fh \
  -AABS1=00h-07FFh -ABIGRAM=01h-07FFh -ARAM=060h-0FFh,0100h-01FFhx7 \
  -ABANK0=060h-0FFh -ABANK1=0100h-01FFh -ABANK2=0200h-02FFh \
  -ABANK3=0300h-03FFh -ABANK4=0400h-04FFh -ABANK5=0500h-05FFh \
  -ABANK6=0600h-06FFh -ABANK7=0700h-07FFh -ASFR=0F53h-0F5Fh,0F60h-0FFFh \
  -preset_vec=01000h,intcode=01008h,intcodelo,powerup,init,end_init \
  -pramtop=0800h -psmallconst=SMALLCONST -pmediumconst=MEDIUMCONST \
  -pconst=CONST -AFARRAM=00h-00h -ACONFIG=0300000h-030000Dh -pconfig=CONFIG \
  -AIDLOC=0200000h-0200007h -pidloc=IDLOC -AEEDATA=0F00000h-0F000FFh \
  -peeprom_data=EEDATA \
  -prdata=COMRAM,nvrram=COMRAM,nvbit=COMRAM,rbss=COMRAM,rbit=COMRAM \
  -pfarbss=FARRAM,fardata=FARRAM,nvFARRAM=FARRAM \
  -pintsave_regs=BIGRAM,bigbss=BIGRAM,bigdata=BIGRAM -pbss=RAM \
  -pidata=CODE,irdata=CODE,ibigdata=CODE,ifardata=CODE \
  C:\Users\C14312\AppData\Local\Temp\s9oc.obj \
  dist/Offset/production\LoRaMote.X.production.obj 

Object code version is 3.11

Machine type is 18LF25K50

Call graph: (short form)




                Name                               Link     Load   Length Selector   Space Scale
C:\Users\C14312\AppData\Local\Temp\s9oc.obj
                end_init                           10A6     10A6        4      804       0
                reset_vec                          1000     1000        4      800       0
                idloc                            200000   200000        8   200000       0
                config                           300000   300000        E   300000       0
dist/Offset/production\LoRaMote.X.production.obj
                intcode                            1008     1008       9E      804       0
                mediumconst                        7640     7640      9C0     3B20       0
                text121                            33B6     33B6        4     19DB       0
                text120                            3684     3684       2A     1B42       0
                text119                            36AE     36AE       2A     1B57       0
                text118                            34F8     34F8       18     1A7C       0
                text117                            33BA     33BA        4     19DD       0
                text116                            41BC     41BC       76     20DE       0
                text115                            37D8     37D8       2E     1BEC       0
                text114                            3F44     3F44       66     1FA2       0
                text113                            4DA8     4DA8       C0     26D4       0
                text112                            4E68     4E68       CE     2734       0
                text111                            4AC8     4AC8       B6     2564       0
                text110                            5A32     5A32      11A     2D19       0
                text109                            3CD2     3CD2       52     1E69       0
                text108                            46EC     46EC       9C     2376       0
                text107                            44AA     44AA       8C     2255       0
                text106                            3A86     3A86       42     1D43       0
                text105                            48C6     48C6       A2     2463       0
                text104                            3C82     3C82       50     1E41       0
                text103                            39CE     39CE       3C     1CE7       0
                text102                            3B9E     3B9E       4C     1DCF       0
                text101                            5CF6     5CF6      202     2E7B       0
                text100                            5824     5824      104     2C12       0
                text99                             43A0     43A0       84     21D0       0
                text98                             3780     3780       2C     1BC0       0
                text97                             4968     4968       AE     24B4       0
                text96                             4826     4826       A0     2413       0
                text95                             4536     4536       8E     229B       0
                text94                             5008     5008       D4     2804       0
                text93                             3EE2     3EE2       62     1F71       0
                text92                             4CEE     4CEE       BA     2677       0
                text91                             3A0A     3A0A       3E     1D05       0
                text90                             3596     3596       1E     1ACB       0
                text89                             3614     3614       24     1B0A       0
                text88                             50DC     50DC       D8     286E       0
                text87                             5722     5722      102     2B91       0
                text86                             33D4     33D4        6     19EA       0
                text84                             34B8     34B8       14     1A5C       0
                text83                             33DA     33DA        8     19ED       0
                text82                             34CC     34CC       16     1A66       0
                text81                             345E     345E       12     1A2F       0
                text80                             3806     3806       2E     1C03       0
                text79                             34E2     34E2       16     1A71       0
                text78                             3AC8     3AC8       46     1D64       0
                text77                             3430     3430        E     1A18       0
                text76                             33BE     33BE        4     19DF       0
                text75                             37AC     37AC       2C     1BD6       0
                text74                             33C2     33C2        4     19E1       0
                text73                             343E     343E       10     1A1F       0
                text72                             35B4     35B4       20     1ADA       0
                text71                             36D8     36D8       2A     1B6C       0
                text70                             3834     3834       2E     1C1A       0
                text69                             51B4     51B4       D8     28DA       0
                text68                             4788     4788       9E     23C4       0
                text67                             5622     5622      100     2B11       0
                text66                             3862     3862       2E     1C31       0
                text65                             38F2     38F2       36     1C79       0
                text64                             1004     1004        2      800       0
                text63                             33C6     33C6        4     19E3       0
                text62                             45C4     45C4       94     22E2       0
                text61                             3542     3542       1C     1AA1       0
                text60                             4B7E     4B7E       B8     25BF       0
                text59                             344E     344E       10     1A27       0
                text58                             340C     340C        C     1A06       0
                text57                             3528     3528       1A     1A94       0
                text56                             3470     3470       12     1A38       0
                text55                             3402     3402        A     1A01       0
                text54                             414C     414C       70     20A6       0
                text53                             355E     355E       1C     1AAF       0
                text52                             3510     3510       18     1A88       0
                text51                             4010     4010       68     2008       0
                text50                             4232     4232       76     2119       0
                text49                             33E2     33E2        8     19F1       0
                text48                             3418     3418        C     1A0C       0
                text47                             33CA     33CA        4     19E5       0
                text46                             3A48     3A48       3E     1D24       0
                text45                             5364     5364       DE     29B2       0
                text44                             3928     3928       36     1C94       0
                text43                             33EA     33EA        8     19F5       0
                text42                             33F2     33F2        8     19F9       0
                text41                             3702     3702       2A     1B81       0
                text40                             3424     3424        C     1A12       0
                text39                             372C     372C       2A     1B96       0
                text38                             5442     5442       EC     2A21       0
                text37                             4424     4424       86     2212       0
                text36                             40E0     40E0       6C     2070       0
                text35                             5EF8     5EF8      540     2F7C       0
                text34                             395E     395E       38     1CAF       0
                text33                             3B54     3B54       4A     1DAA       0
                text32                             35D4     35D4       20     1AEA       0
                text31                             33FA     33FA        8     19FD       0
                text30                             3890     3890       2E     1C48       0
                text29                             3BEA     3BEA       4C     1DF5       0
                text28                             3FAA     3FAA       66     1FD5       0
                text27                             357A     357A       1C     1ABD       0
                text26                             3482     3482       12     1A41       0
                text25                             528C     528C       D8     2946       0
                text24                             3494     3494       12     1A4A       0
                text23                             34A6     34A6       12     1A53       0
                text22                             35F4     35F4       20     1AFA       0
                text21                             4322     4322       7E     2191       0
                text20                             5928     5928      10A     2C94       0
                text19                             38BE     38BE       34     1C5F       0
                text18                             3638     3638       26     1B1C       0
                text17                             3E84     3E84       5E     1F42       0
                text16                             3B0E     3B0E       46     1D87       0
                text15                             552E     552E       F4     2A97       0
                text14                             3D78     3D78       58     1EBC       0
                text13                             365E     365E       26     1B2F       0
                text12                             4658     4658       94     232C       0
                text11                             3756     3756       2A     1BAB       0
                text10                             6438     6438     1208     321C       0
                text9                              3C36     3C36       4C     1E1B       0
                text8                              5B4C     5B4C      1AA     2DA6       0
                text7                              4C36     4C36       B8     261B       0
                text6                              4078     4078       68     203C       0
                text5                              3DD0     3DD0       5A     1EE8       0
                text4                              3D24     3D24       54     1E92       0
                text3                              42A8     42A8       7A     2154       0
                text2                              4A16     4A16       B2     250B       0
                text1                              3996     3996       38     1CCB       0
                text0                              4F36     4F36       D2     279B       0
                cstackCOMRAM                         30       30       2F        1       1
                cstackBANK0                          C6       C6       32       60       1
                bssBANK2                            200      200       40      200       1
                bssBANK1                            100      100       D8      100       1
                dataBANK0                            F8       F8        5       60       1
                bssBANK0                             60       60       66       60       1
                bssCOMRAM                             1        1       2F        1       1
                cinit                              3E2A     3E2A       5A     1F15       0
                idataBANK0                         33CF     33CF        5     33CF       0

TOTAL           Name                               Link     Load   Length     Space
        CLASS   STACK          

        CLASS   CODE           
                end_init                           10A6     10A6        4         0
                intcode                            1008     1008       9E         0
                reset_vec                          1000     1000        4         0
                text121                            33B6     33B6        4         0
                text120                            3684     3684       2A         0
                text119                            36AE     36AE       2A         0
                text118                            34F8     34F8       18         0
                text117                            33BA     33BA        4         0
                text116                            41BC     41BC       76         0
                text115                            37D8     37D8       2E         0
                text114                            3F44     3F44       66         0
                text113                            4DA8     4DA8       C0         0
                text112                            4E68     4E68       CE         0
                text111                            4AC8     4AC8       B6         0
                text110                            5A32     5A32      11A         0
                text109                            3CD2     3CD2       52         0
                text108                            46EC     46EC       9C         0
                text107                            44AA     44AA       8C         0
                text106                            3A86     3A86       42         0
                text105                            48C6     48C6       A2         0
                text104                            3C82     3C82       50         0
                text103                            39CE     39CE       3C         0
                text102                            3B9E     3B9E       4C         0
                text101                            5CF6     5CF6      202         0
                text100                            5824     5824      104         0
                text99                             43A0     43A0       84         0
                text98                             3780     3780       2C         0
                text97                             4968     4968       AE         0
                text96                             4826     4826       A0         0
                text95                             4536     4536       8E         0
                text94                             5008     5008       D4         0
                text93                             3EE2     3EE2       62         0
                text92                             4CEE     4CEE       BA         0
                text91                             3A0A     3A0A       3E         0
                text90                             3596     3596       1E         0
                text89                             3614     3614       24         0
                text88                             50DC     50DC       D8         0
                text87                             5722     5722      102         0
                text86                             33D4     33D4        6         0
                text84                             34B8     34B8       14         0
                text83                             33DA     33DA        8         0
                text82                             34CC     34CC       16         0
                text81                             345E     345E       12         0
                text80                             3806     3806       2E         0
                text79                             34E2     34E2       16         0
                text78                             3AC8     3AC8       46         0
                text77                             3430     3430        E         0
                text76                             33BE     33BE        4         0
                text75                             37AC     37AC       2C         0
                text74                             33C2     33C2        4         0
                text73                             343E     343E       10         0
                text72                             35B4     35B4       20         0
                text71                             36D8     36D8       2A         0
                text70                             3834     3834       2E         0
                text69                             51B4     51B4       D8         0
                text68                             4788     4788       9E         0
                text67                             5622     5622      100         0
                text66                             3862     3862       2E         0
                text65                             38F2     38F2       36         0
                text64                             1004     1004        2         0
                text63                             33C6     33C6        4         0
                text62                             45C4     45C4       94         0
                text61                             3542     3542       1C         0
                text60                             4B7E     4B7E       B8         0
                text59                             344E     344E       10         0
                text58                             340C     340C        C         0
                text57                             3528     3528       1A         0
                text56                             3470     3470       12         0
                text55                             3402     3402        A         0
                text54                             414C     414C       70         0
                text53                             355E     355E       1C         0
                text52                             3510     3510       18         0
                text51                             4010     4010       68         0
                text50                             4232     4232       76         0
                text49                             33E2     33E2        8         0
                text48                             3418     3418        C         0
                text47                             33CA     33CA        4         0
                text46                             3A48     3A48       3E         0
                text45                             5364     5364       DE         0
                text44                             3928     3928       36         0
                text43                             33EA     33EA        8         0
                text42                             33F2     33F2        8         0
                text41                             3702     3702       2A         0
                text40                             3424     3424        C         0
                text39                             372C     372C       2A         0
                text38                             5442     5442       EC         0
                text37                             4424     4424       86         0
                text36                             40E0     40E0       6C         0
                text35                             5EF8     5EF8      540         0
                text34                             395E     395E       38         0
                text33                             3B54     3B54       4A         0
                text32                             35D4     35D4       20         0
                text31                             33FA     33FA        8         0
                text30                             3890     3890       2E         0
                text29                             3BEA     3BEA       4C         0
                text28                             3FAA     3FAA       66         0
                text27                             357A     357A       1C         0
                text26                             3482     3482       12         0
                text25                             528C     528C       D8         0
                text24                             3494     3494       12         0
                text23                             34A6     34A6       12         0
                text22                             35F4     35F4       20         0
                text21                             4322     4322       7E         0
                text20                             5928     5928      10A         0
                text19                             38BE     38BE       34         0
                text18                             3638     3638       26         0
                text17                             3E84     3E84       5E         0
                text16                             3B0E     3B0E       46         0
                text15                             552E     552E       F4         0
                text14                             3D78     3D78       58         0
                text13                             365E     365E       26         0
                text12                             4658     4658       94         0
                text11                             3756     3756       2A         0
                text10                             6438     6438     1208         0
                text9                              3C36     3C36       4C         0
                text8                              5B4C     5B4C      1AA         0
                text7                              4C36     4C36       B8         0
                text6                              4078     4078       68         0
                text5                              3DD0     3DD0       5A         0
                text4                              3D24     3D24       54         0
                text3                              42A8     42A8       7A         0
                text2                              4A16     4A16       B2         0
                text1                              3996     3996       38         0
                text0                              4F36     4F36       D2         0
                cinit                              3E2A     3E2A       5A         0
                idataBANK0                         33CF     33CF        5         0

        CLASS   CONST          

        CLASS   SMALLCONST     

        CLASS   MEDIUMCONST    
                mediumconst                        7640     7640      9C0         0

        CLASS   COMRAM         
                cstackCOMRAM                         30       30       2F         1
                bssCOMRAM                             1        1       2F         1

        CLASS   ABS1           
                abs_s1                              400      400       40         1
                abs_s1                              500      500       80         1

        CLASS   BIGRAM         

        CLASS   RAM            

        CLASS   BANK0          
                cstackBANK0                          C6       C6       32         1
                dataBANK0                            F8       F8        5         1
                bssBANK0                             60       60       66         1

        CLASS   BANK1          
                bssBANK1                            100      100       D8         1

        CLASS   BANK2          
                bssBANK2                            200      200       40         1

        CLASS   BANK3          

        CLASS   BANK4          

        CLASS   BANK5          

        CLASS   BANK6          

        CLASS   BANK7          

        CLASS   SFR            

        CLASS   FARRAM         

        CLASS   CONFIG         
                config                           300000   300000        E         0

        CLASS   IDLOC          
                idloc                            200000   200000        8         0

        CLASS   EEDATA         



SEGMENTS        Name                           Load    Length   Top    Selector   Space  Class

                bssCOMRAM                      000001  00005E  00005F         1       1  COMRAM  
                bssBANK0                       000060  00009D  0000FD        60       1  BANK0   
                bssBANK1                       000100  0000D8  0001D8       100       1  BANK1   
                bssBANK2                       000200  000040  000240       200       1  BANK2   
                reset_vec                      001000  000006  001006       800       0  CODE    
                intcode                        001008  0000A2  0010AA       804       0  CODE    
                text121                        0033B6  000004  0033BA      19DB       0  CODE    
                text117                        0033BA  000004  0033BE      19DD       0  CODE    
                text76                         0033BE  000004  0033C2      19DF       0  CODE    
                text74                         0033C2  000004  0033C6      19E1       0  CODE    
                text63                         0033C6  000004  0033CA      19E3       0  CODE    
                text47                         0033CA  000004  0033CE      19E5       0  CODE    
                idataBANK0                     0033CF  000005  0033D4      33CF       0  CODE    
                text86                         0033D4  000006  0033DA      19EA       0  CODE    
                text83                         0033DA  000008  0033E2      19ED       0  CODE    
                text49                         0033E2  000008  0033EA      19F1       0  CODE    
                text43                         0033EA  000008  0033F2      19F5       0  CODE    
                text42                         0033F2  000008  0033FA      19F9       0  CODE    
                text31                         0033FA  000008  003402      19FD       0  CODE    
                text55                         003402  00000A  00340C      1A01       0  CODE    
                text58                         00340C  00000C  003418      1A06       0  CODE    
                text48                         003418  00000C  003424      1A0C       0  CODE    
                text40                         003424  00000C  003430      1A12       0  CODE    
                text77                         003430  00000E  00343E      1A18       0  CODE    
                text73                         00343E  000010  00344E      1A1F       0  CODE    
                text59                         00344E  000010  00345E      1A27       0  CODE    
                text81                         00345E  000012  003470      1A2F       0  CODE    
                text56                         003470  000012  003482      1A38       0  CODE    
                text26                         003482  000012  003494      1A41       0  CODE    
                text24                         003494  000012  0034A6      1A4A       0  CODE    
                text23                         0034A6  000012  0034B8      1A53       0  CODE    
                text84                         0034B8  000014  0034CC      1A5C       0  CODE    
                text82                         0034CC  000016  0034E2      1A66       0  CODE    
                text79                         0034E2  000016  0034F8      1A71       0  CODE    
                text118                        0034F8  000018  003510      1A7C       0  CODE    
                text52                         003510  000018  003528      1A88       0  CODE    
                text57                         003528  00001A  003542      1A94       0  CODE    
                text61                         003542  00001C  00355E      1AA1       0  CODE    
                text53                         00355E  00001C  00357A      1AAF       0  CODE    
                text27                         00357A  00001C  003596      1ABD       0  CODE    
                text90                         003596  00001E  0035B4      1ACB       0  CODE    
                text72                         0035B4  000020  0035D4      1ADA       0  CODE    
                text32                         0035D4  000020  0035F4      1AEA       0  CODE    
                text22                         0035F4  000020  003614      1AFA       0  CODE    
                text89                         003614  000024  003638      1B0A       0  CODE    
                text18                         003638  000026  00365E      1B1C       0  CODE    
                text13                         00365E  000026  003684      1B2F       0  CODE    
                text120                        003684  00002A  0036AE      1B42       0  CODE    
                text119                        0036AE  00002A  0036D8      1B57       0  CODE    
                text71                         0036D8  00002A  003702      1B6C       0  CODE    
                text41                         003702  00002A  00372C      1B81       0  CODE    
                text39                         00372C  00002A  003756      1B96       0  CODE    
                text11                         003756  00002A  003780      1BAB       0  CODE    
                text98                         003780  00002C  0037AC      1BC0       0  CODE    
                text75                         0037AC  00002C  0037D8      1BD6       0  CODE    
                text115                        0037D8  00002E  003806      1BEC       0  CODE    
                text80                         003806  00002E  003834      1C03       0  CODE    
                text70                         003834  00002E  003862      1C1A       0  CODE    
                text66                         003862  00002E  003890      1C31       0  CODE    
                text30                         003890  00002E  0038BE      1C48       0  CODE    
                text19                         0038BE  000034  0038F2      1C5F       0  CODE    
                text65                         0038F2  000036  003928      1C79       0  CODE    
                text44                         003928  000036  00395E      1C94       0  CODE    
                text34                         00395E  000038  003996      1CAF       0  CODE    
                text1                          003996  000038  0039CE      1CCB       0  CODE    
                text103                        0039CE  00003C  003A0A      1CE7       0  CODE    
                text91                         003A0A  00003E  003A48      1D05       0  CODE    
                text46                         003A48  00003E  003A86      1D24       0  CODE    
                text106                        003A86  000042  003AC8      1D43       0  CODE    
                text78                         003AC8  000046  003B0E      1D64       0  CODE    
                text16                         003B0E  000046  003B54      1D87       0  CODE    
                text33                         003B54  00004A  003B9E      1DAA       0  CODE    
                text102                        003B9E  00004C  003BEA      1DCF       0  CODE    
                text29                         003BEA  00004C  003C36      1DF5       0  CODE    
                text9                          003C36  00004C  003C82      1E1B       0  CODE    
                text104                        003C82  000050  003CD2      1E41       0  CODE    
                text109                        003CD2  000052  003D24      1E69       0  CODE    
                text4                          003D24  000054  003D78      1E92       0  CODE    
                text14                         003D78  000058  003DD0      1EBC       0  CODE    
                text5                          003DD0  00005A  003E2A      1EE8       0  CODE    
                cinit                          003E2A  00005A  003E84      1F15       0  CODE    
                text17                         003E84  00005E  003EE2      1F42       0  CODE    
                text93                         003EE2  000062  003F44      1F71       0  CODE    
                text114                        003F44  000066  003FAA      1FA2       0  CODE    
                text28                         003FAA  000066  004010      1FD5       0  CODE    
                text51                         004010  000068  004078      2008       0  CODE    
                text6                          004078  000068  0040E0      203C       0  CODE    
                text36                         0040E0  00006C  00414C      2070       0  CODE    
                text54                         00414C  000070  0041BC      20A6       0  CODE    
                text116                        0041BC  000076  004232      20DE       0  CODE    
                text50                         004232  000076  0042A8      2119       0  CODE    
                text3                          0042A8  00007A  004322      2154       0  CODE    
                text21                         004322  00007E  0043A0      2191       0  CODE    
                text99                         0043A0  000084  004424      21D0       0  CODE    
                text37                         004424  000086  0044AA      2212       0  CODE    
                text107                        0044AA  00008C  004536      2255       0  CODE    
                text95                         004536  00008E  0045C4      229B       0  CODE    
                text62                         0045C4  000094  004658      22E2       0  CODE    
                text12                         004658  000094  0046EC      232C       0  CODE    
                text108                        0046EC  00009C  004788      2376       0  CODE    
                text68                         004788  00009E  004826      23C4       0  CODE    
                text96                         004826  0000A0  0048C6      2413       0  CODE    
                text105                        0048C6  0000A2  004968      2463       0  CODE    
                text97                         004968  0000AE  004A16      24B4       0  CODE    
                text2                          004A16  0000B2  004AC8      250B       0  CODE    
                text111                        004AC8  0000B6  004B7E      2564       0  CODE    
                text60                         004B7E  0000B8  004C36      25BF       0  CODE    
                text7                          004C36  0000B8  004CEE      261B       0  CODE    
                text92                         004CEE  0000BA  004DA8      2677       0  CODE    
                text113                        004DA8  0000C0  004E68      26D4       0  CODE    
                text112                        004E68  0000CE  004F36      2734       0  CODE    
                text0                          004F36  0000D2  005008      279B       0  CODE    
                text94                         005008  0000D4  0050DC      2804       0  CODE    
                text88                         0050DC  0000D8  0051B4      286E       0  CODE    
                text69                         0051B4  0000D8  00528C      28DA       0  CODE    
                text25                         00528C  0000D8  005364      2946       0  CODE    
                text45                         005364  0000DE  005442      29B2       0  CODE    
                text38                         005442  0000EC  00552E      2A21       0  CODE    
                text15                         00552E  0000F4  005622      2A97       0  CODE    
                text67                         005622  000100  005722      2B11       0  CODE    
                text87                         005722  000102  005824      2B91       0  CODE    
                text100                        005824  000104  005928      2C12       0  CODE    
                text20                         005928  00010A  005A32      2C94       0  CODE    
                text110                        005A32  00011A  005B4C      2D19       0  CODE    
                text8                          005B4C  0001AA  005CF6      2DA6       0  CODE    
                text101                        005CF6  000202  005EF8      2E7B       0  CODE    
                text35                         005EF8  000540  006438      2F7C       0  CODE    
                text10                         006438  001208  007640      321C       0  CODE    
                mediumconst                    007640  0009C0  008000      3B20       0  MEDIUMCO
                idloc                          200000  000008  200008    200000       0  IDLOC   
                config                         300000  00000E  30000E    300000       0  CONFIG  


UNUSED ADDRESS RANGES

        Name                Unused          Largest block    Delta
        BANK0            0000FD-0000FF                3
        BANK1            0001D8-0001FF               28
        BANK2            000240-0002FF               C0
        BANK3            000300-0003FF              100
        BANK4            000440-0004FF               C0
        BANK5            000580-0005FF               80
        BANK6            000600-0006FF              100
        BANK7            000700-0007FF              100
        BIGRAM           00005F-00005F                1
                         0000FD-0000FF                3
                         0001D8-0001FF               28
                         000240-0003FF              1C0
                         000440-0004FF               C0
                         000580-0007FF              280
        CODE             0010AA-0033B5             230C
                         0033CE-0033CE                1
        COMRAM           00005F-00005F                1
        CONST            0010AA-0033B5             230C
                         0033CE-0033CE                1
        EEDATA           F00000-F000FF              100
        FARRAM           000000-000000                1
        MEDIUMCONST      0010AA-0033B5             230C
                         0033CE-0033CE                1
        RAM              0000FD-0000FF                3
                         0001D8-0001FF               28
                         000240-0003FF               C0
                         000440-0004FF               C0
                         000580-0007FF              100
        SFR              000F53-000FFF                D
        SMALLCONST       0010AA-0033B5              100
                         0033CE-0033CE                1
        STACK            000580-0007FF              280

                                  Symbol Table

?_ADC_GetConversion                         cstackBANK0  0000C6
?_USBTransferOnePacket                      cstackBANK0  0000C6
?___lldiv                                   cstackCOMRAM 000030
?___lwdiv                                   cstackBANK0  0000C6
?___lwmod                                   cstackBANK0  0000C6
?_strcmp                                    cstackBANK0  0000C6
?_strncmp                                   cstackBANK0  0000C6
?i2_USBTransferOnePacket                    cstackCOMRAM 000030
ADC_GetConversion@channel                   cstackBANK0  0000CA
ADC_TempConversion@temp                     cstackBANK0  0000CE
ADC_TempConversion@tempRaw                  cstackBANK0  0000CD
CDCTxService@byte_to_send                   cstackBANK0  0000D0
CDCTxService@i                              cstackBANK0  0000CF
DATAEE_ReadByte@bAdd                        cstackBANK0  0000C6
DATAEE_WriteByte@GIEBitValue                cstackBANK0  0000C8
DATAEE_WriteByte@bAdd                       cstackBANK0  0000C7
DATAEE_WriteByte@bData                      cstackBANK0  0000C6
EUSART_FlushBuffer@index                    cstackBANK0  0000C6
EUSART_Read@readValue                       cstackBANK0  0000C6
EUSART_Write@txData                         cstackBANK0  0000C6
MOTEapp_SetADR@state                        cstackBANK0  0000C6
MOTEapp_SetDataRate@dataRate                cstackBANK0  0000C6
MOTEapp_TimerBasedTask@timerTask            cstackBANK0  0000C6
MOTEapp_getModemResponse@bufferByte         cstackBANK0  0000C8
MOTEapp_getModemResponse@terminatorReceived cstackBANK0  0000C7
MOTEapp_handlerState@state                  cstackBANK0  0000C6
SPI_Exchange8bit@data                       cstackBANK0  0000C6
Set_Column_Address@address                  cstackBANK0  0000C8
Set_Page_Address@address                    cstackBANK0  0000C8
TMR2_ReadTimer@readVal                      cstackBANK0  0000C6
USART_mySetLineCodingHandler@dwBaud         cstackCOMRAM 000041
USBConfigureEndpoint@EPNum                  cstackCOMRAM 000035
USBConfigureEndpoint@direction              cstackCOMRAM 000030
USBConfigureEndpoint@handle                 cstackCOMRAM 000036
USBCtrlEPService@setup_cnt                  cstackCOMRAM 000051
USBCtrlTrfInHandler@lastDTS                 cstackCOMRAM 000045
USBCtrlTrfRxService@byteToRead              cstackCOMRAM 000046
USBCtrlTrfRxService@i                       cstackCOMRAM 000045
USBCtrlTrfTxService@byteToSend              cstackCOMRAM 000030
USBDeviceInit@i                             cstackBANK0  0000CE
USBDeviceTasks@i                            cstackCOMRAM 000052
USBEnableEndpoint@ep                        cstackCOMRAM 00003D
USBEnableEndpoint@options                   cstackCOMRAM 000038
USBEnableEndpoint@p                         cstackCOMRAM 00003B
USBStdFeatureReqHandler@current_ep_data     cstackCOMRAM 00004B
USBStdFeatureReqHandler@p                   cstackCOMRAM 00004C
USBStdFeatureReqHandler@pUEP                cstackCOMRAM 000049
USBStdGetStatusHandler@p                    cstackCOMRAM 000030
USBStdSetCfgHandler@i                       cstackCOMRAM 000047
USBTransferOnePacket@data                   cstackBANK0  0000C7
USBTransferOnePacket@dir                    cstackBANK0  0000C6
USBTransferOnePacket@ep                     cstackBANK0  0000CA
USBTransferOnePacket@handle                 cstackBANK0  0000CB
USBTransferOnePacket@len                    cstackBANK0  0000C9
USBapp_CdcEmulatorInitialize@i              cstackCOMRAM 00003E
USBapp_handlerState@state                   cstackBANK0  0000C6
USER_USB_CALLBACK_EVENT_HANDLER@event       cstackCOMRAM 00003F
USER_USB_CALLBACK_EVENT_HANDLER@pdata       cstackCOMRAM 000041
USER_USB_CALLBACK_EVENT_HANDLER@size        cstackCOMRAM 000043
_ACTCON                                     (abs)        000FB5
_ADCON0                                     (abs)        000FC2
_ADCON0bits                                 (abs)        000FC2
_ADCON1                                     (abs)        000FC1
_ADCON2                                     (abs)        000FC0
_ADC_GetConversion                          text34       00395E
_ADC_Initialize                             text82       0034CC
_ADC_TempConversion                         text32       0035D4
_ADRESH                                     (abs)        000FC4
_ADRESL                                     (abs)        000FC3
_ANSELAbits                                 (abs)        000F5B
_ANSELCbits                                 (abs)        000F5D
_BAUDCON                                    (abs)        000FB8
_BDT                                        (abs)        000400
_BothEP0OutUOWNsSet                         bssCOMRAM    000013
_CDCDataInHandle                            bssBANK0     000076
_CDCDataOutHandle                           bssBANK0     000078
_CDCInitEP                                  text104      003C82
_CDCTxService                               text67       005622
_CDCTxService$5784                          cstackBANK0  0000CD
_CKE                                        (abs)        007E3E
_CKP                                        (abs)        007E34
_CM1CON0                                    (abs)        000F98
_CM1CON0bits                                (abs)        000F98
_CM2CON1bits                                (abs)        000F9A
_CMP1_ISR                                   text121      0033B6
_CMP1_Initialize                            text81       00345E
_CtrlTrfData                                (abs)        000438
_DATAEE_ReadByte                            text84       0034B8
_DATAEE_WriteByte                           text44       003928
_EEADR                                      (abs)        000FA9
_EECON1bits                                 (abs)        000FA6
_EECON2                                     (abs)        000FA7
_EEDATA                                     (abs)        000FA8
_EUSART_FlushBuffer                         text30       003890
_EUSART_Initialize                          text80       003806
_EUSART_Read                                text66       003862
_EUSART_Receive_ISR                         text120      003684
_EUSART_Transmit_ISR                        text119      0036AE
_EUSART_Write                               text65       0038F2
_EndLine                                    text40       003424
_GIE                                        (abs)        007F97
_INTCONbits                                 (abs)        000FF2
_INTERRUPT_InterruptManager                 intcode      001008
_IOCCbits                                   (abs)        000F87
_IPR3bits                                   (abs)        000FA5
_LATAbits                                   (abs)        000F89
_LATBbits                                   (abs)        000F8A
_LATCbits                                   (abs)        000F8B
_LastRS232Out                               bssCOMRAM    000014
_MOTEapp_SetADR                             text43       0033EA
_MOTEapp_SetDataRate                        text42       0033F2
_MOTEapp_TimerBasedTask                     text48       003418
_MOTEapp_WriteDataRate                      text38       005442
_MOTEapp_getModemResponse                   text29       003BEA
_MOTEapp_handlerState                       text83       0033DA
_MOTEapp_setResponseReady                   text64       001004
_NextUSBOut                                 bssCOMRAM    000015
_OSCCON                                     (abs)        000FD3
_OSCCON2                                    (abs)        000FD2
_OSCCON2bits                                (abs)        000FD2
_OSCILLATOR_Initialize                      text79       0034E2
_OSCTUNE                                    (abs)        000F9B
_OledFont0                                  mediumconst  007649
_PEIE                                       (abs)        007F96
_PIE1bits                                   (abs)        000F9D
_PIE2bits                                   (abs)        000FA0
_PIE3bits                                   (abs)        000FA3
_PIN_MANAGER_Initialize                     text78       003AC8
_PIR1bits                                   (abs)        000F9E
_PIR2bits                                   (abs)        000FA1
_PIR3bits                                   (abs)        000FA4
_PORTAbits                                  (abs)        000F80
_PORTCbits                                  (abs)        000F82
_PR2                                        (abs)        000FBB
_RCONbits                                   (abs)        000FD0
_RCREG                                      (abs)        000FAE
_RCSTA                                      (abs)        000FAB
_RCSTAbits                                  (abs)        000FAB
_RS232_Out_Data_Rdy                         bssCOMRAM    000016
_RS232cp                                    bssCOMRAM    000017
_RemoteWakeup                               bssCOMRAM    000018
_SPBRG                                      (abs)        000FAF
_SPBRGH                                     (abs)        000FB0
_SPI_Exchange8bit                           text59       00344E
_SPI_Initialize                             text77       003430
_SSP1ADD                                    (abs)        000FC8
_SSP1CON1                                   (abs)        000FC6
_SSP1CON1bits                               (abs)        000FC6
_SSP1STAT                                   (abs)        000FC7
_SSP1STATbits                               (abs)        000FC7
_SSPBUF                                     (abs)        000FC9
_SYSTEM_Initialize                          text72       0035B4
_Set_Column_Address                         text57       003528
_Set_Page_Address                           text56       003470
_SetupPkt                                   (abs)        000430
_T1CON                                      (abs)        000FCD
_T1CONbits                                  (abs)        000FCD
_T1GCON                                     (abs)        000FCC
_T1GCONbits                                 (abs)        000FCC
_T2CON                                      (abs)        000FBA
_T2CONbits                                  (abs)        000FBA
_TABLAT                                     (abs)        000FF5
_TBLPTRH                                    (abs)        000FF7
_TBLPTRL                                    (abs)        000FF6
_TBLPTRU                                    (abs)        000FF8
_TMR1H                                      (abs)        000FCF
_TMR1L                                      (abs)        000FCE
_TMR1_ISR                                   text118      0034F8
_TMR1_Initialize                            text75       0037AC
_TMR1_StartTimer                            text76       0033BE
_TMR2                                       (abs)        000FBC
_TMR2_Initialize                            text73       00343E
_TMR2_ReadTimer                             text31       0033FA
_TMR2_StartTimer                            text74       0033C2
_TMRapp_ClearBitFlags                       text47       0033CA
_TMRapp_Handler                             text45       005364
_TMRapp_Tick                                text117      0033BA
_TRISAbits                                  (abs)        000F92
_TRISBbits                                  (abs)        000F93
_TRISCbits                                  (abs)        000F94
_TXREG                                      (abs)        000FAD
_TXSTA                                      (abs)        000FAC
_TXSTAbits                                  (abs)        000FAC
_UADDR                                      (abs)        000F63
_UCFG                                       (abs)        000F62
_UCON                                       (abs)        000F60
_UCONbits                                   (abs)        000F60
_UEIE                                       (abs)        000F66
_UEIR                                       (abs)        000F67
_UEP0                                       (abs)        000F6A
_UEP0bits                                   (abs)        000F6A
_UEP1                                       (abs)        000F6B
_UIE                                        (abs)        000F64
_UIEbits                                    (abs)        000F64
_UIR                                        (abs)        000F65
_UIRbits                                    (abs)        000F65
_USART_mySetLineCodingHandler               text114      003F44
_USBActiveConfiguration                     bssCOMRAM    00002E
_USBAlternateInterface                      bssBANK0     0000C4
_USBBusIsSuspended                          bssBANK0     000086
_USBCheckCDCRequest                         text108      0046EC
_USBCheckStdRequest                         text96       004826
_USBConfigureEndpoint                       text107      0044AA
_USBCtrlEPAllowDataStage                    text95       004536
_USBCtrlEPAllowStatusStage                  text111      004AC8
_USBCtrlEPService                           text92       004CEE
_USBCtrlEPServiceComplete                   text94       005008
_USBCtrlTrfInHandler                        text112      004E68
_USBCtrlTrfOutHandler                       text109      003CD2
_USBCtrlTrfRxService                        text110      005A32
_USBCtrlTrfSetupHandler                     text93       003EE2
_USBCtrlTrfTxService                        text113      004DA8
_USBDeferINDataStagePackets                 bssBANK0     000087
_USBDeferOUTDataStagePackets                bssBANK0     000088
_USBDeferStatusStagePacket                  bssCOMRAM    000019
_USBDeviceAttach                            text71       0036D8
_USBDeviceInit                              text69       0051B4
_USBDeviceState                             bssBANK0     000089
_USBDeviceTasks                             text87       005722
_USBEnableEndpoint                          text106      003A86
_USBStallHandler                            text91       003A0A
_USBStatusStageEnabledFlag1                 bssCOMRAM    00001A
_USBStatusStageEnabledFlag2                 bssCOMRAM    00001B
_USBStatusStageTimeoutCounter               bssCOMRAM    00001C
_USBStdFeatureReqHandler                    text101      005CF6
_USBStdGetDscHandler                        text100      005824
_USBStdGetStatusHandler                     text99       0043A0
_USBStdSetCfgHandler                        text97       004968
_USBSuspend                                 text90       003596
_USBTransferOnePacket                       text68       004788
_USBWakeFromSuspend                         text89       003614
_USB_Buffer                                 bssBANK1     000140
_USB_CD_Ptr                                 mediumconst  007647
_USB_SD_Ptr                                 mediumconst  007641
_USBapp_CdcEmulatorInitialize               text103      0039CE
_USBapp_DeviceCdcEmulatorHandler            text60       004B7E
_USBapp_Handler                             text50       004232
_USBapp_getrxByteFlag                       text63       0033C6
_USBapp_handlerState                        text49       0033E2
_USBapp_setrxByteFlag                       text86       0033D4
_USER_USB_CALLBACK_EVENT_HANDLER            text102      003B9E
_USTAT                                      (abs)        000F61
_USTATcopy                                  bssCOMRAM    00002F
_VREFCON0                                   (abs)        000F7D
_VREFCON0bits                               (abs)        000F7D
_WDTCONbits                                 (abs)        000FD1
__CFG_BOREN$SBORDIS                         (abs)        000000
__CFG_BORV$190                              (abs)        000000
__CFG_CCP2MX$RC1                            (abs)        000000
__CFG_CFGPLLEN$OFF                          (abs)        000000
__CFG_CP0$OFF                               (abs)        000000
__CFG_CP1$OFF                               (abs)        000000
__CFG_CP2$OFF                               (abs)        000000
__CFG_CP3$OFF                               (abs)        000000
__CFG_CPB$OFF                               (abs)        000000
__CFG_CPD$OFF                               (abs)        000000
__CFG_CPUDIV$NOCLKDIV                       (abs)        000000
__CFG_EBTR0$OFF                             (abs)        000000
__CFG_EBTR1$OFF                             (abs)        000000
__CFG_EBTR2$OFF                             (abs)        000000
__CFG_EBTR3$OFF                             (abs)        000000
__CFG_EBTRB$OFF                             (abs)        000000
__CFG_FCMEN$OFF                             (abs)        000000
__CFG_FOSC$INTOSCIO                         (abs)        000000
__CFG_ICPRT$OFF                             (abs)        000000
__CFG_IESO$OFF                              (abs)        000000
__CFG_LS48MHZ$SYS48X8                       (abs)        000000
__CFG_LVP$OFF                               (abs)        000000
__CFG_MCLRE$ON                              (abs)        000000
__CFG_PBADEN$OFF                            (abs)        000000
__CFG_PCLKEN$OFF                            (abs)        000000
__CFG_PLLSEL$PLL3X                          (abs)        000000
__CFG_SDOMX$RB3                             (abs)        000000
__CFG_STVREN$ON                             (abs)        000000
__CFG_T3CMX$RC0                             (abs)        000000
__CFG_WDTEN$SWON                            (abs)        000000
__CFG_WDTPS$32768                           (abs)        000000
__CFG_WRT0$OFF                              (abs)        000000
__CFG_WRT1$OFF                              (abs)        000000
__CFG_WRT2$OFF                              (abs)        000000
__CFG_WRT3$OFF                              (abs)        000000
__CFG_WRTB$OFF                              (abs)        000000
__CFG_WRTC$OFF                              (abs)        000000
__CFG_WRTD$OFF                              (abs)        000000
__CFG_XINST$OFF                             (abs)        000000
__CFG_nLPBOR$ON                             (abs)        000000
__CFG_nPWRTEN$OFF                           (abs)        000000
__HRAM                                      (abs)        000000
__Habs1                                     abs1         000000
__Hbank0                                    bank0        000000
__Hbank1                                    bank1        000000
__Hbank2                                    bank2        000000
__Hbank3                                    bank3        000000
__Hbank4                                    bank4        000000
__Hbank5                                    bank5        000000
__Hbank6                                    bank6        000000
__Hbank7                                    bank7        000000
__Hbigbss                                   bigbss       000000
__Hbigdata                                  bigdata      000000
__Hbigram                                   bigram       000000
__Hbss                                      bss          000000
__HbssBANK0                                 bssBANK0     000000
__HbssBANK1                                 bssBANK1     000000
__HbssBANK2                                 bssBANK2     000000
__HbssCOMRAM                                bssCOMRAM    000000
__Hcinit                                    cinit        000000
__Hclrtext                                  clrtext      000000
__Hcomram                                   comram       000000
__Hconfig                                   config       30000E
__Hconst                                    const        000000
__HcstackBANK0                              cstackBANK0  000000
__HcstackCOMRAM                             cstackCOMRAM 000000
__Hdata                                     data         000000
__HdataBANK0                                dataBANK0    000000
__Heeprom_data                              eeprom_data  000000
__Hend_init                                 end_init     0010AA
__Hfarbss                                   farbss       000000
__Hfardata                                  fardata      000000
__Hibigdata                                 ibigdata     000000
__Hidata                                    idata        000000
__HidataBANK0                               idataBANK0   000000
__Hidloc                                    idloc        200008
__Hifardata                                 ifardata     000000
__Hinit                                     init         0010A6
__Hintcode                                  intcode      0010A6
__Hintcode_body                             intcode_body 000000
__Hintcodelo                                intcodelo    0010A6
__Hintentry                                 intentry     000000
__Hintret                                   intret       000000
__Hintsave_regs                             intsave_regs 000000
__Hirdata                                   irdata       000000
__Hmediumconst                              mediumconst  008000
__HnvFARRAM                                 nvFARRAM     000000
__Hnvbit                                    nvbit        000000
__Hnvrram                                   nvrram       000000
__Hparam                                    rparam       000000
__Hpowerup                                  powerup      0010A6
__Hram                                      ram          000000
__Hramtop                                   ramtop       000800
__Hrbit                                     rbit         000000
__Hrbss                                     rbss         000000
__Hrdata                                    rdata        000000
__Hreset_vec                                reset_vec    001004
__Hrparam                                   rparam       000000
__Hsfr                                      sfr          000000
__Hsmallconst                               smallconst   000000
__Hspace_0                                  (abs)        30000E
__Hspace_1                                  (abs)        000240
__Hspace_2                                  (abs)        000000
__Hstack                                    stack        000000
__Hstruct                                   struct       000000
__Htemp                                     temp         000000
__Htext                                     text         000000
__Htext0                                    text0        000000
__Htext1                                    text1        000000
__Htext10                                   text10       000000
__Htext100                                  text100      000000
__Htext101                                  text101      000000
__Htext102                                  text102      000000
__Htext103                                  text103      000000
__Htext104                                  text104      000000
__Htext105                                  text105      000000
__Htext106                                  text106      000000
__Htext107                                  text107      000000
__Htext108                                  text108      000000
__Htext109                                  text109      000000
__Htext11                                   text11       000000
__Htext110                                  text110      000000
__Htext111                                  text111      000000
__Htext112                                  text112      000000
__Htext113                                  text113      000000
__Htext114                                  text114      000000
__Htext115                                  text115      000000
__Htext116                                  text116      000000
__Htext117                                  text117      000000
__Htext118                                  text118      000000
__Htext119                                  text119      000000
__Htext12                                   text12       000000
__Htext120                                  text120      000000
__Htext121                                  text121      000000
__Htext122                                  text122      000000
__Htext13                                   text13       000000
__Htext14                                   text14       000000
__Htext15                                   text15       000000
__Htext16                                   text16       000000
__Htext17                                   text17       000000
__Htext18                                   text18       000000
__Htext19                                   text19       000000
__Htext2                                    text2        000000
__Htext20                                   text20       000000
__Htext21                                   text21       000000
__Htext22                                   text22       000000
__Htext23                                   text23       000000
__Htext24                                   text24       000000
__Htext25                                   text25       000000
__Htext26                                   text26       000000
__Htext27                                   text27       000000
__Htext28                                   text28       000000
__Htext29                                   text29       000000
__Htext3                                    text3        000000
__Htext30                                   text30       000000
__Htext31                                   text31       000000
__Htext32                                   text32       000000
__Htext33                                   text33       000000
__Htext34                                   text34       000000
__Htext35                                   text35       000000
__Htext36                                   text36       000000
__Htext37                                   text37       000000
__Htext38                                   text38       000000
__Htext39                                   text39       000000
__Htext4                                    text4        000000
__Htext40                                   text40       000000
__Htext41                                   text41       000000
__Htext42                                   text42       000000
__Htext43                                   text43       000000
__Htext44                                   text44       000000
__Htext45                                   text45       000000
__Htext46                                   text46       000000
__Htext47                                   text47       000000
__Htext48                                   text48       000000
__Htext49                                   text49       000000
__Htext5                                    text5        000000
__Htext50                                   text50       000000
__Htext51                                   text51       000000
__Htext52                                   text52       000000
__Htext53                                   text53       000000
__Htext54                                   text54       000000
__Htext55                                   text55       000000
__Htext56                                   text56       000000
__Htext57                                   text57       000000
__Htext58                                   text58       000000
__Htext59                                   text59       000000
__Htext6                                    text6        000000
__Htext60                                   text60       000000
__Htext61                                   text61       000000
__Htext62                                   text62       000000
__Htext63                                   text63       000000
__Htext64                                   text64       000000
__Htext65                                   text65       000000
__Htext66                                   text66       000000
__Htext67                                   text67       000000
__Htext68                                   text68       000000
__Htext69                                   text69       000000
__Htext7                                    text7        000000
__Htext70                                   text70       000000
__Htext71                                   text71       000000
__Htext72                                   text72       000000
__Htext73                                   text73       000000
__Htext74                                   text74       000000
__Htext75                                   text75       000000
__Htext76                                   text76       000000
__Htext77                                   text77       000000
__Htext78                                   text78       000000
__Htext79                                   text79       000000
__Htext8                                    text8        000000
__Htext80                                   text80       000000
__Htext81                                   text81       000000
__Htext82                                   text82       000000
__Htext83                                   text83       000000
__Htext84                                   text84       000000
__Htext86                                   text86       000000
__Htext87                                   text87       000000
__Htext88                                   text88       000000
__Htext89                                   text89       000000
__Htext9                                    text9        000000
__Htext90                                   text90       000000
__Htext91                                   text91       000000
__Htext92                                   text92       000000
__Htext93                                   text93       000000
__Htext94                                   text94       000000
__Htext95                                   text95       000000
__Htext96                                   text96       000000
__Htext97                                   text97       000000
__Htext98                                   text98       000000
__Htext99                                   text99       000000
__LRAM                                      (abs)        000001
__Labs1                                     abs1         000000
__Lbank0                                    bank0        000000
__Lbank1                                    bank1        000000
__Lbank2                                    bank2        000000
__Lbank3                                    bank3        000000
__Lbank4                                    bank4        000000
__Lbank5                                    bank5        000000
__Lbank6                                    bank6        000000
__Lbank7                                    bank7        000000
__Lbigbss                                   bigbss       000000
__Lbigdata                                  bigdata      000000
__Lbigram                                   bigram       000000
__Lbss                                      bss          000000
__LbssBANK0                                 bssBANK0     000000
__LbssBANK1                                 bssBANK1     000000
__LbssBANK2                                 bssBANK2     000000
__LbssCOMRAM                                bssCOMRAM    000000
__Lcinit                                    cinit        000000
__Lclrtext                                  clrtext      000000
__Lcomram                                   comram       000000
__Lconfig                                   config       300000
__Lconst                                    const        000000
__LcstackBANK0                              cstackBANK0  000000
__LcstackCOMRAM                             cstackCOMRAM 000000
__Ldata                                     data         000000
__LdataBANK0                                dataBANK0    000000
__Leeprom_data                              eeprom_data  000000
__Lend_init                                 end_init     0010A6
__Lfarbss                                   farbss       000000
__Lfardata                                  fardata      000000
__Libigdata                                 ibigdata     000000
__Lidata                                    idata        000000
__LidataBANK0                               idataBANK0   000000
__Lidloc                                    idloc        200000
__Lifardata                                 ifardata     000000
__Linit                                     init         0010A6
__Lintcode                                  intcode      001008
__Lintcode_body                             intcode_body 000000
__Lintcodelo                                intcodelo    0010A6
__Lintentry                                 intentry     000000
__Lintret                                   intret       000000
__Lintsave_regs                             intsave_regs 000000
__Lirdata                                   irdata       000000
__Lmediumconst                              mediumconst  007640
__LnvFARRAM                                 nvFARRAM     000000
__Lnvbit                                    nvbit        000000
__Lnvrram                                   nvrram       000000
__Lparam                                    rparam       000000
__Lpowerup                                  powerup      0010A6
__Lram                                      ram          000000
__Lramtop                                   ramtop       000800
__Lrbit                                     rbit         000000
__Lrbss                                     rbss         000000
__Lrdata                                    rdata        000000
__Lreset_vec                                reset_vec    001000
__Lrparam                                   rparam       000000
__Lsfr                                      sfr          000000
__Lsmallconst                               smallconst   000000
__Lspace_0                                  (abs)        000000
__Lspace_1                                  (abs)        000000
__Lspace_2                                  (abs)        000000
__Lstack                                    stack        000000
__Lstruct                                   struct       000000
__Ltemp                                     temp         000000
__Ltext                                     text         000000
__Ltext0                                    text0        000000
__Ltext1                                    text1        000000
__Ltext10                                   text10       000000
__Ltext100                                  text100      000000
__Ltext101                                  text101      000000
__Ltext102                                  text102      000000
__Ltext103                                  text103      000000
__Ltext104                                  text104      000000
__Ltext105                                  text105      000000
__Ltext106                                  text106      000000
__Ltext107                                  text107      000000
__Ltext108                                  text108      000000
__Ltext109                                  text109      000000
__Ltext11                                   text11       000000
__Ltext110                                  text110      000000
__Ltext111                                  text111      000000
__Ltext112                                  text112      000000
__Ltext113                                  text113      000000
__Ltext114                                  text114      000000
__Ltext115                                  text115      000000
__Ltext116                                  text116      000000
__Ltext117                                  text117      000000
__Ltext118                                  text118      000000
__Ltext119                                  text119      000000
__Ltext12                                   text12       000000
__Ltext120                                  text120      000000
__Ltext121                                  text121      000000
__Ltext122                                  text122      000000
__Ltext13                                   text13       000000
__Ltext14                                   text14       000000
__Ltext15                                   text15       000000
__Ltext16                                   text16       000000
__Ltext17                                   text17       000000
__Ltext18                                   text18       000000
__Ltext19                                   text19       000000
__Ltext2                                    text2        000000
__Ltext20                                   text20       000000
__Ltext21                                   text21       000000
__Ltext22                                   text22       000000
__Ltext23                                   text23       000000
__Ltext24                                   text24       000000
__Ltext25                                   text25       000000
[...]
Total ram usage:        1 bytes
 Hardware stack levels used:    1
 Hardware stack levels required when called:    2
 This function calls:
		_USART_mySetLineCodingHandler
		_USBCtrlTrfTxService
 This function is called by:
		_USBCtrlEPService
 This function uses a non-reentrant model


 *************** function _USBCtrlTrfTxService *****************
 Defined at:
		line 1437 in file "../Includes/Usb/Framework/usb_device.c"
 Parameters:    Size  Location     Type
		None
 Auto vars:     Size  Location     Type
  byteToSend      1    0[COMRAM] unsigned char 
 Return value:  Size  Location     Type
		None               void
 Registers used:
		wreg, fsr1l, fsr1h, fsr2l, fsr2h, status,2, status,0, tblptrl, tblptrh, tblptru
 Tracked objects:
		On entry : 
		On exit  : 
		Unchanged: 
 Data sizes:     COMRAM   BANK0   BANK1   BANK2   BANK3   BANK4   BANK5   BANK6   BANK7
      Params:         0       0       0       0       0       0       0       0       0
      Locals:         1       0       0       0       0       0       0       0       0
      Temps:          0       0       0       0       0       0       0       0       0
      Totals:         1       0       0       0       0       0       0       0       0
Total ram usage:        1 bytes
 Hardware stack levels used:    1
 This function calls:
		Nothing
 This function is called by:
		_USBCtrlEPAllowDataStage
		_USBCtrlTrfInHandler
 This function uses a non-reentrant model


 *************** function _USART_mySetLineCodingHandler *****************
 Defined at:
		line 236 in file "../Includes/Board/USBapp.c"
 Parameters:    Size  Location     Type
		None
 Auto vars:     Size  Location     Type
  dwBaud          4   17[COMRAM] unsigned long 
 Return value:  Size  Location     Type
		None               void
 Registers used:
		wreg, status,2, status,0, cstack
 Tracked objects:
		On entry : 
		On exit  : 
		Unchanged: 
 Data sizes:     COMRAM   BANK0   BANK1   BANK2   BANK3   BANK4   BANK5   BANK6   BANK7
      Params:         0       0       0       0       0       0       0       0       0
      Locals:         4       0       0       0       0       0       0       0       0
      Temps:          4       0       0       0       0       0       0       0       0
      Totals:         8       0       0       0       0       0       0       0       0
Total ram usage:        8 bytes
 Hardware stack levels used:    1
 Hardware stack levels required when called:    1
 This function calls:
		___lldiv
		i2_EUSART_Initialize
 This function is called by:
		_USBCheckCDCRequest
		_USBCtrlTrfRxService
		_USBCtrlTrfInHandler
 This function uses a non-reentrant model


 *************** function i2_EUSART_Initialize *****************
 Defined at:
		line 77 in file "../Includes/MccGenerated/eusart.c"
 Parameters:    Size  Location     Type
		None
 Auto vars:     Size  Location     Type
		None
 Return value:  Size  Location     Type
		None               void
 Registers used:
		wreg, status,2
 Tracked objects:
		On entry : 
		On exit  : 
		Unchanged: 
 Data sizes:     COMRAM   BANK0   BANK1   BANK2   BANK3   BANK4   BANK5   BANK6   BANK7
      Params:         0       0       0       0       0       0       0       0       0
      Locals:         0       0       0       0       0       0       0       0       0
      Temps:          0       0       0       0       0       0       0       0       0
      Totals:         0       0       0       0       0       0       0       0       0
Total ram usage:        0 bytes
 Hardware stack levels used:    1
 This function calls:
		Nothing
 This function is called by:
		_USBapp_CdcEmulatorInitialize
		_USART_mySetLineCodingHandler
 This function uses a non-reentrant model


 *************** function ___lldiv *****************
 Defined at:
		line 8 in file "C:\Program Files (x86)\Microchip\xc8\v1.33\sources\common\lldiv.c"
 Parameters:    Size  Location     Type
  dividend        4    0[COMRAM] unsigned long 
  divisor         4    4[COMRAM] unsigned long 
 Auto vars:     Size  Location     Type
  quotient        4    8[COMRAM] unsigned long 
  counter         1   12[COMRAM] unsigned char 
 Return value:  Size  Location     Type
                  4    0[COMRAM] unsigned long 
 Registers used:
		wreg, status,2, status,0
 Tracked objects:
		On entry : 
		On exit  : 
		Unchanged: 
 Data sizes:     COMRAM   BANK0   BANK1   BANK2   BANK3   BANK4   BANK5   BANK6   BANK7
      Params:         8       0       0       0       0       0       0       0       0
      Locals:         5       0       0       0       0       0       0       0       0
      Temps:          0       0       0       0       0       0       0       0       0
      Totals:        13       0       0       0       0       0       0       0       0
Total ram usage:       13 bytes
 Hardware stack levels used:    1
 This function calls:
		Nothing
 This function is called by:
		_USART_mySetLineCodingHandler
 This function uses a non-reentrant model


 *************** function _TMRapp_Tick *****************
 Defined at:
		line 10 in file "../Includes/Drivers/TMRapp.c"
 Parameters:    Size  Location     Type
		None
 Auto vars:     Size  Location     Type
		None
 Return value:  Size  Location     Type
		None               void
 Registers used:
		None
 Tracked objects:
		On entry : 
		On exit  : 
		Unchanged: 
 Data sizes:     COMRAM   BANK0   BANK1   BANK2   BANK3   BANK4   BANK5   BANK6   BANK7
      Params:         0       0       0       0       0       0       0       0       0
      Locals:         0       0       0       0       0       0       0       0       0
      Temps:          0       0       0       0       0       0       0       0       0
      Totals:         0       0       0       0       0       0       0       0       0
Total ram usage:        0 bytes
 Hardware stack levels used:    1
 This function calls:
		Nothing
 This function is called by:
		_INTERRUPT_InterruptManager
 This function uses a non-reentrant model


 *************** function _TMR1_ISR *****************
 Defined at:
		line 152 in file "../Includes/MccGenerated/tmr1.c"
 Parameters:    Size  Location     Type
		None
 Auto vars:     Size  Location     Type
		None
 Return value:  Size  Location     Type
		None               void
 Registers used:
		wreg, status,2
 Tracked objects:
		On entry : 
		On exit  : 
		Unchanged: 
 Data sizes:     COMRAM   BANK0   BANK1   BANK2   BANK3   BANK4   BANK5   BANK6   BANK7
      Params:         0       0       0       0       0       0       0       0       0
      Locals:         0       0       0       0       0       0       0       0       0
      Temps:          3       0       0       0       0       0       0       0       0
      Totals:         3       0       0       0       0       0       0       0       0
Total ram usage:        3 bytes
 Hardware stack levels used:    1
 This function calls:
		Nothing
 This function is called by:
		_INTERRUPT_InterruptManager
 This function uses a non-reentrant model


 *************** function _EUSART_Transmit_ISR *****************
 Defined at:
		line 162 in file "../Includes/MccGenerated/eusart.c"
 Parameters:    Size  Location     Type
		None
 Auto vars:     Size  Location     Type
		None
 Return value:  Size  Location     Type
		None               void
 Registers used:
		wreg, fsr2l, fsr2h, status,2, status,0
 Tracked objects:
		On entry : 
		On exit  : 
		Unchanged: 
 Data sizes:     COMRAM   BANK0   BANK1   BANK2   BANK3   BANK4   BANK5   BANK6   BANK7
      Params:         0       0       0       0       0       0       0       0       0
      Locals:         0       0       0       0       0       0       0       0       0
      Temps:          0       0       0       0       0       0       0       0       0
      Totals:         0       0       0       0       0       0       0       0       0
Total ram usage:        0 bytes
 Hardware stack levels used:    1
 This function calls:
		Nothing
 This function is called by:
		_INTERRUPT_InterruptManager
 This function uses a non-reentrant model


 *************** function _EUSART_Receive_ISR *****************
 Defined at:
		line 181 in file "../Includes/MccGenerated/eusart.c"
 Parameters:    Size  Location     Type
		None
 Auto vars:     Size  Location     Type
		None
 Return value:  Size  Location     Type
		None               void
 Registers used:
		wreg, fsr2l, fsr2h, status,2, status,0
 Tracked objects:
		On entry : 
		On exit  : 
		Unchanged: 
 Data sizes:     COMRAM   BANK0   BANK1   BANK2   BANK3   BANK4   BANK5   BANK6   BANK7
      Params:         0       0       0       0       0       0       0       0       0
      Locals:         0       0       0       0       0       0       0       0       0
      Temps:          0       0       0       0       0       0       0       0       0
      Totals:         0       0       0       0       0       0       0       0       0
Total ram usage:        0 bytes
 Hardware stack levels used:    1
 This function calls:
		Nothing
 This function is called by:
		_INTERRUPT_InterruptManager
 This function uses a non-reentrant model


 *************** function _CMP1_ISR *****************
 Defined at:
		line 95 in file "../Includes/MccGenerated/cmp1.c"
 Parameters:    Size  Location     Type
		None
 Auto vars:     Size  Location     Type
		None
 Return value:  Size  Location     Type
		None               void
 Registers used:
		None
 Tracked objects:
		On entry : 
		On exit  : 
		Unchanged: 
 Data sizes:     COMRAM   BANK0   BANK1   BANK2   BANK3   BANK4   BANK5   BANK6   BANK7
      Params:         0       0       0       0       0       0       0       0       0
      Locals:         0       0       0       0       0       0       0       0       0
      Temps:          0       0       0       0       0       0       0       0       0
      Totals:         0       0       0       0       0       0       0       0       0
Total ram usage:        0 bytes
 Hardware stack levels used:    1
 This function calls:
		Nothing
 This function is called by:
		_INTERRUPT_InterruptManager
 This function uses a non-reentrant model



MODULE INFORMATION

Module		Function		Class		Link	Load	Size
../Includes/MccGenerated/cmp1.c
		_CMP1_ISR      		CODE           	33B6	0000	4
		_CMP1_Initializ		CODE           	345E	0000	18

../Includes/MccGenerated/cmp1.c estimated size: 22

../Includes/MccGenerated/pin_manager.c
		_PIN_MANAGER_In		CODE           	3AC8	0000	70

../Includes/MccGenerated/pin_manager.c estimated size: 70

C:\Program Files (x86)\Microchip\xc8\v1.33\sources\common\lwmod.c
		___lwmod       		CODE           	3A48	0000	62

C:\Program Files (x86)\Microchip\xc8\v1.33\sources\common\lwmod.c estimated size: 62

../Includes/Usb/Framework/usb_device.c
		_USBCtrlTrfInHa		CODE           	4E68	0000	206
		_USBTransferOne		CODE           	4788	0000	158
		_USBDeviceAttac		CODE           	36D8	0000	42
		_USBStdGetDscHa		CODE           	5824	0000	260
		_USBCtrlEPAllow		CODE           	4536	0000	142
		_USBStdFeatureR		CODE           	5CF6	0000	514
		_USBCtrlEPAllow		CODE           	4AC8	0000	182
		_USBCtrlTrfSetu		CODE           	3EE2	0000	98
		_USBCtrlTrfOutH		CODE           	3CD2	0000	82
		_USBCtrlEPServi		CODE           	5008	0000	212
		_USBSuspend    		CODE           	3596	0000	30
		_USBStdSetCfgHa		CODE           	4968	0000	174
		_USBStdGetStatu		CODE           	43A0	0000	132
		_USBWakeFromSus		CODE           	3614	0000	36
		_USBCtrlTrfRxSe		CODE           	5A32	0000	282
		_USBCtrlTrfTxSe		CODE           	4DA8	0000	192
		_USBEnableEndpo		CODE           	3A86	0000	66
		_USBConfigureEn		CODE           	44AA	0000	140
		_USBDeviceInit 		CODE           	51B4	0000	216
		_USBCtrlEPServi		CODE           	4CEE	0000	186
		_USBStallHandle		CODE           	3A0A	0000	62
		_USBDeviceTasks		CODE           	5722	0000	258
		_USBCheckStdReq		CODE           	4826	0000	160

../Includes/Usb/Framework/usb_device.c estimated size: 3830

../Includes/Drivers/buttons.c
		_service_pushbu		CODE           	3C36	0000	76

../Includes/Drivers/buttons.c estimated size: 76

../Includes/MccGenerated/interrupt_manager.c
		_INTERRUPT_Inte		CODE           	1008	0000	158

../Includes/MccGenerated/interrupt_manager.c estimated size: 158

../Includes/Board/USBapp.c
		_USBapp_DeviceC		CODE           	4B7E	0000	184
		_USBapp_handler		CODE           	33E2	0000	8
		_USART_mySetLin		CODE           	3F44	0000	102
		_USER_USB_CALLB		CODE           	3B9E	0000	76
		_USBapp_getrxBy		CODE           	33C6	0000	4
		_USBapp_setrxBy		CODE           	33D4	0000	6
		_USBapp_Handler		CODE           	4232	0000	118
		_USBapp_CdcEmul		CODE           	39CE	0000	60

../Includes/Board/USBapp.c estimated size: 558

../Includes/MccGenerated/memory.c
		_DATAEE_WriteBy		CODE           	3928	0000	54
		_DATAEE_ReadByt		CODE           	34B8	0000	20

../Includes/MccGenerated/memory.c estimated size: 74

../Includes/Drivers/SSD1306oLED.c
		_oled_displayOf		CODE           	3482	0000	18
		_oled_putUint16		CODE           	552E	0000	244
		_Set_Column_Add		CODE           	3528	0000	26
		_oled_putString		CODE           	4010	0000	104
		_oled_clear    		CODE           	3510	0000	24
		_oled_clearRow 		CODE           	355E	0000	28
		_oled_writeComm		CODE           	340C	0000	12
		_Set_Page_Addre		CODE           	3470	0000	18
		_oled_writeData		CODE           	3402	0000	10
		_oled_setDispla		CODE           	3494	0000	18
		_oled_init     		CODE           	35F4	0000	32
		_oled_devInit  		CODE           	528C	0000	216
		_oled_putChar  		CODE           	414C	0000	112
		_oled_setFont  		CODE           	34A6	0000	18
		_oled_putUint8 		CODE           	3D78	0000	88

../Includes/Drivers/SSD1306oLED.c estimated size: 968

../Includes/Board/MOTEapp.c
		_moteApp_add16b		CODE           	5928	0000	266
		_modemResync   		CODE           	3FAA	0000	102
		_moteRunningPro		CODE           	6438	0000	4616
		_MOTEapp_setRes		CODE           	1004	0000	2
		_hexToStr      		CODE           	365E	0000	38
		_MOTEapp_getMod		CODE           	3BEA	0000	76
		_moteApp_clearB		CODE           	3B0E	0000	70
		_sendDataComman		CODE           	4658	0000	148
		_modemSleep    		CODE           	357A	0000	28
		_moteJoiningPro		CODE           	5EF8	0000	1344
		_MOTEapp_SetDat		CODE           	33F2	0000	8
		_MOTEapp_TimerB		CODE           	3418	0000	12
		_moteApp_GoToSl		CODE           	4322	0000	126
		_EndLine       		CODE           	3424	0000	12
		_MOTEapp_handle		CODE           	33DA	0000	8
		_unhex         		CODE           	3756	0000	42
		_sendCommand   		CODE           	372C	0000	42
		_MOTEapp_SetADR		CODE           	33EA	0000	8
		_moteApp_toggle		CODE           	4078	0000	104
		_moteApp_delaym		CODE           	3702	0000	42
		_moteApp_add8bT		CODE           	3E84	0000	94
		_moteHandler   		CODE           	5B4C	0000	426
		_MOTEapp_WriteD		CODE           	5442	0000	236

../Includes/Board/MOTEapp.c estimated size: 7850

../Includes/MccGenerated/tmr1.c
		_TMR1_Initializ		CODE           	37AC	0000	44
		_TMR1_StartTime		CODE           	33BE	0000	4
		_TMR1_ISR      		CODE           	34F8	0000	24

../Includes/MccGenerated/tmr1.c estimated size: 72

C:\Program Files (x86)\Microchip\xc8\v1.33\sources\common\lwdiv.c
		___lwdiv       		CODE           	3B54	0000	74

C:\Program Files (x86)\Microchip\xc8\v1.33\sources\common\lwdiv.c estimated size: 74

../Includes/MccGenerated/adc.c
		_ADC_TempConver		CODE           	35D4	0000	32
		_ADC_Initialize		CODE           	34CC	0000	22
		_ADC_GetConvers		CODE           	395E	0000	56

../Includes/MccGenerated/adc.c estimated size: 110

C:\Program Files (x86)\Microchip\xc8\v1.33\sources\common\lbmod.c
		___lbmod       		CODE           	3638	0000	38

C:\Program Files (x86)\Microchip\xc8\v1.33\sources\common\lbmod.c estimated size: 38

C:\Program Files (x86)\Microchip\xc8\v1.33\sources\common\lldiv.c
		___lldiv       		CODE           	41BC	0000	118

C:\Program Files (x86)\Microchip\xc8\v1.33\sources\common\lldiv.c estimated size: 118

shared
		_configDescript		MEDIUMCONST    	7949	0000	67
		_USB_CD_Ptr    		MEDIUMCONST    	7647	0000	2
		_sd001         		MEDIUMCONST    	798C	0000	52
		_OledFont0     		MEDIUMCONST    	7649	0000	768
		__stringdata   		MEDIUMCONST    	7A0A	0000	1525
		_sd002         		MEDIUMCONST    	79C0	0000	52
		i2_EUSART_Initi		CODE           	37D8	0000	46
		i2_USBDeviceIni		CODE           	50DC	0000	216
		__initializatio		CODE           	3E2A	0000	80
		_device_dsc    		MEDIUMCONST    	79F4	0000	18
		_USB_SD_Ptr    		MEDIUMCONST    	7641	0000	6
		i2_memset      		CODE           	3780	0000	44
		_sd000         		MEDIUMCONST    	7A06	0000	4
		i2_USBTransferO		CODE           	48C6	0000	162

shared estimated size: 3042

../Includes/MccGenerated/eusart.c
		_EUSART_Read   		CODE           	3862	0000	46
		_EUSART_Write  		CODE           	38F2	0000	54
		_EUSART_Transmi		CODE           	36AE	0000	42
		_EUSART_Initial		CODE           	3806	0000	46
		_EUSART_Receive		CODE           	3684	0000	42
		_EUSART_FlushBu		CODE           	3890	0000	46

../Includes/MccGenerated/eusart.c estimated size: 276

C:\Program Files (x86)\Microchip\xc8\v1.33\sources\common\strcmp.c
		_strcmp        		CODE           	4424	0000	134

C:\Program Files (x86)\Microchip\xc8\v1.33\sources\common\strcmp.c estimated size: 134

../Includes/MccGenerated/spi.c
		_SPI_Exchange8b		CODE           	344E	0000	16
		_SPI_Initialize		CODE           	3430	0000	14

../Includes/MccGenerated/spi.c estimated size: 30

C:\Program Files (x86)\Microchip\xc8\v1.33\sources\common\memset.c
		_memset        		CODE           	3834	0000	46

C:\Program Files (x86)\Microchip\xc8\v1.33\sources\common\memset.c estimated size: 46

../Includes/Drivers/TMRapp.c
		_TMRapp_ClearBi		CODE           	33CA	0000	4
		_TMRapp_Tick   		CODE           	33BA	0000	4
		_TMRapp_Handler		CODE           	5364	0000	222

../Includes/Drivers/TMRapp.c estimated size: 230

C:\Program Files (x86)\Microchip\xc8\v1.33\sources\common\strncmp.c
		_strncmp       		CODE           	40E0	0000	108

C:\Program Files (x86)\Microchip\xc8\v1.33\sources\common\strncmp.c estimated size: 108

../Includes/MccGenerated/mcc.c
		_OSCILLATOR_Ini		CODE           	34E2	0000	22
		_SYSTEM_Initial		CODE           	35B4	0000	32

../Includes/MccGenerated/mcc.c estimated size: 54

main.c
		_main          		CODE           	4F36	0000	210

main.c estimated size: 210

../Includes/Usb/Framework/usb_device_cdc.c
		_CDCTxService  		CODE           	5622	0000	256
		_CDCInitEP     		CODE           	3C82	0000	80
		_putUSBUSART   		CODE           	3542	0000	28
		_getsUSBUSART  		CODE           	45C4	0000	148
		_USBCheckCDCReq		CODE           	46EC	0000	156

../Includes/Usb/Framework/usb_device_cdc.c estimated size: 668

../Includes/Board/poweruptest.c
		_test_comms    		CODE           	3DD0	0000	90
		_test_switch   		CODE           	4A16	0000	178
		_test_oled     		CODE           	42A8	0000	122
		_test_leds     		CODE           	3D24	0000	84
		_test_powerup  		CODE           	3996	0000	56
		_test_adc      		CODE           	4C36	0000	184

../Includes/Board/poweruptest.c estimated size: 714

C:\Program Files (x86)\Microchip\xc8\v1.33\sources\common\lbdiv.c
		___lbdiv       		CODE           	38BE	0000	52

C:\Program Files (x86)\Microchip\xc8\v1.33\sources\common\lbdiv.c estimated size: 52

../Includes/MccGenerated/tmr2.c
		_TMR2_Initializ		CODE           	343E	0000	16
		_TMR2_StartTime		CODE           	33C2	0000	4
		_TMR2_ReadTimer		CODE           	33FA	0000	8

../Includes/MccGenerated/tmr2.c estimated size: 28

