Microchip MPLAB XC8 Compiler V1.35 (candidate build 201506240628)

Linker command line:

--edf=C:\Program Files (x86)\Microchip\xc8\v1.35\dat\en_msgs.txt -cs \
  -h+dist/Combined/debug\LoRaMote.X.debug.sym \
  --cmf=dist/Combined/debug\LoRaMote.X.debug.cmf -z -Q18LF25K50 \
  -oC:\Users\C14312\AppData\Local\Temp\s9tc.2 \
  -Mdist/Combined/debug/LoRaMote.X.debug.map -E1 -ver=XC8 --acfsm=1493 \
  -ASTACK=0580h-07ffh -pstack=STACK \
  -ACODE=01000h-01005h,01008h-01015h,01018h-07FFFh \
  -ACONST=01000h-01005h,01008h-01015h,01018h-07FFFh \
  -ASMALLCONST=01000h-01005h,01008h-01015h,01018h-010FFh,01100h-011FFhx111 \
  -AMEDIUMCONST=01000h-01005h,01008h-01015h,01018h-07FFFh -ACOMRAM=01h-05Fh \
  -AABS1=00h-07FFh -ABIGRAM=01h-07FFh -ARAM=060h-0FFh,0100h-01FFhx7 \
  -ABANK0=060h-0FFh -ABANK1=0100h-01FFh -ABANK2=0200h-02FFh \
  -ABANK3=0300h-03FFh -ABANK4=0400h-04FFh -ABANK5=0500h-05FFh \
  -ABANK6=0600h-06FFh -ABANK7=0700h-07FFh -ASFR=0F53h-0F5Fh,0F60h-0FFCh \
  -preset_vec=01000h,intcode=01008h,intcodelo,powerup,init,end_init \
  -pramtop=0800h -psmallconst=SMALLCONST -pmediumconst=MEDIUMCONST \
  -pconst=CONST -AFARRAM=00h-00h -ACONFIG=0300000h-030000Dh -pconfig=CONFIG \
  -AIDLOC=0200000h-0200007h -pidloc=IDLOC -AEEDATA=0F00000h-0F000FFh \
  -peeprom_data=EEDATA \
  -prdata=COMRAM,nvrram=COMRAM,nvbit=COMRAM,rbss=COMRAM,rbit=COMRAM \
  -pfarbss=FARRAM,fardata=FARRAM,nvFARRAM=FARRAM \
  -pintsave_regs=BIGRAM,bigbss=BIGRAM,bigdata=BIGRAM -pbss=RAM \
  -pidata=CODE,irdata=CODE,ibigdata=CODE,ifardata=CODE -prparam=COMRAM \
  C:\Users\C14312\AppData\Local\Temp\s9tc.obj \
  dist/Combined/debug\LoRaMote.X.debug.obj 

Object code version is 3.11

Machine type is 18LF25K50

Call graph: (short form)




                Name                               Link     Load   Length Selector   Space Scale
C:\Users\C14312\AppData\Local\Temp\s9tc.obj
                end_init                           10AA     10AA        4      804       0
                reset_vec                          1000     1000        6      800       0
                idloc                            200000   200000        8   200000       0
                config                           300000   300000        E   300000       0
dist/Combined/debug\LoRaMote.X.debug.obj
                intcode                            1008     1008       A2      804       0
                temp                                 5B       5B        1        1       1
                mediumconst                        7640     7640      9C0     3B20       0
                text121                            34A4     34A4        4     1A52       0
                text120                            3752     3752       28     1BA9       0
                text119                            377A     377A       28     1BBD       0
                text118                            34F2     34F2        C     1A79       0
                text117                            34BE     34BE        6     1A5F       0
                text116                            420A     420A       76     2105       0
                text115                            3898     3898       2C     1C4C       0
                text114                            3DFA     3DFA       54     1EFD       0
                text113                            4E36     4E36       C2     271B       0
                text112                            4EF8     4EF8       CE     277C       0
                text111                            4D7A     4D7A       BC     26BD       0
                text110                            5ACC     5ACC      11C     2D66       0
                text109                            3D56     3D56       52     1EAB       0
                text108                            4568     4568       88     22B4       0
                text107                            45F0     45F0       88     22F8       0
                text106                            39D6     39D6       36     1CEB       0
                text105                            482A     482A       9E     2415       0
                text104                            3DA8     3DA8       52     1ED4       0
                text103                            3A42     3A42       38     1D21       0
                text102                            3C2C     3C2C       4A     1E16       0
                text101                            5DC8     5DC8      1F4     2EE4       0
                text100                            58C0     58C0      102     2C60       0
                text99                             43E4     43E4       7E     21F2       0
                text98                             381A     381A       2A     1C0D       0
                text97                             4A06     4A06       A8     2503       0
                text96                             48C8     48C8       9E     2464       0
                text95                             4678     4678       8E     233C       0
                text94                             53FC     53FC       E4     29FE       0
                text93                             3F54     3F54       5E     1FAA       0
                text92                             4B5C     4B5C       B2     25AE       0
                text91                             3B26     3B26       3E     1D93       0
                text90                             364C     364C       1E     1B26       0
                text89                             36C6     36C6       22     1B63       0
                text88                             516E     516E       D8     28B7       0
                text87                             56C2     56C2       FE     2B61       0
                text86                             34C4     34C4        6     1A62       0
                text84                             3594     3594       14     1ACA       0
                text83                             34CA     34CA        8     1A65       0
                text82                             35D0     35D0       16     1AE8       0
                text81                             355E     355E       12     1AAF       0
                text80                             38C4     38C4       2C     1C62       0
                text79                             35E6     35E6       16     1AF3       0
                text78                             3BE6     3BE6       46     1DF3       0
                text77                             3522     3522        E     1A91       0
                text76                             34A8     34A8        4     1A54       0
                text75                             38F0     38F0       2C     1C78       0
                text74                             34AC     34AC        4     1A56       0
                text73                             353E     353E       10     1A9F       0
                text72                             36A6     36A6       20     1B53       0
                text71                             391C     391C       2C     1C8E       0
                text70                             3844     3844       2A     1C22       0
                text69                             5098     5098       D6     284C       0
                text68                             4966     4966       A0     24B3       0
                text67                             57C0     57C0      100     2BE0       0
                text66                             3974     3974       2E     1CBA       0
                text65                             39A2     39A2       34     1CD1       0
                text64                             34A2     34A2        2     1A51       0
                text63                             34B0     34B0        4     1A58       0
                text62                             4706     4706       90     2383       0
                text61                             3614     3614       1C     1B0A       0
                text60                             4C0E     4C0E       B6     2607       0
                text59                             354E     354E       10     1AA7       0
                text58                             34FE     34FE        C     1A7F       0
                text57                             366A     366A       1E     1B35       0
                text56                             35A8     35A8       14     1AD4       0
                text55                             350A     350A        C     1A85       0
                text54                             4280     4280       76     2140       0
                text53                             3688     3688       1E     1B44       0
                text52                             35FC     35FC       18     1AFE       0
                text51                             40D4     40D4       66     206A       0
                text50                             42F6     42F6       76     217B       0
                text49                             34D2     34D2        8     1A69       0
                text48                             3530     3530        E     1A98       0
                text47                             34B4     34B4        4     1A5A       0
                text46                             3B64     3B64       3E     1DB2       0
                text45                             531E     531E       DE     298F       0
                text44                             3AB2     3AB2       3A     1D59       0
                text43                             34DA     34DA        8     1A6D       0
                text42                             34E2     34E2        8     1A71       0
                text41                             37A2     37A2       28     1BD1       0
                text40                             3516     3516        C     1A8B       0
                text39                             386E     386E       2A     1C37       0
                text38                             54E0     54E0       EE     2A70       0
                text37                             44E4     44E4       84     2272       0
                text36                             413A     413A       68     209D       0
                text35                             5FBC     5FBC      510     2FDE       0
                text34                             3AEC     3AEC       3A     1D76       0
                text33                             3C76     3C76       4A     1E3B       0
                text32                             36E8     36E8       22     1B74       0
                text31                             34EA     34EA        8     1A75       0
                text30                             3948     3948       2C     1CA4       0
                text29                             3CC0     3CC0       4A     1E60       0
                text28                             4070     4070       64     2038       0
                text27                             3630     3630       1C     1B18       0
                text26                             3570     3570       12     1AB8       0
                text25                             5246     5246       D8     2923       0
                text24                             35BC     35BC       14     1ADE       0
                text23                             3582     3582       12     1AC1       0
                text22                             370A     370A       22     1B85       0
                text21                             4462     4462       82     2231       0
                text20                             59C2     59C2      10A     2CE1       0
                text19                             3A0C     3A0C       36     1D06       0
                text18                             37CA     37CA       28     1BE5       0
                text17                             4010     4010       60     2008       0
                text16                             3BA2     3BA2       44     1DD1       0
                text15                             55CE     55CE       F4     2AE7       0
                text14                             3EFA     3EFA       5A     1F7D       0
                text13                             372C     372C       26     1B96       0
                text12                             4796     4796       94     23CB       0
                text11                             37F2     37F2       28     1BF9       0
                text10                             64CC     64CC     1174     3266       0
                text9                              3D0A     3D0A       4C     1E85       0
                text8                              5BE8     5BE8      1E0     2DF4       0
                text7                              4CC4     4CC4       B6     2662       0
                text6                              41A2     41A2       68     20D1       0
                text5                              3EA2     3EA2       58     1F51       0
                text4                              3E4E     3E4E       54     1F27       0
                text3                              436C     436C       78     21B6       0
                text2                              4AAE     4AAE       AE     2557       0
                text1                              3A7A     3A7A       38     1D3D       0
                text0                              4FC6     4FC6       D2     27E3       0
                cstackCOMRAM                         2E       2E       2D        1       1
                cstackBANK0                          C8       C8       2D       60       1
                cstackBANK1                         1D8      1D8        9      100       1
                bssBANK2                            200      200       40      200       1
                bssBANK1                            100      100       D8      100       1
                dataBANK0                            F5       F5        5       60       1
                bssBANK0                             60       60       68       60       1
                bssCOMRAM                             1        1       2D        1       1
                cinit                              3FB2     3FB2       5E     1FD9       0
                idataBANK0                         34B9     34B9        5     34B9       0

TOTAL           Name                               Link     Load   Length     Space
        CLASS   STACK          

        CLASS   CODE           
                end_init                           10AA     10AA        4         0
                intcode                            1008     1008       A2         0
                reset_vec                          1000     1000        6         0
                text121                            34A4     34A4        4         0
                text120                            3752     3752       28         0
                text119                            377A     377A       28         0
                text118                            34F2     34F2        C         0
                text117                            34BE     34BE        6         0
                text116                            420A     420A       76         0
                text115                            3898     3898       2C         0
                text114                            3DFA     3DFA       54         0
                text113                            4E36     4E36       C2         0
                text112                            4EF8     4EF8       CE         0
                text111                            4D7A     4D7A       BC         0
                text110                            5ACC     5ACC      11C         0
                text109                            3D56     3D56       52         0
                text108                            4568     4568       88         0
                text107                            45F0     45F0       88         0
                text106                            39D6     39D6       36         0
                text105                            482A     482A       9E         0
                text104                            3DA8     3DA8       52         0
                text103                            3A42     3A42       38         0
                text102                            3C2C     3C2C       4A         0
                text101                            5DC8     5DC8      1F4         0
                text100                            58C0     58C0      102         0
                text99                             43E4     43E4       7E         0
                text98                             381A     381A       2A         0
                text97                             4A06     4A06       A8         0
                text96                             48C8     48C8       9E         0
                text95                             4678     4678       8E         0
                text94                             53FC     53FC       E4         0
                text93                             3F54     3F54       5E         0
                text92                             4B5C     4B5C       B2         0
                text91                             3B26     3B26       3E         0
                text90                             364C     364C       1E         0
                text89                             36C6     36C6       22         0
                text88                             516E     516E       D8         0
                text87                             56C2     56C2       FE         0
                text86                             34C4     34C4        6         0
                text84                             3594     3594       14         0
                text83                             34CA     34CA        8         0
                text82                             35D0     35D0       16         0
                text81                             355E     355E       12         0
                text80                             38C4     38C4       2C         0
                text79                             35E6     35E6       16         0
                text78                             3BE6     3BE6       46         0
                text77                             3522     3522        E         0
                text76                             34A8     34A8        4         0
                text75                             38F0     38F0       2C         0
                text74                             34AC     34AC        4         0
                text73                             353E     353E       10         0
                text72                             36A6     36A6       20         0
                text71                             391C     391C       2C         0
                text70                             3844     3844       2A         0
                text69                             5098     5098       D6         0
                text68                             4966     4966       A0         0
                text67                             57C0     57C0      100         0
                text66                             3974     3974       2E         0
                text65                             39A2     39A2       34         0
                text64                             34A2     34A2        2         0
                text63                             34B0     34B0        4         0
                text62                             4706     4706       90         0
                text61                             3614     3614       1C         0
                text60                             4C0E     4C0E       B6         0
                text59                             354E     354E       10         0
                text58                             34FE     34FE        C         0
                text57                             366A     366A       1E         0
                text56                             35A8     35A8       14         0
                text55                             350A     350A        C         0
                text54                             4280     4280       76         0
                text53                             3688     3688       1E         0
                text52                             35FC     35FC       18         0
                text51                             40D4     40D4       66         0
                text50                             42F6     42F6       76         0
                text49                             34D2     34D2        8         0
                text48                             3530     3530        E         0
                text47                             34B4     34B4        4         0
                text46                             3B64     3B64       3E         0
                text45                             531E     531E       DE         0
                text44                             3AB2     3AB2       3A         0
                text43                             34DA     34DA        8         0
                text42                             34E2     34E2        8         0
                text41                             37A2     37A2       28         0
                text40                             3516     3516        C         0
                text39                             386E     386E       2A         0
                text38                             54E0     54E0       EE         0
                text37                             44E4     44E4       84         0
                text36                             413A     413A       68         0
                text35                             5FBC     5FBC      510         0
                text34                             3AEC     3AEC       3A         0
                text33                             3C76     3C76       4A         0
                text32                             36E8     36E8       22         0
                text31                             34EA     34EA        8         0
                text30                             3948     3948       2C         0
                text29                             3CC0     3CC0       4A         0
                text28                             4070     4070       64         0
                text27                             3630     3630       1C         0
                text26                             3570     3570       12         0
                text25                             5246     5246       D8         0
                text24                             35BC     35BC       14         0
                text23                             3582     3582       12         0
                text22                             370A     370A       22         0
                text21                             4462     4462       82         0
                text20                             59C2     59C2      10A         0
                text19                             3A0C     3A0C       36         0
                text18                             37CA     37CA       28         0
                text17                             4010     4010       60         0
                text16                             3BA2     3BA2       44         0
                text15                             55CE     55CE       F4         0
                text14                             3EFA     3EFA       5A         0
                text13                             372C     372C       26         0
                text12                             4796     4796       94         0
                text11                             37F2     37F2       28         0
                text10                             64CC     64CC     1174         0
                text9                              3D0A     3D0A       4C         0
                text8                              5BE8     5BE8      1E0         0
                text7                              4CC4     4CC4       B6         0
                text6                              41A2     41A2       68         0
                text5                              3EA2     3EA2       58         0
                text4                              3E4E     3E4E       54         0
                text3                              436C     436C       78         0
                text2                              4AAE     4AAE       AE         0
                text1                              3A7A     3A7A       38         0
                text0                              4FC6     4FC6       D2         0
                cinit                              3FB2     3FB2       5E         0
                idataBANK0                         34B9     34B9        5         0

        CLASS   CONST          

        CLASS   SMALLCONST     

        CLASS   MEDIUMCONST    
                mediumconst                        7640     7640      9C0         0

        CLASS   COMRAM         
                temp                                 5B       5B        1         1
                cstackCOMRAM                         2E       2E       2D         1
                bssCOMRAM                             1        1       2D         1

        CLASS   ABS1           
                abs_s1                              400      400       40         1
                abs_s1                              500      500       80         1

        CLASS   BIGRAM         

        CLASS   RAM            

        CLASS   BANK0          
                cstackBANK0                          C8       C8       2D         1
                dataBANK0                            F5       F5        5         1
                bssBANK0                             60       60       68         1

        CLASS   BANK1          
                cstackBANK1                         1D8      1D8        9         1
                bssBANK1                            100      100       D8         1

        CLASS   BANK2          
                bssBANK2                            200      200       40         1

        CLASS   BANK3          

        CLASS   BANK4          

        CLASS   BANK5          

        CLASS   BANK6          

        CLASS   BANK7          

        CLASS   SFR            

        CLASS   FARRAM         

        CLASS   CONFIG         
                config                           300000   300000        E         0

        CLASS   IDLOC          
                idloc                            200000   200000        8         0

        CLASS   EEDATA         



SEGMENTS        Name                           Load    Length   Top    Selector   Space  Class

                bssCOMRAM                      000001  00005B  00005C         1       1  COMRAM  
                bssBANK0                       000060  00009A  0000FA        60       1  BANK0   
                bssBANK1                       000100  0000E1  0001E1       100       1  BANK1   
                bssBANK2                       000200  000040  000240       200       1  BANK2   
                reset_vec                      001000  000006  001006       800       0  CODE    
                intcode                        001008  0000A6  0010AE       804       0  CODE    
                text64                         0034A2  000002  0034A4      1A51       0  CODE    
                text121                        0034A4  000004  0034A8      1A52       0  CODE    
                text76                         0034A8  000004  0034AC      1A54       0  CODE    
                text74                         0034AC  000004  0034B0      1A56       0  CODE    
                text63                         0034B0  000004  0034B4      1A58       0  CODE    
                text47                         0034B4  000004  0034B8      1A5A       0  CODE    
                idataBANK0                     0034B9  000005  0034BE      34B9       0  CODE    
                text117                        0034BE  000006  0034C4      1A5F       0  CODE    
                text86                         0034C4  000006  0034CA      1A62       0  CODE    
                text83                         0034CA  000008  0034D2      1A65       0  CODE    
                text49                         0034D2  000008  0034DA      1A69       0  CODE    
                text43                         0034DA  000008  0034E2      1A6D       0  CODE    
                text42                         0034E2  000008  0034EA      1A71       0  CODE    
                text31                         0034EA  000008  0034F2      1A75       0  CODE    
                text118                        0034F2  00000C  0034FE      1A79       0  CODE    
                text58                         0034FE  00000C  00350A      1A7F       0  CODE    
                text55                         00350A  00000C  003516      1A85       0  CODE    
                text40                         003516  00000C  003522      1A8B       0  CODE    
                text77                         003522  00000E  003530      1A91       0  CODE    
                text48                         003530  00000E  00353E      1A98       0  CODE    
                text73                         00353E  000010  00354E      1A9F       0  CODE    
                text59                         00354E  000010  00355E      1AA7       0  CODE    
                text81                         00355E  000012  003570      1AAF       0  CODE    
                text26                         003570  000012  003582      1AB8       0  CODE    
                text23                         003582  000012  003594      1AC1       0  CODE    
                text84                         003594  000014  0035A8      1ACA       0  CODE    
                text56                         0035A8  000014  0035BC      1AD4       0  CODE    
                text24                         0035BC  000014  0035D0      1ADE       0  CODE    
                text82                         0035D0  000016  0035E6      1AE8       0  CODE    
                text79                         0035E6  000016  0035FC      1AF3       0  CODE    
                text52                         0035FC  000018  003614      1AFE       0  CODE    
                text61                         003614  00001C  003630      1B0A       0  CODE    
                text27                         003630  00001C  00364C      1B18       0  CODE    
                text90                         00364C  00001E  00366A      1B26       0  CODE    
                text57                         00366A  00001E  003688      1B35       0  CODE    
                text53                         003688  00001E  0036A6      1B44       0  CODE    
                text72                         0036A6  000020  0036C6      1B53       0  CODE    
                text89                         0036C6  000022  0036E8      1B63       0  CODE    
                text32                         0036E8  000022  00370A      1B74       0  CODE    
                text22                         00370A  000022  00372C      1B85       0  CODE    
                text13                         00372C  000026  003752      1B96       0  CODE    
                text120                        003752  000028  00377A      1BA9       0  CODE    
                text119                        00377A  000028  0037A2      1BBD       0  CODE    
                text41                         0037A2  000028  0037CA      1BD1       0  CODE    
                text18                         0037CA  000028  0037F2      1BE5       0  CODE    
                text11                         0037F2  000028  00381A      1BF9       0  CODE    
                text98                         00381A  00002A  003844      1C0D       0  CODE    
                text70                         003844  00002A  00386E      1C22       0  CODE    
                text39                         00386E  00002A  003898      1C37       0  CODE    
                text115                        003898  00002C  0038C4      1C4C       0  CODE    
                text80                         0038C4  00002C  0038F0      1C62       0  CODE    
                text75                         0038F0  00002C  00391C      1C78       0  CODE    
                text71                         00391C  00002C  003948      1C8E       0  CODE    
                text30                         003948  00002C  003974      1CA4       0  CODE    
                text66                         003974  00002E  0039A2      1CBA       0  CODE    
                text65                         0039A2  000034  0039D6      1CD1       0  CODE    
                text106                        0039D6  000036  003A0C      1CEB       0  CODE    
                text19                         003A0C  000036  003A42      1D06       0  CODE    
                text103                        003A42  000038  003A7A      1D21       0  CODE    
                text1                          003A7A  000038  003AB2      1D3D       0  CODE    
                text44                         003AB2  00003A  003AEC      1D59       0  CODE    
                text34                         003AEC  00003A  003B26      1D76       0  CODE    
                text91                         003B26  00003E  003B64      1D93       0  CODE    
                text46                         003B64  00003E  003BA2      1DB2       0  CODE    
                text16                         003BA2  000044  003BE6      1DD1       0  CODE    
                text78                         003BE6  000046  003C2C      1DF3       0  CODE    
                text102                        003C2C  00004A  003C76      1E16       0  CODE    
                text33                         003C76  00004A  003CC0      1E3B       0  CODE    
                text29                         003CC0  00004A  003D0A      1E60       0  CODE    
                text9                          003D0A  00004C  003D56      1E85       0  CODE    
                text109                        003D56  000052  003DA8      1EAB       0  CODE    
                text104                        003DA8  000052  003DFA      1ED4       0  CODE    
                text114                        003DFA  000054  003E4E      1EFD       0  CODE    
                text4                          003E4E  000054  003EA2      1F27       0  CODE    
                text5                          003EA2  000058  003EFA      1F51       0  CODE    
                text14                         003EFA  00005A  003F54      1F7D       0  CODE    
                text93                         003F54  00005E  003FB2      1FAA       0  CODE    
                cinit                          003FB2  00005E  004010      1FD9       0  CODE    
                text17                         004010  000060  004070      2008       0  CODE    
                text28                         004070  000064  0040D4      2038       0  CODE    
                text51                         0040D4  000066  00413A      206A       0  CODE    
                text36                         00413A  000068  0041A2      209D       0  CODE    
                text6                          0041A2  000068  00420A      20D1       0  CODE    
                text116                        00420A  000076  004280      2105       0  CODE    
                text54                         004280  000076  0042F6      2140       0  CODE    
                text50                         0042F6  000076  00436C      217B       0  CODE    
                text3                          00436C  000078  0043E4      21B6       0  CODE    
                text99                         0043E4  00007E  004462      21F2       0  CODE    
                text21                         004462  000082  0044E4      2231       0  CODE    
                text37                         0044E4  000084  004568      2272       0  CODE    
                text108                        004568  000088  0045F0      22B4       0  CODE    
                text107                        0045F0  000088  004678      22F8       0  CODE    
                text95                         004678  00008E  004706      233C       0  CODE    
                text62                         004706  000090  004796      2383       0  CODE    
                text12                         004796  000094  00482A      23CB       0  CODE    
                text105                        00482A  00009E  0048C8      2415       0  CODE    
                text96                         0048C8  00009E  004966      2464       0  CODE    
                text68                         004966  0000A0  004A06      24B3       0  CODE    
                text97                         004A06  0000A8  004AAE      2503       0  CODE    
                text2                          004AAE  0000AE  004B5C      2557       0  CODE    
                text92                         004B5C  0000B2  004C0E      25AE       0  CODE    
                text60                         004C0E  0000B6  004CC4      2607       0  CODE    
                text7                          004CC4  0000B6  004D7A      2662       0  CODE    
                text111                        004D7A  0000BC  004E36      26BD       0  CODE    
                text113                        004E36  0000C2  004EF8      271B       0  CODE    
                text112                        004EF8  0000CE  004FC6      277C       0  CODE    
                text0                          004FC6  0000D2  005098      27E3       0  CODE    
                text69                         005098  0000D6  00516E      284C       0  CODE    
                text88                         00516E  0000D8  005246      28B7       0  CODE    
                text25                         005246  0000D8  00531E      2923       0  CODE    
                text45                         00531E  0000DE  0053FC      298F       0  CODE    
                text94                         0053FC  0000E4  0054E0      29FE       0  CODE    
                text38                         0054E0  0000EE  0055CE      2A70       0  CODE    
                text15                         0055CE  0000F4  0056C2      2AE7       0  CODE    
                text87                         0056C2  0000FE  0057C0      2B61       0  CODE    
                text67                         0057C0  000100  0058C0      2BE0       0  CODE    
                text100                        0058C0  000102  0059C2      2C60       0  CODE    
                text20                         0059C2  00010A  005ACC      2CE1       0  CODE    
                text110                        005ACC  00011C  005BE8      2D66       0  CODE    
                text8                          005BE8  0001E0  005DC8      2DF4       0  CODE    
                text101                        005DC8  0001F4  005FBC      2EE4       0  CODE    
                text35                         005FBC  000510  0064CC      2FDE       0  CODE    
                text10                         0064CC  001174  007640      3266       0  CODE    
                mediumconst                    007640  0009C0  008000      3B20       0  MEDIUMCO
                idloc                          200000  000008  200008    200000       0  IDLOC   
                config                         300000  00000E  30000E    300000       0  CONFIG  


UNUSED ADDRESS RANGES

        Name                Unused          Largest block    Delta
        BANK0            0000FA-0000FF                6
        BANK1            0001E1-0001FF               1F
        BANK2            000240-0002FF               C0
        BANK3            000300-0003FF              100
        BANK4            000440-0004FF               C0
        BANK5            000580-0005FF               80
        BANK6            000600-0006FF              100
        BANK7            000700-0007FF              100
        BIGRAM           00005C-00005F                4
                         0000FA-0000FF                6
                         0001E1-0001FF               1F
                         000240-0003FF              1C0
                         000440-0004FF               C0
                         000580-0007FF              280
        CODE             0010AE-0034A1             23F4
                         0034B8-0034B8                1
        COMRAM           00005C-00005F                4
        CONST            0010AE-0034A1             23F4
                         0034B8-0034B8                1
        EEDATA           F00000-F000FF              100
        FARRAM           000000-000000                1
        MEDIUMCONST      0010AE-0034A1             23F4
                         0034B8-0034B8                1
        RAM              0000FA-0000FF                6
                         0001E1-0001FF               1F
                         000240-0003FF               C0
                         000440-0004FF               C0
                         000580-0007FF              100
        SFR              000F53-000FFC                D
        SMALLCONST       0010AE-0034A1              100
                         0034B8-0034B8                1
        STACK            000580-0007FF              280

                                  Symbol Table

?_ADC_GetConversion                         cstackBANK0  0000C8
?_USBTransferOnePacket                      cstackBANK0  0000C8
?___lldiv                                   cstackCOMRAM 00002E
?___lwdiv                                   cstackBANK0  0000C8
?___lwmod                                   cstackBANK0  0000C8
?_strcmp                                    cstackBANK0  0000C8
?_strncmp                                   cstackBANK0  0000C8
?i2_USBTransferOnePacket                    cstackCOMRAM 00002E
ADC_GetConversion@channel                   cstackBANK0  0000CC
ADC_TempConversion@temp                     cstackBANK0  0000D0
ADC_TempConversion@tempRaw                  cstackBANK0  0000CF
CDCTxService@byte_to_send                   cstackBANK0  0000D2
CDCTxService@i                              cstackBANK0  0000D1
DATAEE_ReadByte@bAdd                        cstackBANK0  0000C8
DATAEE_WriteByte@GIEBitValue                cstackBANK0  0000CA
DATAEE_WriteByte@bAdd                       cstackBANK0  0000C9
DATAEE_WriteByte@bData                      cstackBANK0  0000C8
EUSART_FlushBuffer@index                    cstackBANK0  0000C8
EUSART_Read@readValue                       cstackBANK0  0000C8
EUSART_Write@txData                         cstackBANK0  0000C8
MOTEapp_SetADR@state                        cstackBANK0  0000C8
MOTEapp_SetDataRate@dataRate                cstackBANK0  0000C8
MOTEapp_TimerBasedTask@timerTask            cstackBANK0  0000C8
MOTEapp_getModemResponse@bufferByte         cstackBANK0  0000CA
MOTEapp_getModemResponse@terminatorReceived cstackBANK0  0000C9
MOTEapp_handlerState@state                  cstackBANK0  0000C8
SPI_Exchange8bit@data                       cstackBANK0  0000C8
Set_Column_Address@address                  cstackBANK0  0000CA
Set_Page_Address@address                    cstackBANK0  0000CA
TMR2_ReadTimer@readVal                      cstackBANK0  0000C8
USART_mySetLineCodingHandler@dwBaud         cstackCOMRAM 00003B
USBConfigureEndpoint@EPNum                  cstackCOMRAM 000033
USBConfigureEndpoint@direction              cstackCOMRAM 00002E
USBConfigureEndpoint@handle                 cstackCOMRAM 000034
USBCtrlEPService@setup_cnt                  cstackCOMRAM 00004D
USBCtrlTrfInHandler@lastDTS                 cstackCOMRAM 00003F
USBCtrlTrfRxService@byteToRead              cstackCOMRAM 000040
USBCtrlTrfRxService@i                       cstackCOMRAM 00003F
USBCtrlTrfTxService@byteToSend              cstackCOMRAM 00002E
USBDeviceInit@i                             cstackBANK0  0000D0
USBDeviceTasks@i                            cstackCOMRAM 00004E
USBEnableEndpoint@ep                        cstackCOMRAM 000039
USBEnableEndpoint@options                   cstackCOMRAM 000036
USBEnableEndpoint@p                         cstackCOMRAM 000037
USBStdFeatureReqHandler@current_ep_data     cstackCOMRAM 000047
USBStdFeatureReqHandler@p                   cstackCOMRAM 000048
USBStdFeatureReqHandler@pUEP                cstackCOMRAM 000045
USBStdGetStatusHandler@p                    cstackCOMRAM 00002E
USBStdSetCfgHandler@i                       cstackCOMRAM 000043
USBTransferOnePacket@data                   cstackBANK0  0000C9
USBTransferOnePacket@dir                    cstackBANK0  0000C8
USBTransferOnePacket@ep                     cstackBANK0  0000CC
USBTransferOnePacket@handle                 cstackBANK0  0000CD
USBTransferOnePacket@len                    cstackBANK0  0000CB
USBapp_CdcEmulatorInitialize@i              cstackCOMRAM 00003A
USBapp_handlerState@state                   cstackBANK0  0000C8
USER_USB_CALLBACK_EVENT_HANDLER@event       cstackCOMRAM 00003B
USER_USB_CALLBACK_EVENT_HANDLER@pdata       cstackCOMRAM 00003D
USER_USB_CALLBACK_EVENT_HANDLER@size        cstackCOMRAM 00003F
_ACTCON                                     (abs)        000FB5
_ADCON0                                     (abs)        000FC2
_ADCON0bits                                 (abs)        000FC2
_ADCON1                                     (abs)        000FC1
_ADCON2                                     (abs)        000FC0
_ADC_GetConversion                          text34       003AEC
_ADC_Initialize                             text82       0035D0
_ADC_TempConversion                         text32       0036E8
_ADRESH                                     (abs)        000FC4
_ADRESL                                     (abs)        000FC3
_ANSELAbits                                 (abs)        000F5B
_ANSELCbits                                 (abs)        000F5D
_BAUDCON                                    (abs)        000FB8
_BDT                                        (abs)        000400
_BothEP0OutUOWNsSet                         bssBANK0     000086
_CDCDataInHandle                            bssBANK0     000076
_CDCDataOutHandle                           bssBANK0     000078
_CDCInitEP                                  text104      003DA8
_CDCTxService                               text67       0057C0
_CDCTxService$5786                          cstackBANK0  0000CF
_CKE                                        (abs)        007E3E
_CKP                                        (abs)        007E34
_CM1CON0                                    (abs)        000F98
_CM2CON1bits                                (abs)        000F9A
_CMP1_ISR                                   text121      0034A4
_CMP1_Initialize                            text81       00355E
_CtrlTrfData                                (abs)        000438
_DATAEE_ReadByte                            text84       003594
_DATAEE_WriteByte                           text44       003AB2
_EEADR                                      (abs)        000FA9
_EECON1bits                                 (abs)        000FA6
_EECON2                                     (abs)        000FA7
_EEDATA                                     (abs)        000FA8
_EUSART_FlushBuffer                         text30       003948
_EUSART_Initialize                          text80       0038C4
_EUSART_Read                                text66       003974
_EUSART_Receive_ISR                         text120      003752
_EUSART_Transmit_ISR                        text119      00377A
_EUSART_Write                               text65       0039A2
_EndLine                                    text40       003516
_GIE                                        (abs)        007F97
_INTCONbits                                 (abs)        000FF2
_INTERRUPT_InterruptManager                 intcode      001008
_IOCCbits                                   (abs)        000F87
_IPR3bits                                   (abs)        000FA5
_LATAbits                                   (abs)        000F89
_LATBbits                                   (abs)        000F8A
_LATCbits                                   (abs)        000F8B
_LastRS232Out                               bssCOMRAM    000019
_MOTEapp_SetADR                             text43       0034DA
_MOTEapp_SetDataRate                        text42       0034E2
_MOTEapp_TimerBasedTask                     text48       003530
_MOTEapp_WriteDataRate                      text38       0054E0
_MOTEapp_getModemResponse                   text29       003CC0
_MOTEapp_handlerState                       text83       0034CA
_MOTEapp_setResponseReady                   text64       0034A2
_NextUSBOut                                 bssCOMRAM    00001A
_OSCCON                                     (abs)        000FD3
_OSCCON2                                    (abs)        000FD2
_OSCCON2bits                                (abs)        000FD2
_OSCILLATOR_Initialize                      text79       0035E6
_OSCTUNE                                    (abs)        000F9B
_OledFont0                                  mediumconst  007649
_PEIE                                       (abs)        007F96
_PIE1bits                                   (abs)        000F9D
_PIE2bits                                   (abs)        000FA0
_PIE3bits                                   (abs)        000FA3
_PIN_MANAGER_Initialize                     text78       003BE6
_PIR1bits                                   (abs)        000F9E
_PIR2bits                                   (abs)        000FA1
_PIR3bits                                   (abs)        000FA4
_PORTAbits                                  (abs)        000F80
_PORTCbits                                  (abs)        000F82
_PR2                                        (abs)        000FBB
_RCONbits                                   (abs)        000FD0
_RCREG                                      (abs)        000FAE
_RCSTA                                      (abs)        000FAB
_RCSTAbits                                  (abs)        000FAB
_RS232_Out_Data_Rdy                         bssCOMRAM    00001B
_RS232cp                                    bssCOMRAM    00001C
_RemoteWakeup                               bssCOMRAM    00001D
_SPBRG                                      (abs)        000FAF
_SPBRGH                                     (abs)        000FB0
_SPI_Exchange8bit                           text59       00354E
_SPI_Initialize                             text77       003522
_SSP1ADD                                    (abs)        000FC8
_SSP1CON1                                   (abs)        000FC6
_SSP1CON1bits                               (abs)        000FC6
_SSP1STAT                                   (abs)        000FC7
_SSP1STATbits                               (abs)        000FC7
_SSPBUF                                     (abs)        000FC9
_SYSTEM_Initialize                          text72       0036A6
_Set_Column_Address                         text57       00366A
_Set_Page_Address                           text56       0035A8
_SetupPkt                                   (abs)        000430
_T1CON                                      (abs)        000FCD
_T1CONbits                                  (abs)        000FCD
_T1GCON                                     (abs)        000FCC
_T2CON                                      (abs)        000FBA
_T2CONbits                                  (abs)        000FBA
_TMR1H                                      (abs)        000FCF
_TMR1L                                      (abs)        000FCE
_TMR1_ISR                                   text118      0034F2
_TMR1_Initialize                            text75       0038F0
_TMR1_StartTimer                            text76       0034A8
_TMR2                                       (abs)        000FBC
_TMR2_Initialize                            text73       00353E
_TMR2_ReadTimer                             text31       0034EA
_TMR2_StartTimer                            text74       0034AC
_TMRapp_ClearBitFlags                       text47       0034B4
_TMRapp_Handler                             text45       00531E
_TMRapp_Tick                                text117      0034BE
_TRISAbits                                  (abs)        000F92
_TRISBbits                                  (abs)        000F93
_TRISCbits                                  (abs)        000F94
_TXREG                                      (abs)        000FAD
_TXSTA                                      (abs)        000FAC
_TXSTAbits                                  (abs)        000FAC
_UADDR                                      (abs)        000F63
_UCFG                                       (abs)        000F62
_UCON                                       (abs)        000F60
_UCONbits                                   (abs)        000F60
_UEIE                                       (abs)        000F66
_UEIR                                       (abs)        000F67
_UEP0                                       (abs)        000F6A
_UEP0bits                                   (abs)        000F6A
_UEP1                                       (abs)        000F6B
_UIE                                        (abs)        000F64
_UIEbits                                    (abs)        000F64
_UIR                                        (abs)        000F65
_UIRbits                                    (abs)        000F65
_USART_mySetLineCodingHandler               text114      003DFA
_USBActiveConfiguration                     bssCOMRAM    00002C
_USBAlternateInterface                      bssBANK0     0000C6
_USBBusIsSuspended                          bssBANK0     000087
_USBCheckCDCRequest                         text108      004568
_USBCheckStdRequest                         text96       0048C8
_USBConfigureEndpoint                       text107      0045F0
_USBCtrlEPAllowDataStage                    text95       004678
_USBCtrlEPAllowStatusStage                  text111      004D7A
_USBCtrlEPService                           text92       004B5C
_USBCtrlEPServiceComplete                   text94       0053FC
_USBCtrlTrfInHandler                        text112      004EF8
_USBCtrlTrfOutHandler                       text109      003D56
_USBCtrlTrfRxService                        text110      005ACC
_USBCtrlTrfSetupHandler                     text93       003F54
_USBCtrlTrfTxService                        text113      004E36
_USBDeferINDataStagePackets                 bssBANK0     000088
_USBDeferOUTDataStagePackets                bssBANK0     000089
_USBDeferStatusStagePacket                  bssCOMRAM    00001E
_USBDeviceAttach                            text71       00391C
_USBDeviceInit                              text69       005098
_USBDeviceState                             bssBANK0     00008A
_USBDeviceTasks                             text87       0056C2
_USBEnableEndpoint                          text106      0039D6
_USBStallHandler                            text91       003B26
_USBStatusStageEnabledFlag1                 bssBANK0     00008B
_USBStatusStageEnabledFlag2                 bssBANK0     00008C
_USBStatusStageTimeoutCounter               bssCOMRAM    00001F
_USBStdFeatureReqHandler                    text101      005DC8
_USBStdGetDscHandler                        text100      0058C0
_USBStdGetStatusHandler                     text99       0043E4
_USBStdSetCfgHandler                        text97       004A06
_USBSuspend                                 text90       00364C
_USBTransferOnePacket                       text68       004966
_USBWakeFromSuspend                         text89       0036C6
_USB_Buffer                                 bssBANK1     000140
_USB_CD_Ptr                                 mediumconst  007647
_USB_SD_Ptr                                 mediumconst  007641
_USBapp_CdcEmulatorInitialize               text103      003A42
_USBapp_DeviceCdcEmulatorHandler            text60       004C0E
_USBapp_Handler                             text50       0042F6
_USBapp_getrxByteFlag                       text63       0034B0
_USBapp_handlerState                        text49       0034D2
_USBapp_setrxByteFlag                       text86       0034C4
_USER_USB_CALLBACK_EVENT_HANDLER            text102      003C2C
_USTAT                                      (abs)        000F61
_USTATcopy                                  bssCOMRAM    00002D
_VREFCON0                                   (abs)        000F7D
_WDTCONbits                                 (abs)        000FD1
__CFG_BOREN$SBORDIS                         (abs)        000000
__CFG_BORV$190                              (abs)        000000
__CFG_CCP2MX$RC1                            (abs)        000000
__CFG_CFGPLLEN$OFF                          (abs)        000000
__CFG_CP0$OFF                               (abs)        000000
__CFG_CP1$OFF                               (abs)        000000
__CFG_CP2$OFF                               (abs)        000000
__CFG_CP3$OFF                               (abs)        000000
__CFG_CPB$OFF                               (abs)        000000
__CFG_CPD$OFF                               (abs)        000000
__CFG_CPUDIV$NOCLKDIV                       (abs)        000000
__CFG_EBTR0$OFF                             (abs)        000000
__CFG_EBTR1$OFF                             (abs)        000000
__CFG_EBTR2$OFF                             (abs)        000000
__CFG_EBTR3$OFF                             (abs)        000000
__CFG_EBTRB$OFF                             (abs)        000000
__CFG_FCMEN$OFF                             (abs)        000000
__CFG_FOSC$INTOSCIO                         (abs)        000000
__CFG_ICPRT$OFF                             (abs)        000000
__CFG_IESO$OFF                              (abs)        000000
__CFG_LS48MHZ$SYS48X8                       (abs)        000000
__CFG_LVP$OFF                               (abs)        000000
__CFG_MCLRE$ON                              (abs)        000000
__CFG_PBADEN$OFF                            (abs)        000000
__CFG_PCLKEN$OFF                            (abs)        000000
__CFG_PLLSEL$PLL3X                          (abs)        000000
__CFG_SDOMX$RB3                             (abs)        000000
__CFG_STVREN$ON                             (abs)        000000
__CFG_T3CMX$RC0                             (abs)        000000
__CFG_WDTEN$SWON                            (abs)        000000
__CFG_WDTPS$32768                           (abs)        000000
__CFG_WRT0$OFF                              (abs)        000000
__CFG_WRT1$OFF                              (abs)        000000
__CFG_WRT2$OFF                              (abs)        000000
__CFG_WRT3$OFF                              (abs)        000000
__CFG_WRTB$OFF                              (abs)        000000
__CFG_WRTC$OFF                              (abs)        000000
__CFG_WRTD$OFF                              (abs)        000000
__CFG_XINST$OFF                             (abs)        000000
__CFG_nLPBOR$ON                             (abs)        000000
__CFG_nPWRTEN$OFF                           (abs)        000000
__HRAM                                      (abs)        000000
__Habs1                                     abs1         000000
__Hbank0                                    bank0        000000
__Hbank1                                    bank1        000000
__Hbank2                                    bank2        000000
__Hbank3                                    bank3        000000
__Hbank4                                    bank4        000000
__Hbank5                                    bank5        000000
__Hbank6                                    bank6        000000
__Hbank7                                    bank7        000000
__Hbigbss                                   bigbss       000000
__Hbigdata                                  bigdata      000000
__Hbigram                                   bigram       000000
__Hbss                                      bss          000000
__HbssBANK0                                 bssBANK0     000000
__HbssBANK1                                 bssBANK1     000000
__HbssBANK2                                 bssBANK2     000000
__HbssCOMRAM                                bssCOMRAM    000000
__Hcinit                                    cinit        000000
__Hclrtext                                  clrtext      000000
__Hcomram                                   comram       000000
__Hconfig                                   config       30000E
__Hconst                                    const        000000
__HcstackBANK0                              cstackBANK0  000000
__HcstackBANK1                              cstackBANK1  000000
__HcstackCOMRAM                             cstackCOMRAM 000000
__Hdata                                     data         000000
__HdataBANK0                                dataBANK0    000000
__Heeprom_data                              eeprom_data  000000
__Hend_init                                 end_init     0010AE
__Hfarbss                                   farbss       000000
__Hfardata                                  fardata      000000
__Hibigdata                                 ibigdata     000000
__Hidata                                    idata        000000
__HidataBANK0                               idataBANK0   000000
__Hidloc                                    idloc        200008
__Hifardata                                 ifardata     000000
__Hinit                                     init         0010AA
__Hintcode                                  intcode      0010AA
__Hintcode_body                             intcode_body 000000
__Hintcodelo                                intcodelo    0010AA
__Hintentry                                 intentry     000000
__Hintret                                   intret       000000
__Hintsave_regs                             intsave_regs 000000
__Hirdata                                   irdata       000000
__Hmediumconst                              mediumconst  008000
__HnvFARRAM                                 nvFARRAM     000000
__Hnvbit                                    nvbit        000000
__Hnvrram                                   nvrram       000000
__Hparam                                    rparam       000000
__Hpowerup                                  powerup      0010AA
__Hram                                      ram          000000
__Hramtop                                   ramtop       000800
__Hrbit                                     rbit         000000
__Hrbss                                     rbss         000000
__Hrdata                                    rdata        000000
__Hreset_vec                                reset_vec    001006
__Hrparam                                   rparam       000000
__Hsfr                                      sfr          000000
__Hsmallconst                               smallconst   000000
__Hspace_0                                  (abs)        30000E
__Hspace_1                                  (abs)        000240
__Hspace_2                                  (abs)        000000
__Hstack                                    stack        000000
__Hstruct                                   struct       000000
__Htemp                                     temp         00005C
__Htext                                     text         000000
__Htext0                                    text0        000000
__Htext1                                    text1        000000
__Htext10                                   text10       000000
__Htext100                                  text100      000000
__Htext101                                  text101      000000
__Htext102                                  text102      000000
__Htext103                                  text103      000000
__Htext104                                  text104      000000
__Htext105                                  text105      000000
__Htext106                                  text106      000000
__Htext107                                  text107      000000
__Htext108                                  text108      000000
__Htext109                                  text109      000000
__Htext11                                   text11       000000
__Htext110                                  text110      000000
__Htext111                                  text111      000000
__Htext112                                  text112      000000
__Htext113                                  text113      000000
__Htext114                                  text114      000000
__Htext115                                  text115      000000
__Htext116                                  text116      000000
__Htext117                                  text117      000000
__Htext118                                  text118      000000
__Htext119                                  text119      000000
__Htext12                                   text12       000000
__Htext120                                  text120      000000
__Htext121                                  text121      000000
__Htext122                                  text122      000000
__Htext13                                   text13       000000
__Htext14                                   text14       000000
__Htext15                                   text15       000000
__Htext16                                   text16       000000
__Htext17                                   text17       000000
__Htext18                                   text18       000000
__Htext19                                   text19       000000
__Htext2                                    text2        000000
__Htext20                                   text20       000000
__Htext21                                   text21       000000
__Htext22                                   text22       000000
__Htext23                                   text23       000000
__Htext24                                   text24       000000
__Htext25                                   text25       000000
__Htext26                                   text26       000000
__Htext27                                   text27       000000
__Htext28                                   text28       000000
__Htext29                                   text29       000000
__Htext3                                    text3        000000
__Htext30                                   text30       000000
__Htext31                                   text31       000000
__Htext32                                   text32       000000
__Htext33                                   text33       000000
__Htext34                                   text34       000000
__Htext35                                   text35       000000
__Htext36                                   text36       000000
__Htext37                                   text37       000000
__Htext38                                   text38       000000
__Htext39                                   text39       000000
__Htext4                                    text4        000000
__Htext40                                   text40       000000
__Htext41                                   text41       000000
__Htext42                                   text42       000000
__Htext43                                   text43       000000
__Htext44                                   text44       000000
__Htext45                                   text45       000000
__Htext46                                   text46       000000
__Htext47                                   text47       000000
__Htext48                                   text48       000000
__Htext49                                   text49       000000
__Htext5                                    text5        000000
__Htext50                                   text50       000000
__Htext51                                   text51       000000
__Htext52                                   text52       000000
__Htext53                                   text53       000000
__Htext54                                   text54       000000
__Htext55                                   text55       000000
__Htext56                                   text56       000000
__Htext57                                   text57       000000
__Htext58                                   text58       000000
__Htext59                                   text59       000000
__Htext6                                    text6        000000
__Htext60                                   text60       000000
__Htext61                                   text61       000000
__Htext62                                   text62       000000
__Htext63                                   text63       000000
__Htext64                                   text64       000000
__Htext65                                   text65       000000
__Htext66                                   text66       000000
__Htext67                                   text67       000000
__Htext68                                   text68       000000
__Htext69                                   text69       000000
__Htext7                                    text7        000000
__Htext70                                   text70       000000
__Htext71                                   text71       000000
__Htext72                                   text72       000000
__Htext73                                   text73       000000
__Htext74                                   text74       000000
__Htext75                                   text75       000000
__Htext76                                   text76       000000
__Htext77                                   text77       000000
__Htext78                                   text78       000000
__Htext79                                   text79       000000
__Htext8                                    text8        000000
__Htext80                                   text80       000000
__Htext81                                   text81       000000
__Htext82                                   text82       000000
__Htext83                                   text83       000000
__Htext84                                   text84       000000
__Htext86                                   text86       000000
__Htext87                                   text87       000000
__Htext88                                   text88       000000
__Htext89                                   text89       000000
__Htext9                                    text9        000000
__Htext90                                   text90       000000
__Htext91                                   text91       000000
__Htext92                                   text92       000000
__Htext93                                   text93       000000
__Htext94                                   text94       000000
__Htext95                                   text95       000000
__Htext96                                   text96       000000
__Htext97                                   text97       000000
__Htext98                                   text98       000000
__Htext99                                   text99       000000
__LRAM                                      (abs)        000001
__Labs1                                     abs1         000000
__Lbank0                                    bank0        000000
__Lbank1                                    bank1        000000
__Lbank2                                    bank2        000000
__Lbank3                                    bank3        000000
__Lbank4                                    bank4        000000
__Lbank5                                    bank5        000000
__Lbank6                                    bank6        000000
__Lbank7                                    bank7        000000
__Lbigbss                                   bigbss       000000
__Lbigdata                                  bigdata      000000
__Lbigram                                   bigram       000000
__Lbss                                      bss          000000
__LbssBANK0                                 bssBANK0     000000
__LbssBANK1                                 bssBANK1     000000
__LbssBANK2                                 bssBANK2     000000
__LbssCOMRAM                                bssCOMRAM    000000
__Lcinit                                    cinit        000000
__Lclrtext                                  clrtext      000000
__Lcomram                                   comram       000000
__Lconfig                                   config       300000
__Lconst                                    const        000000
__LcstackBANK0                              cstackBANK0  000000
__LcstackBANK1                              cstackBANK1  000000
__LcstackCOMRAM                             cstackCOMRAM 000000
__Ldata                                     data         000000
__LdataBANK0                                dataBANK0    000000
__Leeprom_data                              eeprom_data  000000
__Lend_init                                 end_init     0010AA
__Lfarbss                                   farbss       000000
__Lfardata                                  fardata      000000
__Libigdata                                 ibigdata     000000
__Lidata                                    idata        000000
__LidataBANK0                               idataBANK0   000000
__Lidloc                                    idloc        200000
__Lifardata                                 ifardata     000000
__Linit                                     init         0010AA
__Lintcode                                  intcode      001008
__Lintcode_body                             intcode_body 000000
__Lintcodelo                                intcodelo    0010AA
__Lintentry                                 intentry     000000
__Lintret                                   intret       000000
__Lintsave_regs                             intsave_regs 000000
__Lirdata                                   irdata       000000
__Lmediumconst                              mediumconst  007640
__LnvFARRAM                                 nvFARRAM     000000
__Lnvbit                                    nvbit        000000
__Lnvrram                                   nvrram       000000
__Lparam                                    rparam       000000
__Lpowerup                                  powerup      0010AA
__Lram                                      ram          000000
__Lramtop                                   ramtop       000800
__Lrbit                                     rbit         000000
__Lrbss                                     rbss         000000
__Lrdata                                    rdata        000000
__Lreset_vec                                reset_vec    001000
__Lrparam                                   rparam       000000
__Lsfr                                      sfr          000000
__Lsmallconst                               smallconst   000000
__Lspace_0                                  (abs)        000000
__Lspace_1                                  (abs)        000000
__Lspace_2                                  (abs)        000000
__Lstack                                    stack        000000
__Lstruct                                   struct       000000
__Ltemp                                     temp         00005B
__Ltext                                     text         000000
__Ltext0                                    text0        000000
__Ltext1                                    text1        000000
__Ltext10                                   text10       000000
__Ltext100                                  text100      000000
__Ltext101                                  text101      000000
__Ltext102                                  text102      000000
__Ltext103                                  text103      000000
__Ltext104                                  text104      000000
__Ltext105                                  text105      000000
__Ltext106                                  text106      000000
__Ltext107                                  text107      000000
__Ltext108                                  text108      000000
__Ltext109                                  text109      000000
__Ltext11                                   text11       000000
__Ltext110                                  text110      000000
__Ltext111                                  text111      000000
__Ltext112                                  text112      000000
__Ltext113                                  text113      000000
__Ltext114                                  text114      000000
__Ltext115                                  text115      000000
__Ltext116                                  text116      000000
__Ltext117                                  text117      000000
__Ltext118                                  text118      000000
__Ltext119                                  text119      000000
__Ltext12                                   text12       000000
__Ltext120                                  text120      000000
__Ltext121                                  text121      000000
__Ltext122                                  text122      000000
__Ltext13                                   text13       000000
__Ltext14                                   text14       000000
__Ltext15                                   text15       000000
__Ltext16                                   text16       000000
__Ltext17                                   text17       000000
__Ltext18                                   text18       000000
__Ltext19                                   text19       000000
__Ltext2                                    text2        000000
__Ltext20                                   text20       000000
__Ltext21                                   text21       000000
__Ltext22                                   text22       000000
__Ltext23                                   text23       000000
[...]


 *************** function _USBCtrlTrfTxService *****************
 Defined at:
		line 1437 in file "../Includes/Usb/Framework/usb_device.c"
 Parameters:    Size  Location     Type
		None
 Auto vars:     Size  Location     Type
  byteToSend      1    0[COMRAM] unsigned char 
 Return value:  Size  Location     Type
		None               void
 Registers used:
		wreg, fsr1l, fsr1h, fsr2l, fsr2h, status,2, status,0, tblptrl, tblptrh, tblptru
 Tracked objects:
		On entry : 
		On exit  : 
		Unchanged: 
 Data sizes:     COMRAM   BANK0   BANK1   BANK2   BANK3   BANK4   BANK5   BANK6   BANK7
      Params:         0       0       0       0       0       0       0       0       0
      Locals:         1       0       0       0       0       0       0       0       0
      Temps:          0       0       0       0       0       0       0       0       0
      Totals:         1       0       0       0       0       0       0       0       0
Total ram usage:        1 bytes
 Hardware stack levels used:    1
 This function calls:
		Nothing
 This function is called by:
		_USBCtrlEPAllowDataStage
		_USBCtrlTrfInHandler
 This function uses a non-reentrant model


 *************** function _USART_mySetLineCodingHandler *****************
 Defined at:
		line 236 in file "../Includes/Board/USBapp.c"
 Parameters:    Size  Location     Type
		None
 Auto vars:     Size  Location     Type
  dwBaud          4   13[COMRAM] unsigned long 
 Return value:  Size  Location     Type
		None               void
 Registers used:
		wreg, status,2, status,0, cstack
 Tracked objects:
		On entry : 
		On exit  : 
		Unchanged: 
 Data sizes:     COMRAM   BANK0   BANK1   BANK2   BANK3   BANK4   BANK5   BANK6   BANK7
      Params:         0       0       0       0       0       0       0       0       0
      Locals:         4       0       0       0       0       0       0       0       0
      Temps:          0       0       0       0       0       0       0       0       0
      Totals:         4       0       0       0       0       0       0       0       0
Total ram usage:        4 bytes
 Hardware stack levels used:    1
 Hardware stack levels required when called:    1
 This function calls:
		___lldiv
		i2_EUSART_Initialize
 This function is called by:
		_USBCheckCDCRequest
		_USBCtrlTrfRxService
		_USBCtrlTrfInHandler
 This function uses a non-reentrant model


 *************** function i2_EUSART_Initialize *****************
 Defined at:
		line 77 in file "../Includes/MccGenerated/eusart.c"
 Parameters:    Size  Location     Type
		None
 Auto vars:     Size  Location     Type
		None
 Return value:  Size  Location     Type
		None               void
 Registers used:
		wreg, status,2
 Tracked objects:
		On entry : 
		On exit  : 
		Unchanged: 
 Data sizes:     COMRAM   BANK0   BANK1   BANK2   BANK3   BANK4   BANK5   BANK6   BANK7
      Params:         0       0       0       0       0       0       0       0       0
      Locals:         0       0       0       0       0       0       0       0       0
      Temps:          0       0       0       0       0       0       0       0       0
      Totals:         0       0       0       0       0       0       0       0       0
Total ram usage:        0 bytes
 Hardware stack levels used:    1
 This function calls:
		Nothing
 This function is called by:
		_USBapp_CdcEmulatorInitialize
		_USART_mySetLineCodingHandler
 This function uses a non-reentrant model


 *************** function ___lldiv *****************
 Defined at:
		line 8 in file "C:\Program Files (x86)\Microchip\xc8\v1.35\sources\common\lldiv.c"
 Parameters:    Size  Location     Type
  dividend        4    0[COMRAM] unsigned long 
  divisor         4    4[COMRAM] unsigned long 
 Auto vars:     Size  Location     Type
  quotient        4    8[COMRAM] unsigned long 
  counter         1   12[COMRAM] unsigned char 
 Return value:  Size  Location     Type
                  4    0[COMRAM] unsigned long 
 Registers used:
		wreg, status,2, status,0
 Tracked objects:
		On entry : 
		On exit  : 
		Unchanged: 
 Data sizes:     COMRAM   BANK0   BANK1   BANK2   BANK3   BANK4   BANK5   BANK6   BANK7
      Params:         8       0       0       0       0       0       0       0       0
      Locals:         5       0       0       0       0       0       0       0       0
      Temps:          0       0       0       0       0       0       0       0       0
      Totals:        13       0       0       0       0       0       0       0       0
Total ram usage:       13 bytes
 Hardware stack levels used:    1
 This function calls:
		Nothing
 This function is called by:
		_USART_mySetLineCodingHandler
 This function uses a non-reentrant model


 *************** function _TMRapp_Tick *****************
 Defined at:
		line 10 in file "../Includes/Drivers/TMRapp.c"
 Parameters:    Size  Location     Type
		None
 Auto vars:     Size  Location     Type
		None
 Return value:  Size  Location     Type
		None               void
 Registers used:
		None
 Tracked objects:
		On entry : 
		On exit  : 
		Unchanged: 
 Data sizes:     COMRAM   BANK0   BANK1   BANK2   BANK3   BANK4   BANK5   BANK6   BANK7
      Params:         0       0       0       0       0       0       0       0       0
      Locals:         0       0       0       0       0       0       0       0       0
      Temps:          0       0       0       0       0       0       0       0       0
      Totals:         0       0       0       0       0       0       0       0       0
Total ram usage:        0 bytes
 Hardware stack levels used:    1
 This function calls:
		Nothing
 This function is called by:
		_INTERRUPT_InterruptManager
 This function uses a non-reentrant model


 *************** function _TMR1_ISR *****************
 Defined at:
		line 152 in file "../Includes/MccGenerated/tmr1.c"
 Parameters:    Size  Location     Type
		None
 Auto vars:     Size  Location     Type
		None
 Return value:  Size  Location     Type
		None               void
 Registers used:
		None
 Tracked objects:
		On entry : 
		On exit  : 
		Unchanged: 
 Data sizes:     COMRAM   BANK0   BANK1   BANK2   BANK3   BANK4   BANK5   BANK6   BANK7
      Params:         0       0       0       0       0       0       0       0       0
      Locals:         0       0       0       0       0       0       0       0       0
      Temps:          0       0       0       0       0       0       0       0       0
      Totals:         0       0       0       0       0       0       0       0       0
Total ram usage:        0 bytes
 Hardware stack levels used:    1
 This function calls:
		Nothing
 This function is called by:
		_INTERRUPT_InterruptManager
 This function uses a non-reentrant model


 *************** function _EUSART_Transmit_ISR *****************
 Defined at:
		line 162 in file "../Includes/MccGenerated/eusart.c"
 Parameters:    Size  Location     Type
		None
 Auto vars:     Size  Location     Type
		None
 Return value:  Size  Location     Type
		None               void
 Registers used:
		wreg, fsr2l, fsr2h, status,2, status,0
 Tracked objects:
		On entry : 
		On exit  : 
		Unchanged: 
 Data sizes:     COMRAM   BANK0   BANK1   BANK2   BANK3   BANK4   BANK5   BANK6   BANK7
      Params:         0       0       0       0       0       0       0       0       0
      Locals:         0       0       0       0       0       0       0       0       0
      Temps:          0       0       0       0       0       0       0       0       0
      Totals:         0       0       0       0       0       0       0       0       0
Total ram usage:        0 bytes
 Hardware stack levels used:    1
 This function calls:
		Nothing
 This function is called by:
		_INTERRUPT_InterruptManager
 This function uses a non-reentrant model


 *************** function _EUSART_Receive_ISR *****************
 Defined at:
		line 181 in file "../Includes/MccGenerated/eusart.c"
 Parameters:    Size  Location     Type
		None
 Auto vars:     Size  Location     Type
		None
 Return value:  Size  Location     Type
		None               void
 Registers used:
		wreg, fsr2l, fsr2h, status,2, status,0
 Tracked objects:
		On entry : 
		On exit  : 
		Unchanged: 
 Data sizes:     COMRAM   BANK0   BANK1   BANK2   BANK3   BANK4   BANK5   BANK6   BANK7
      Params:         0       0       0       0       0       0       0       0       0
      Locals:         0       0       0       0       0       0       0       0       0
      Temps:          0       0       0       0       0       0       0       0       0
      Totals:         0       0       0       0       0       0       0       0       0
Total ram usage:        0 bytes
 Hardware stack levels used:    1
 This function calls:
		Nothing
 This function is called by:
		_INTERRUPT_InterruptManager
 This function uses a non-reentrant model


 *************** function _CMP1_ISR *****************
 Defined at:
		line 95 in file "../Includes/MccGenerated/cmp1.c"
 Parameters:    Size  Location     Type
		None
 Auto vars:     Size  Location     Type
		None
 Return value:  Size  Location     Type
		None               void
 Registers used:
		None
 Tracked objects:
		On entry : 
		On exit  : 
		Unchanged: 
 Data sizes:     COMRAM   BANK0   BANK1   BANK2   BANK3   BANK4   BANK5   BANK6   BANK7
      Params:         0       0       0       0       0       0       0       0       0
      Locals:         0       0       0       0       0       0       0       0       0
      Temps:          0       0       0       0       0       0       0       0       0
      Totals:         0       0       0       0       0       0       0       0       0
Total ram usage:        0 bytes
 Hardware stack levels used:    1
 This function calls:
		Nothing
 This function is called by:
		_INTERRUPT_InterruptManager
 This function uses a non-reentrant model



MODULE INFORMATION

Module		Function		Class		Link	Load	Size
../Includes/MccGenerated/cmp1.c
		_CMP1_ISR      		CODE           	34A4	0000	5
		_CMP1_Initialize		CODE           	355E	0000	19

../Includes/MccGenerated/cmp1.c estimated size: 24

../Includes/MccGenerated/pin_manager.c
		_PIN_MANAGER_Initialize		CODE           	3BE6	0000	71

../Includes/MccGenerated/pin_manager.c estimated size: 71

../Includes/Usb/Framework/usb_device.c
		_USBCtrlTrfInHandler		CODE           	4EF8	0000	207
		_USBTransferOnePacket		CODE           	4966	0000	161
		_USBDeviceAttach		CODE           	391C	0000	45
		_USBStdGetDscHandler		CODE           	58C0	0000	259
		_USBCtrlEPAllowDataStage		CODE           	4678	0000	143
		_USBStdFeatureReqHandler		CODE           	5DC8	0000	501
		_USBCtrlEPAllowStatusStage		CODE           	4D7A	0000	189
		_USBCtrlTrfSetupHandler		CODE           	3F54	0000	95
		_USBCtrlTrfOutHandler		CODE           	3D56	0000	83
		_USBCtrlEPServiceComplete		CODE           	53FC	0000	229
		_USBSuspend    		CODE           	364C	0000	31
		_USBStdSetCfgHandler		CODE           	4A06	0000	169
		_USBStdGetStatusHandler		CODE           	43E4	0000	127
		_USBWakeFromSuspend		CODE           	36C6	0000	35
		_USBCtrlTrfRxService		CODE           	5ACC	0000	285
		_USBCtrlTrfTxService		CODE           	4E36	0000	195
		_USBEnableEndpoint		CODE           	39D6	0000	55
		_USBConfigureEndpoint		CODE           	45F0	0000	137
		_USBDeviceInit 		CODE           	5098	0000	215
		_USBCtrlEPService		CODE           	4B5C	0000	179
		_USBStallHandler		CODE           	3B26	0000	63
		_USBDeviceTasks		CODE           	56C2	0000	255
		_USBCheckStdRequest		CODE           	48C8	0000	159

../Includes/Usb/Framework/usb_device.c estimated size: 3817

C:\Program Files (x86)\Microchip\xc8\v1.35\sources\common\lbdiv.c
		___lbdiv       		CODE           	3A0C	0000	55

C:\Program Files (x86)\Microchip\xc8\v1.35\sources\common\lbdiv.c estimated size: 55

../Includes/Drivers/buttons.c
		_service_pushbutton		CODE           	3D0A	0000	77

../Includes/Drivers/buttons.c estimated size: 77

../Includes/MccGenerated/interrupt_manager.c
		_INTERRUPT_InterruptManager		CODE           	1008	0000	163

../Includes/MccGenerated/interrupt_manager.c estimated size: 163

C:\Program Files (x86)\Microchip\xc8\v1.35\sources\common\strcmp.c
		_strcmp        		CODE           	44E4	0000	133

C:\Program Files (x86)\Microchip\xc8\v1.35\sources\common\strcmp.c estimated size: 133

../Includes/Board/USBapp.c
		_USBapp_DeviceCdcEmulatorHandler		CODE           	4C0E	0000	183
		_USBapp_handlerState		CODE           	34D2	0000	9
		_USART_mySetLineCodingHandler		CODE           	3DFA	0000	85
		_USER_USB_CALLBACK_EVENT_HANDLER		CODE           	3C2C	0000	75
		_USBapp_getrxByteFlag		CODE           	34B0	0000	5
		_USBapp_setrxByteFlag		CODE           	34C4	0000	7
		_USBapp_Handler		CODE           	42F6	0000	119
		_USBapp_CdcEmulatorInitialize		CODE           	3A42	0000	57

../Includes/Board/USBapp.c estimated size: 540

C:\Program Files (x86)\Microchip\xc8\v1.35\sources\common\memset.c
		_memset        		CODE           	3844	0000	43

C:\Program Files (x86)\Microchip\xc8\v1.35\sources\common\memset.c estimated size: 43

../Includes/MccGenerated/memory.c
		_DATAEE_WriteByte		CODE           	3AB2	0000	59
		_DATAEE_ReadByte		CODE           	3594	0000	21

../Includes/MccGenerated/memory.c estimated size: 80

../Includes/Drivers/SSD1306oLED.c
		_oled_displayOff		CODE           	3570	0000	19
		_oled_putUint16		CODE           	55CE	0000	245
		_Set_Column_Address		CODE           	366A	0000	31
		_oled_putString		CODE           	40D4	0000	103
		_oled_clear    		CODE           	35FC	0000	25
		_oled_clearRow 		CODE           	3688	0000	31
		_oled_writeCommand		CODE           	34FE	0000	13
		_Set_Page_Address		CODE           	35A8	0000	21
		_oled_writeData		CODE           	350A	0000	13
		_oled_setDisplay		CODE           	35BC	0000	21
		_oled_init     		CODE           	370A	0000	35
		_oled_devInit  		CODE           	5246	0000	217
		_oled_putChar  		CODE           	4280	0000	119
		_oled_setFont  		CODE           	3582	0000	19
		_oled_putUint8 		CODE           	3EFA	0000	91

../Includes/Drivers/SSD1306oLED.c estimated size: 1003

C:\Program Files (x86)\Microchip\xc8\v1.35\sources\common\lwmod.c
		___lwmod       		CODE           	3B64	0000	63

C:\Program Files (x86)\Microchip\xc8\v1.35\sources\common\lwmod.c estimated size: 63

../Includes/Board/MOTEapp.c
		_moteApp_add16bToDataBuffer		CODE           	59C2	0000	267
		_modemResync   		CODE           	4070	0000	101
		_moteRunningProcess		CODE           	64CC	0000	4469
		_MOTEapp_setResponseReady		CODE           	34A2	0000	3
		_hexToStr      		CODE           	372C	0000	39
		_MOTEapp_getModemResponse		CODE           	3CC0	0000	75
		_moteApp_clearBuffers		CODE           	3BA2	0000	69
		_sendDataCommand		CODE           	4796	0000	149
		_modemSleep    		CODE           	3630	0000	29
		_moteJoiningProcess		CODE           	5FBC	0000	1297
		_MOTEapp_SetDataRate		CODE           	34E2	0000	9
		_MOTEapp_TimerBasedTask		CODE           	3530	0000	15
		_moteApp_GoToSleep		CODE           	4462	0000	131
		_EndLine       		CODE           	3516	0000	13
		_MOTEapp_handlerState		CODE           	34CA	0000	9
		_unhex         		CODE           	37F2	0000	41
		_sendCommand   		CODE           	386E	0000	43
		_MOTEapp_SetADR		CODE           	34DA	0000	9
		_moteApp_toggleLeds		CODE           	41A2	0000	105
		_moteApp_delayms		CODE           	37A2	0000	41
		_moteApp_add8bToDataBuffer		CODE           	4010	0000	97
		_moteHandler   		CODE           	5BE8	0000	481
		_MOTEapp_WriteDataRate		CODE           	54E0	0000	239

../Includes/Board/MOTEapp.c estimated size: 7731

../Includes/MccGenerated/tmr1.c
		_TMR1_Initialize		CODE           	38F0	0000	45
		_TMR1_StartTimer		CODE           	34A8	0000	5
		_TMR1_ISR      		CODE           	34F2	0000	13

../Includes/MccGenerated/tmr1.c estimated size: 63

../Includes/MccGenerated/adc.c
		_ADC_TempConversion		CODE           	36E8	0000	35
		_ADC_Initialize		CODE           	35D0	0000	23
		_ADC_GetConversion		CODE           	3AEC	0000	59

../Includes/MccGenerated/adc.c estimated size: 117

shared
		_configDescriptor1		MEDIUMCONST    	7949	0000	68
		_USB_CD_Ptr    		MEDIUMCONST    	7647	0000	3
		_sd001         		MEDIUMCONST    	798C	0000	53
		_OledFont0     		MEDIUMCONST    	7649	0000	769
		_sd002         		MEDIUMCONST    	79C0	0000	53
		i2_EUSART_Initialize		CODE           	3898	0000	45
		i2_USBDeviceInit		CODE           	516E	0000	217
		__initialization		CODE           	3FB2	0000	81
		_device_dsc    		MEDIUMCONST    	79F4	0000	19
		_USB_SD_Ptr    		MEDIUMCONST    	7641	0000	7
		i2_memset      		CODE           	381A	0000	43
		_sd000         		MEDIUMCONST    	7A06	0000	5
		i2_USBTransferOnePacket		CODE           	482A	0000	159

shared estimated size: 1522

../Includes/MccGenerated/eusart.c
		_EUSART_Read   		CODE           	3974	0000	47
		_EUSART_Write  		CODE           	39A2	0000	53
		_EUSART_Transmit_ISR		CODE           	377A	0000	41
		_EUSART_Initialize		CODE           	38C4	0000	45
		_EUSART_Receive_ISR		CODE           	3752	0000	41
		_EUSART_FlushBuffer		CODE           	3948	0000	45

../Includes/MccGenerated/eusart.c estimated size: 272

../Includes/MccGenerated/spi.c
		_SPI_Exchange8bit		CODE           	354E	0000	17
		_SPI_Initialize		CODE           	3522	0000	15

../Includes/MccGenerated/spi.c estimated size: 32

C:\Program Files (x86)\Microchip\xc8\v1.35\sources\common\strncmp.c
		_strncmp       		CODE           	413A	0000	105

C:\Program Files (x86)\Microchip\xc8\v1.35\sources\common\strncmp.c estimated size: 105

../Includes/Drivers/TMRapp.c
		_TMRapp_ClearBitFlags		CODE           	34B4	0000	5
		_TMRapp_Tick   		CODE           	34BE	0000	7
		_TMRapp_Handler		CODE           	531E	0000	223

../Includes/Drivers/TMRapp.c estimated size: 235

C:\Program Files (x86)\Microchip\xc8\v1.35\sources\common\lwdiv.c
		___lwdiv       		CODE           	3C76	0000	75

C:\Program Files (x86)\Microchip\xc8\v1.35\sources\common\lwdiv.c estimated size: 75

../Includes/MccGenerated/mcc.c
		_OSCILLATOR_Initialize		CODE           	35E6	0000	23
		_SYSTEM_Initialize		CODE           	36A6	0000	33

../Includes/MccGenerated/mcc.c estimated size: 56

C:\Program Files (x86)\Microchip\xc8\v1.35\sources\common\lbmod.c
		___lbmod       		CODE           	37CA	0000	41

C:\Program Files (x86)\Microchip\xc8\v1.35\sources\common\lbmod.c estimated size: 41

C:\Program Files (x86)\Microchip\xc8\v1.35\sources\common\lldiv.c
		___lldiv       		CODE           	420A	0000	119

C:\Program Files (x86)\Microchip\xc8\v1.35\sources\common\lldiv.c estimated size: 119

main.c
		_main          		CODE           	4FC6	0000	211

main.c estimated size: 211

../Includes/Usb/Framework/usb_device_cdc.c
		_CDCTxService  		CODE           	57C0	0000	257
		_CDCInitEP     		CODE           	3DA8	0000	83
		_putUSBUSART   		CODE           	3614	0000	29
		_getsUSBUSART  		CODE           	4706	0000	145
		_USBCheckCDCRequest		CODE           	4568	0000	137

../Includes/Usb/Framework/usb_device_cdc.c estimated size: 651

../Includes/Board/poweruptest.c
		_test_comms    		CODE           	3EA2	0000	89
		_test_switch   		CODE           	4AAE	0000	175
		_test_oled     		CODE           	436C	0000	121
		_test_leds     		CODE           	3E4E	0000	85
		_test_powerup  		CODE           	3A7A	0000	57
		_test_adc      		CODE           	4CC4	0000	183

../Includes/Board/poweruptest.c estimated size: 710

../Includes/MccGenerated/tmr2.c
		_TMR2_Initialize		CODE           	353E	0000	17
		_TMR2_StartTimer		CODE           	34AC	0000	5
		_TMR2_ReadTimer		CODE           	34EA	0000	9

../Includes/MccGenerated/tmr2.c estimated size: 31

